 Lesson105_DEBUG

 Timestamp is 62790dad (Mon May  9 15:48:45 2022)

 Preferred load address is 00400000

 Start         Length     Name                   Class
 0001:00000000 00009fe0H .text$di                CODE
 0001:00009fe0 000af150H .text$mn                CODE
 0001:000b9130 000019c0H .text$x                 CODE
 0001:000baaf0 00001012H .text$yd                CODE
 0002:00000000 00000104H .CRT$XCA                DATA
 0002:00000104 00000104H .CRT$XCAA               DATA
 0002:00000208 0000011cH .CRT$XCU                DATA
 0002:00000324 00000104H .CRT$XCZ                DATA
 0002:00000428 00000104H .CRT$XIA                DATA
 0002:0000052c 00000104H .CRT$XIAA               DATA
 0002:00000630 00000104H .CRT$XIAC               DATA
 0002:00000734 00000114H .CRT$XIC                DATA
 0002:00000848 00000104H .CRT$XIZ                DATA
 0002:0000094c 00000004H .CRT$XLA                DATA
 0002:00000950 00000004H .CRT$XLZ                DATA
 0002:00000954 00000104H .CRT$XPA                DATA
 0002:00000a58 0000010cH .CRT$XPX                DATA
 0002:00000b64 00000104H .CRT$XPXA               DATA
 0002:00000c68 00000104H .CRT$XPZ                DATA
 0002:00000d6c 00000104H .CRT$XTA                DATA
 0002:00000e70 00000110H .CRT$XTZ                DATA
 0002:00000f80 000272ecH .rdata                  DATA
 0002:0002826c 0000011cH .rdata$T                DATA
 0002:00028388 000008b8H .rdata$r                DATA
 0002:00028c40 000001e8H .rdata$sxdata           DATA
 0002:00028e28 000001d0H .rdata$zzzdbg           DATA
 0002:00028ff8 00000104H .rtc$IAA                DATA
 0002:000290fc 00000104H .rtc$IZZ                DATA
 0002:00029200 00000104H .rtc$TAA                DATA
 0002:00029304 00000104H .rtc$TZZ                DATA
 0002:00029408 0000186dH .xdata$x                DATA
 0002:0002ac75 00000000H .edata                  DATA
 0003:00000000 0000b400H .data                   DATA
 0003:0000b400 000003f8H .data$r                 DATA
 0003:0000b7f8 00001974H .bss                    DATA
 0004:00000000 000003f8H .idata$5                DATA
 0004:000003f8 0000008cH .idata$2                DATA
 0004:00000484 00000014H .idata$3                DATA
 0004:00000498 000003f8H .idata$4                DATA
 0004:00000890 00000d10H .idata$6                DATA
 0005:00000000 00000104H .tls                    DATA
 0005:00000104 00000104H .tls$                   DATA
 0005:00000208 00000101H .tls$ZZZ                DATA
 0006:00000000 00000104H .00cfg                  DATA
 0007:00000000 00000170H .rsrc$01                DATA
 0007:00000170 000002ccH .rsrc$02                DATA

  Address         Publics by Value              Rva+Base       Lib:Object

 0000:00000000       ___guard_iat_count         00000000     <absolute>
 0000:00000000       ___volatile_metadata       00000000     <absolute>
 0000:00000000       __except_list              00000000     <absolute>
 0000:00000000       ___hybrid_code_map_count   00000000     <absolute>
 0000:00000000       ___enclave_config          00000000     <absolute>
 0000:00000000       ___guard_longjmp_table     00000000     <absolute>
 0000:00000000       ___dynamic_value_reloc_table 00000000     <absolute>
 0000:00000000       ___guard_longjmp_count     00000000     <absolute>
 0000:00000000       ___hybrid_code_map         00000000     <absolute>
 0000:00000000       ___hybrid_auxiliary_iat    00000000     <absolute>
 0000:00000000       ___guard_fids_table        00000000     <absolute>
 0000:00000000       ___guard_fids_count        00000000     <absolute>
 0000:00000000       ___guard_iat_table         00000000     <absolute>
 0000:0000002c       __tls_array                0000002c     <absolute>
 0000:00000030       ___safe_se_handler_count   00000030     <absolute>
 0000:00000100       ___guard_flags             00000100     <absolute>
 0000:00000000       ___ImageBase               00400000     <linker-defined>
 0001:00009fe0       ?SetupGLMatrix@@YAXABVNxVec3@@ABVNxMat33@@@Z 0040afe0 f   DrawObjects.obj
 0001:0000a090       ?DrawLine@@YAXABVNxVec3@@00M@Z 0040b090 f   DrawObjects.obj
 0001:0000a1a0       ?DrawTriangle@@YAXABVNxVec3@@000@Z 0040b1a0 f   DrawObjects.obj
 0001:0000a2c0       ?DrawCircle@@YAXIABVNxMat34@@ABVNxVec3@@M_N@Z 0040b2c0 f   DrawObjects.obj
 0001:0000a4c0       ?DrawEllipse@@YAXIABVNxMat34@@ABVNxVec3@@MM_N@Z 0040b4c0 f   DrawObjects.obj
 0001:0000a6c0       ?DrawWirePlane@@YAXPAVNxShape@@ABVNxVec3@@@Z 0040b6c0 f   DrawObjects.obj
 0001:0000a6d0       ?DrawPlane@@YAXPAVNxShape@@@Z 0040b6d0 f   DrawObjects.obj
 0001:0000a820       ?DrawWireBox@@YAXPAVNxShape@@ABVNxVec3@@M@Z 0040b820 f   DrawObjects.obj
 0001:0000a8b0       ?DrawWireBox@@YAXABVNxBox@@ABVNxVec3@@M@Z 0040b8b0 f   DrawObjects.obj
 0001:0000a960       ?DrawBox@@YAXPAVNxShape@@@Z 0040b960 f   DrawObjects.obj
 0001:0000aa30       ?DrawWireSphere@@YAXPAVNxShape@@ABVNxVec3@@@Z 0040ba30 f   DrawObjects.obj
 0001:0000abb0       ?DrawWireSphere@@YAXPAVNxSphere@@ABVNxVec3@@@Z 0040bbb0 f   DrawObjects.obj
 0001:0000ad20       ?DrawSphere@@YAXPAVNxShape@@@Z 0040bd20 f   DrawObjects.obj
 0001:0000adf0       ?DrawWireCapsule@@YAXPAVNxShape@@ABVNxVec3@@@Z 0040bdf0 f   DrawObjects.obj
 0001:0000b320       ?DrawWireCapsule@@YAXABVNxCapsule@@ABVNxVec3@@@Z 0040c320 f   DrawObjects.obj
 0001:0000b900       ?DrawCapsule@@YAXPAVNxShape@@@Z 0040c900 f   DrawObjects.obj
 0001:0000bb40       ?DrawCapsule@@YAXABVNxVec3@@MM@Z 0040cb40 f   DrawObjects.obj
 0001:0000bcf0       ?DrawWireConvex@@YAXPAVNxShape@@ABVNxVec3@@_N@Z 0040ccf0 f   DrawObjects.obj
 0001:0000bf40       ?DrawConvex@@YAXPAVNxShape@@_N@Z 0040cf40 f   DrawObjects.obj
 0001:0000c110       ?DrawWireMesh@@YAXPAVNxShape@@ABVNxVec3@@_N@Z 0040d110 f   DrawObjects.obj
 0001:0000c370       ?DrawMesh@@YAXPAVNxShape@@_N@Z 0040d370 f   DrawObjects.obj
 0001:0000c530       ?DrawWheelShape@@YAXPAVNxShape@@@Z 0040d530 f   DrawObjects.obj
 0001:0000c700       ?DrawArrow@@YAXABVNxVec3@@00@Z 0040d700 f   DrawObjects.obj
 0001:0000ca80       ?DrawContactPoint@@YAXABVNxVec3@@M0@Z 0040da80 f   DrawObjects.obj
 0001:0000cbe0       ?DrawWireShape@@YAXPAVNxShape@@ABVNxVec3@@_N@Z 0040dbe0 f   DrawObjects.obj
 0001:0000ccb0       ?DrawShape@@YAXPAVNxShape@@_N@Z 0040dcb0 f   DrawObjects.obj
 0001:0000cd80       ?DrawActor@@YAXPAVNxActor@@0_N@Z 0040dd80 f   DrawObjects.obj
 0001:0000cec0       ?DrawActorShadow@@YAXPAVNxActor@@_N@Z 0040dec0 f   DrawObjects.obj
 0001:0000cee0       ?DrawActorShadow2@@YAXPAVNxActor@@_N@Z 0040dee0 f   DrawObjects.obj
 0001:0000cf00       ?DrawActorShadowZUp@@YAXPAVNxActor@@_N@Z 0040df00 f   DrawObjects.obj
 0001:0000cf20       ?DrawCloth@@YAXPAVNxCloth@@_N@Z 0040df20 f   DrawObjects.obj
 0001:0000d090       ?DrawActorShapeSelect@@YAXPAVNxActor@@PAVNxShape@@_N0_N@Z 0040e090 f   DrawObjects.obj
 0001:0000d470       ?DrawTriangleList@@YAXHPAU_Triangle@@PAVNxVec3@@@Z 0040e470 f   DrawObjects.obj
 0001:0000d7c0       ?DrawHeightfield@@YAXPAVNxShape@@@Z 0040e7c0 f   DrawObjects.obj
 0001:0000eea0       ??0NxBox@@QAE@XZ           0040fea0 f i DrawObjects.obj
 0001:0000eee0       ??0NxConvexMeshDesc@@QAE@XZ 0040fee0 f i DrawObjects.obj
 0001:0000ef00       ??0NxMat33@@QAE@ABV0@@Z    0040ff00 f i DrawObjects.obj
 0001:0000ef30       ??0NxMat33@@QAE@XZ         0040ff30 f i DrawObjects.obj
 0001:0000ef50       ??0NxMat34@@QAE@ABV0@@Z    0040ff50 f i DrawObjects.obj
 0001:0000efd0       ??0NxMat34@@QAE@_N@Z       0040ffd0 f i DrawObjects.obj
 0001:0000f070       ??0NxSegment@@QAE@XZ       00410070 f i DrawObjects.obj
 0001:0000f0a0       ??0NxTriangle@@QAE@XZ      004100a0 f i DrawObjects.obj
 0001:0000f0d0       ??0NxVec3@@QAE@ABV0@@Z     004100d0 f i DrawObjects.obj
 0001:0000f110       ??0NxVec3@@QAE@MMM@Z       00410110 f i DrawObjects.obj
 0001:0000f160       ??0NxVec3@@QAE@XZ          00410160 f i DrawObjects.obj
 0001:0000f180       ??1NxBox@@QAE@XZ           00410180 f i DrawObjects.obj
 0001:0000f1a0       ??1NxMat33@@QAE@XZ         004101a0 f i DrawObjects.obj
 0001:0000f1b0       ??1NxMat34@@QAE@XZ         004101b0 f i DrawObjects.obj
 0001:0000f1d0       ??1NxMeshData@@QAE@XZ      004101d0 f i DrawObjects.obj
 0001:0000f1e0       ??1NxSegment@@QAE@XZ       004101e0 f i DrawObjects.obj
 0001:0000f1f0       ??1NxTriangle@@QAE@XZ      004101f0 f i DrawObjects.obj
 0001:0000f200       ??4NxVec3@@QAEABV0@ABV0@@Z 00410200 f i DrawObjects.obj
 0001:0000f240       ??DNxMat33@@QBE?AVNxVec3@@ABV1@@Z 00410240 f i DrawObjects.obj
 0001:0000f290       ??DNxVec3@@QBE?AV0@M@Z     00410290 f i DrawObjects.obj
 0001:0000f300       ??GNxVec3@@QBE?AV0@ABV0@@Z 00410300 f i DrawObjects.obj
 0001:0000f370       ??GNxVec3@@QBE?AV0@XZ      00410370 f i DrawObjects.obj
 0001:0000f3e0       ??HNxVec3@@QBE?AV0@ABV0@@Z 004103e0 f i DrawObjects.obj
 0001:0000f450       ??TNxVec3@@QBE?AV0@ABV0@@Z 00410450 f i DrawObjects.obj
 0001:0000f4a0       ??XNxVec3@@QAEAAV0@M@Z     004104a0 f i DrawObjects.obj
 0001:0000f500       ??YNxVec3@@QAEAAV0@ABV0@@Z 00410500 f i DrawObjects.obj
 0001:0000f570       ??_0NxVec3@@QAEAAV0@M@Z    00410570 f i DrawObjects.obj
 0001:0000f5f0       ??_H@YGXPAXIIP6EPAX0@Z@Z   004105f0 f i DrawObjects.obj
 0001:0000f630       ?NxComputeBoxPoints@@YA_NABVNxBox@@PAVNxVec3@@@Z 00410630 f i DrawObjects.obj
 0001:0000f660       ?NxGetBoxEdges@@YAPBIXZ    00410660 f i DrawObjects.obj
 0001:0000f690       ?NxNormalToTangents@@YAXABVNxVec3@@AAV1@1@Z 00410690 f i DrawObjects.obj
 0001:0000f6d0       ?cross@NxVec3@@QAEXABV1@0@Z 004106d0 f i DrawObjects.obj
 0001:0000f7b0       ?cross@NxVec3@@QBE?AV1@ABV1@@Z 004107b0 f i DrawObjects.obj
 0001:0000f800       ?get@NxVec3@@QBEXPAM@Z     00410800 f i DrawObjects.obj
 0001:0000f860       ?getColumn@NxMat33@@QBEXHAAVNxVec3@@@Z 00410860 f i DrawObjects.obj
 0001:0000f8d0       ?getColumnMajorStride4@NxMat33@@QBEXPAM@Z 004108d0 f i DrawObjects.obj
 0001:0000f9c0       ?id@NxMat33@@QAEXXZ        004109c0 f i DrawObjects.obj
 0001:0000fa60       ?isBox@NxShape@@QAEPAVNxBoxShape@@XZ 00410a60 f i DrawObjects.obj
 0001:0000fa80       ?isCapsule@NxShape@@QAEPAVNxCapsuleShape@@XZ 00410a80 f i DrawObjects.obj
 0001:0000faa0       ?isConvexMesh@NxShape@@QAEPAVNxConvexShape@@XZ 00410aa0 f i DrawObjects.obj
 0001:0000fac0       ?isSphere@NxShape@@QAEPAVNxSphereShape@@XZ 00410ac0 f i DrawObjects.obj
 0001:0000fae0       ?magnitude@NxVec3@@QBEMXZ  00410ae0 f i DrawObjects.obj
 0001:0000fb50       ?multiply@NxMat33@@QBEXABVNxVec3@@AAV2@@Z 00410b50 f i DrawObjects.obj
 0001:0000fc80       ?multiply@NxMat34@@QBEXABVNxVec3@@AAV2@@Z 00410c80 f i DrawObjects.obj
 0001:0000fcd0       ?normalize@NxVec3@@QAEMXZ  00410cd0 f i DrawObjects.obj
 0001:0000fd70       ?setColumn@NxMat33@@QAEXHABVNxVec3@@@Z 00410d70 f i DrawObjects.obj
 0001:0000fde0       ?setToDefault@NxConvexMeshDesc@@QAEXXZ 00410de0 f i DrawObjects.obj
 0001:0000fe50       ?sqrt@NxMath@@SAMM@Z       00410e50 f i DrawObjects.obj
 0001:0000fe70       ?zero@NxVec3@@QAEXXZ       00410e70 f i DrawObjects.obj
 0001:0000feb0       _cosf                      00410eb0 f i DrawObjects.obj
 0001:0000fee0       _fabsf                     00410ee0 f i DrawObjects.obj
 0001:0000ff10       _sinf                      00410f10 f i DrawObjects.obj
 0001:0000ff40       _sqrtf                     00410f40 f i DrawObjects.obj
 0001:0000ff70       ?init@GLFontRenderer@@SA_NXZ 00410f70 f   GLFontRenderer.obj
 0001:00010090       ?print@GLFontRenderer@@SAXMMMPBD_NH1@Z 00411090 f   GLFontRenderer.obj
 0001:00010880       ?setScreenResolution@GLFontRenderer@@SAXHH@Z 00411880 f   GLFontRenderer.obj
 0001:000108a0       ?setColor@GLFontRenderer@@SAXMMMM@Z 004118a0 f   GLFontRenderer.obj
 0001:00010b60       ?AddDisplayString@HUD@@QAEXPADMM@Z 00411b60 f   HUD.obj
 0001:00010be0       ?SetDisplayString@HUD@@QAEXIPADMM@Z 00411be0 f   HUD.obj
 0001:00010c40       ?Clear@HUD@@QAEXXZ         00411c40 f   HUD.obj
 0001:00010c60       ?Render@HUD@@QAEXXZ        00411c60 f   HUD.obj
 0001:00010d70       ??0DisplayString@@QAE@XZ   00411d70 f i HUD.obj
 0001:00010dc0       ??A?$NxArray@VDisplayString@@VNxAllocatorDefault@@@@QAEAAVDisplayString@@I@Z 00411dc0 f i HUD.obj
 0001:00010de0       ?allocate@?$NxArray@VDisplayString@@VNxAllocatorDefault@@@@AAEPAVDisplayString@@I@Z 00411de0 f i HUD.obj
 0001:00010e30       ?begin@?$NxArray@VDisplayString@@VNxAllocatorDefault@@@@QAEPAVDisplayString@@XZ 00411e30 f i HUD.obj
 0001:00010e50       ?capacity@?$NxArray@VDisplayString@@VNxAllocatorDefault@@@@QBEIXZ 00411e50 f i HUD.obj
 0001:00010ea0       ?clear@?$NxArray@VDisplayString@@VNxAllocatorDefault@@@@QAEXXZ 00411ea0 f i HUD.obj
 0001:00010ee0       ?copy@?$NxArray@VDisplayString@@VNxAllocatorDefault@@@@AAEPAVDisplayString@@PBV2@0PAV2@@Z 00411ee0 f i HUD.obj
 0001:00010f40       ?deallocate@?$NxArray@VDisplayString@@VNxAllocatorDefault@@@@AAEXPAVDisplayString@@@Z 00411f40 f i HUD.obj
 0001:00010f70       ?destroy@?$NxArray@VDisplayString@@VNxAllocatorDefault@@@@AAEXPAVDisplayString@@0@Z 00411f70 f i HUD.obj
 0001:00010fa0       ?end@?$NxArray@VDisplayString@@VNxAllocatorDefault@@@@QAEPAVDisplayString@@XZ 00411fa0 f i HUD.obj
 0001:00010fc0       ?free@NxAllocatorDefault@@QAEXPAX@Z 00411fc0 f i HUD.obj
 0001:00010ff0       ?mallocDEBUG@NxAllocatorDefault@@QAEPAXIPBDH0W4NxMemoryType@@@Z 00411ff0 f i HUD.obj
 0001:00011010       ?pushBack@?$NxArray@VDisplayString@@VNxAllocatorDefault@@@@QAEXABVDisplayString@@@Z 00412010 f i HUD.obj
 0001:00011080       ?reserve@?$NxArray@VDisplayString@@VNxAllocatorDefault@@@@QAEXI@Z 00412080 f i HUD.obj
 0001:00011140       ?size@?$NxArray@VDisplayString@@VNxAllocatorDefault@@@@QBEIXZ 00412140 f i HUD.obj
 0001:00011170       ___local_stdio_printf_options 00412170 f i HUD.obj
 0001:00011180       __vsnprintf_l              00412180 f i HUD.obj
 0001:000111f0       __vsprintf_l               004121f0 f i HUD.obj
 0001:00011220       _sprintf                   00412220 f i HUD.obj
 0001:00011260       ??0UserStream@@QAE@PBD_N@Z 00412260 f   Stream.obj
 0001:000112c0       ??1UserStream@@UAE@XZ      004122c0 f   Stream.obj
 0001:00011300       ?readByte@UserStream@@UBEEXZ 00412300 f   Stream.obj
 0001:00011350       ?readWord@UserStream@@UBEGXZ 00412350 f   Stream.obj
 0001:000113a0       ?readDword@UserStream@@UBEIXZ 004123a0 f   Stream.obj
 0001:000113f0       ?readFloat@UserStream@@UBEMXZ 004123f0 f   Stream.obj
 0001:00011440       ?readDouble@UserStream@@UBENXZ 00412440 f   Stream.obj
 0001:00011490       ?readBuffer@UserStream@@UBEXPAXI@Z 00412490 f   Stream.obj
 0001:000114e0       ?storeByte@UserStream@@UAEAAVNxStream@@E@Z 004124e0 f   Stream.obj
 0001:00011530       ?storeWord@UserStream@@UAEAAVNxStream@@G@Z 00412530 f   Stream.obj
 0001:00011580       ?storeDword@UserStream@@UAEAAVNxStream@@I@Z 00412580 f   Stream.obj
 0001:000115d0       ?storeFloat@UserStream@@UAEAAVNxStream@@M@Z 004125d0 f   Stream.obj
 0001:00011620       ?storeDouble@UserStream@@UAEAAVNxStream@@N@Z 00412620 f   Stream.obj
 0001:00011670       ?storeBuffer@UserStream@@UAEAAVNxStream@@PBXI@Z 00412670 f   Stream.obj
 0001:000116c0       ??0MemoryWriteBuffer@@QAE@XZ 004126c0 f   Stream.obj
 0001:00011700       ??1MemoryWriteBuffer@@UAE@XZ 00412700 f   Stream.obj
 0001:00011770       ?storeByte@MemoryWriteBuffer@@UAEAAVNxStream@@E@Z 00412770 f   Stream.obj
 0001:000117a0       ?storeWord@MemoryWriteBuffer@@UAEAAVNxStream@@G@Z 004127a0 f   Stream.obj
 0001:000117d0       ?storeDword@MemoryWriteBuffer@@UAEAAVNxStream@@I@Z 004127d0 f   Stream.obj
 0001:00011800       ?storeFloat@MemoryWriteBuffer@@UAEAAVNxStream@@M@Z 00412800 f   Stream.obj
 0001:00011830       ?storeDouble@MemoryWriteBuffer@@UAEAAVNxStream@@N@Z 00412830 f   Stream.obj
 0001:00011860       ?storeBuffer@MemoryWriteBuffer@@UAEAAVNxStream@@PBXI@Z 00412860 f   Stream.obj
 0001:00011930       ??0MemoryReadBuffer@@QAE@PBE@Z 00412930 f   Stream.obj
 0001:00011960       ??1MemoryReadBuffer@@UAE@XZ 00412960 f   Stream.obj
 0001:00011980       ?readByte@MemoryReadBuffer@@UBEEXZ 00412980 f   Stream.obj
 0001:000119b0       ?readWord@MemoryReadBuffer@@UBEGXZ 004129b0 f   Stream.obj
 0001:000119e0       ?readDword@MemoryReadBuffer@@UBEIXZ 004129e0 f   Stream.obj
 0001:00011a10       ?readFloat@MemoryReadBuffer@@UBEMXZ 00412a10 f   Stream.obj
 0001:00011a40       ?readDouble@MemoryReadBuffer@@UBENXZ 00412a40 f   Stream.obj
 0001:00011a70       ?readBuffer@MemoryReadBuffer@@UBEXPAXI@Z 00412a70 f   Stream.obj
 0001:00011cc0       ??0NxStream@@QAE@XZ        00412cc0 f i Stream.obj
 0001:00011ce0       ??1NxStream@@UAE@XZ        00412ce0 f i Stream.obj
 0001:00011d00       ??_EMemoryReadBuffer@@UAEPAXI@Z 00412d00 f i Stream.obj
 0001:00011d00       ??_GMemoryReadBuffer@@UAEPAXI@Z 00412d00 f i Stream.obj
 0001:00011d40       ??_GMemoryWriteBuffer@@UAEPAXI@Z 00412d40 f i Stream.obj
 0001:00011d40       ??_EMemoryWriteBuffer@@UAEPAXI@Z 00412d40 f i Stream.obj
 0001:00011d80       ??_ENxStream@@UAEPAXI@Z    00412d80 f i Stream.obj
 0001:00011d80       ??_GNxStream@@UAEPAXI@Z    00412d80 f i Stream.obj
 0001:00011dc0       ??_GUserStream@@UAEPAXI@Z  00412dc0 f i Stream.obj
 0001:00011dc0       ??_EUserStream@@UAEPAXI@Z  00412dc0 f i Stream.obj
 0001:00011e00       ?readBuffer@MemoryWriteBuffer@@UBEXPAXI@Z 00412e00 f i Stream.obj
 0001:00011e30       ?readByte@MemoryWriteBuffer@@UBEEXZ 00412e30 f i Stream.obj
 0001:00011e60       ?readDouble@MemoryWriteBuffer@@UBENXZ 00412e60 f i Stream.obj
 0001:00011e90       ?readDword@MemoryWriteBuffer@@UBEIXZ 00412e90 f i Stream.obj
 0001:00011ec0       ?readFloat@MemoryWriteBuffer@@UBEMXZ 00412ec0 f i Stream.obj
 0001:00011ef0       ?readWord@MemoryWriteBuffer@@UBEGXZ 00412ef0 f i Stream.obj
 0001:00011f20       ?storeBuffer@MemoryReadBuffer@@UAEAAVNxStream@@PBXI@Z 00412f20 f i Stream.obj
 0001:00011f60       ?storeByte@MemoryReadBuffer@@UAEAAVNxStream@@E@Z 00412f60 f i Stream.obj
 0001:00011fa0       ?storeDouble@MemoryReadBuffer@@UAEAAVNxStream@@N@Z 00412fa0 f i Stream.obj
 0001:00011fe0       ?storeDword@MemoryReadBuffer@@UAEAAVNxStream@@I@Z 00412fe0 f i Stream.obj
 0001:00012020       ?storeFloat@MemoryReadBuffer@@UAEAAVNxStream@@M@Z 00413020 f i Stream.obj
 0001:00012060       ?storeWord@MemoryReadBuffer@@UAEAAVNxStream@@G@Z 00413060 f i Stream.obj
 0001:000120a0       ?renderData@DebugRenderer@@QBEXABVNxDebugRenderable@@@Z 004130a0 f   DebugRenderer.obj
 0001:00012a30       ?renderBuffer@DebugRenderer@@CAXPAM0HH@Z 00413a30 f   DebugRenderer.obj
 0001:00012d20       ?getLines@NxDebugRenderable@@QBEPBUNxDebugLine@@XZ 00413d20 f i DebugRenderer.obj
 0001:00012d40       ?getNbLines@NxDebugRenderable@@QBEIXZ 00413d40 f i DebugRenderer.obj
 0001:00012d60       ?getNbPoints@NxDebugRenderable@@QBEIXZ 00413d60 f i DebugRenderer.obj
 0001:00012d80       ?getNbTriangles@NxDebugRenderable@@QBEIXZ 00413d80 f i DebugRenderer.obj
 0001:00012da0       ?getPoints@NxDebugRenderable@@QBEPBUNxDebugPoint@@XZ 00413da0 f i DebugRenderer.obj
 0001:00012dc0       ?getTriangles@NxDebugRenderable@@QBEPBUNxDebugTriangle@@XZ 00413dc0 f i DebugRenderer.obj
 0001:00012de0       ?FindMediaFile@@YAPADPBDPAD@Z 00413de0 f   MediaPath_WIN.obj
 0001:00012fd0       ?GetTempFilePath@@YAPADPAD@Z 00413fd0 f   MediaPath_WIN.obj
 0001:000130c0       ?strrchr@@YAPADQADH@Z      004140c0 f i MediaPath_WIN.obj
 0001:000130e0       __vfprintf_l               004140e0 f i MediaPath_WIN.obj
 0001:00013120       _printf                    00414120 f i MediaPath_WIN.obj
 0001:00013170       ?getTime@@YAKXZ            00414170 f   Timing_WIN.obj
 0001:00013180       ?getCurrentTime@@YAMXZ     00414180 f   Timing_WIN.obj
 0001:000131d0       ?getElapsedTime@@YAMXZ     004141d0 f   Timing_WIN.obj
 0001:000132d0       ?PrintControls@@YAXXZ      004142d0 f   Lesson105.obj
 0001:00013300       ?IsSelectable@@YA_NPAVNxActor@@@Z 00414300 f   Lesson105.obj
 0001:00013380       ?SelectNextActor@@YAXXZ    00414380 f   Lesson105.obj
 0001:00013440       ?ProcessCameraKeys@@YAXXZ  00414440 f   Lesson105.obj
 0001:000136f0       ?SetupCamera@@YAXXZ        004146f0 f   Lesson105.obj
 0001:00013840       ?RenderActors@@YAX_N@Z     00414840 f   Lesson105.obj
 0001:000138d0       ?DrawForce@@YAXPAVNxActor@@AAVNxVec3@@ABV2@@Z 004148d0 f   Lesson105.obj
 0001:00013970       ?ApplyForceToActor@@YA?AVNxVec3@@PAVNxActor@@ABV1@M_N@Z 00414970 f   Lesson105.obj
 0001:00013a00       ?ProcessForceKeys@@YAXXZ   00414a00 f   Lesson105.obj
 0001:00013d40       ?ProcessInputs@@YAXXZ      00414d40 f   Lesson105.obj
 0001:00013d80       ?RenderCallback@@YAXXZ     00414d80 f   Lesson105.obj
 0001:00013eb0       ?ReshapeCallback@@YAXHH@Z  00414eb0 f   Lesson105.obj
 0001:00013ee0       ?IdleCallback@@YAXXZ       00414ee0 f   Lesson105.obj
 0001:00013ef0       ?KeyboardCallback@@YAXEHH@Z 00414ef0 f   Lesson105.obj
 0001:00013f20       ?KeyboardUpCallback@@YAXEHH@Z 00414f20 f   Lesson105.obj
 0001:000140f0       ?SpecialCallback@@YAXHHH@Z 004150f0 f   Lesson105.obj
 0001:00014110       ?MouseCallback@@YAXHHHH@Z  00415110 f   Lesson105.obj
 0001:00014130       ?MotionCallback@@YAXHH@Z   00415130 f   Lesson105.obj
 0001:00014250       ?ExitCallback@@YAXXZ       00415250 f   Lesson105.obj
 0001:00014260       ?InitGlut@@YAXHPAPAD@Z     00415260 f   Lesson105.obj
 0001:000144a0       ?CreateGroundPlane@@YAPAVNxActor@@XZ 004154a0 f   Lesson105.obj
 0001:00014580       ?CreateCompoundActor@@YAPAVNxActor@@XZ 00415580 f   Lesson105.obj
 0001:00014990       ?CreateTriangleActor@@YAPAVNxActor@@XZ 00415990 f   Lesson105.obj
 0001:00015170       ?InitializeHUD@@YAXXZ      00416170 f   Lesson105.obj
 0001:00015210       ?InitNx@@YAXXZ             00416210 f   Lesson105.obj
 0001:000157e0       ?ReleaseNx@@YAXXZ          004167e0 f   Lesson105.obj
 0001:00015830       ?ResetNx@@YAXXZ            00416830 f   Lesson105.obj
 0001:00015840       ?StartPhysics@@YAXXZ       00416840 f   Lesson105.obj
 0001:00015890       ?GetPhysicsResults@@YAXXZ  00416890 f   Lesson105.obj
 0001:000158c0       ?ComputeTerrain@@YAXPA_NPAVNxVec3@@IIIM@Z 004168c0 f   Lesson105.obj
 0001:00015c50       ?trand@@YAMXZ              00416c50 f   Lesson105.obj
 0001:00015d10       ?smoothTriangle@@YAXIIIPAVNxVec3@@@Z 00416d10 f   Lesson105.obj
 0001:00015dd0       ?chooseTrigMaterial@@YAXIPAVNxVec3@@PAIPAG@Z 00416dd0 f   Lesson105.obj
 0001:00015ed0       _main                      00416ed0 f   Lesson105.obj
 0001:00016a10       ??0?$NxArray@PAVNxShapeDesc@@VNxAllocatorDefault@@@@QAE@XZ 00417a10 f i Lesson105.obj
 0001:00016a50       ??0?$NxArray@VDisplayString@@VNxAllocatorDefault@@@@QAE@XZ 00417a50 f i Lesson105.obj
 0001:00016a90       ??0HUD@@QAE@XZ             00417a90 f i Lesson105.obj
 0001:00016ab0       ??0NxActorDesc@@QAE@XZ     00417ab0 f i Lesson105.obj
 0001:00016b50       ??0NxActorDescBase@@IAE@XZ 00417b50 f i Lesson105.obj
 0001:00016b70       ??0NxBodyDesc@@QAE@XZ      00417b70 f i Lesson105.obj
 0001:00016c10       ??0NxBoxShapeDesc@@QAE@XZ  00417c10 f i Lesson105.obj
 0001:00016ca0       ??0NxCapsuleShapeDesc@@QAE@XZ 00417ca0 f i Lesson105.obj
 0001:00016d20       ??0NxGroupsMask@@QAE@XZ    00417d20 f i Lesson105.obj
 0001:00016d40       ??0NxMaterialDesc@@QAE@XZ  00417d40 f i Lesson105.obj
 0001:00016d70       ??0NxPhysicsSDKDesc@@QAE@XZ 00417d70 f i Lesson105.obj
 0001:00016d90       ??0NxPlaneShapeDesc@@QAE@XZ 00417d90 f i Lesson105.obj
 0001:00016e20       ??0NxQuat@@QAE@MABVNxVec3@@@Z 00417e20 f i Lesson105.obj
 0001:00016e50       ??0NxQuat@@QAE@XZ          00417e50 f i Lesson105.obj
 0001:00016e70       ??0NxSceneDesc@@QAE@XZ     00417e70 f i Lesson105.obj
 0001:00016ea0       ??0NxShapeDesc@@IAE@W4NxShapeType@@@Z 00417ea0 f i Lesson105.obj
 0001:00016f40       ??0NxSimpleTriangleMesh@@QAE@XZ 00417f40 f i Lesson105.obj
 0001:00016f60       ??0NxSphereShapeDesc@@QAE@XZ 00417f60 f i Lesson105.obj
 0001:00016fe0       ??0NxTriangleMeshDesc@@QAE@XZ 00417fe0 f i Lesson105.obj
 0001:00017010       ??0NxTriangleMeshShapeDesc@@QAE@XZ 00418010 f i Lesson105.obj
 0001:00017090       ??0Random@@QAE@I@Z         00418090 f i Lesson105.obj
 0001:000170c0       ??1?$NxArray@PAVNxShapeDesc@@VNxAllocatorDefault@@@@QAE@XZ 004180c0 f i Lesson105.obj
 0001:00017160       ??1?$NxArray@VDisplayString@@VNxAllocatorDefault@@@@QAE@XZ 00418160 f i Lesson105.obj
 0001:00017200       ??1HUD@@QAE@XZ             00418200 f i Lesson105.obj
 0001:00017220       ??1NxActorDesc@@QAE@XZ     00418220 f i Lesson105.obj
 0001:00017250       ??1NxActorDescBase@@QAE@XZ 00418250 f i Lesson105.obj
 0001:00017270       ??1NxBodyDesc@@QAE@XZ      00418270 f i Lesson105.obj
 0001:00017290       ??1NxBoxShapeDesc@@UAE@XZ  00418290 f i Lesson105.obj
 0001:000172b0       ??1NxCapsuleShapeDesc@@UAE@XZ 004182b0 f i Lesson105.obj
 0001:000172d0       ??1NxGroupsMask@@QAE@XZ    004182d0 f i Lesson105.obj
 0001:000172e0       ??1NxPlaneShapeDesc@@UAE@XZ 004182e0 f i Lesson105.obj
 0001:00017300       ??1NxShapeDesc@@UAE@XZ     00418300 f i Lesson105.obj
 0001:00017340       ??1NxSphereShapeDesc@@UAE@XZ 00418340 f i Lesson105.obj
 0001:00017360       ??1NxTriangleMeshShapeDesc@@UAE@XZ 00418360 f i Lesson105.obj
 0001:00017380       ??4NxMat33@@QAEABV0@ABV0@@Z 00418380 f i Lesson105.obj
 0001:000173b0       ??A?$NxArray@PAVNxShapeDesc@@VNxAllocatorDefault@@@@QBEABQAVNxShapeDesc@@I@Z 004183b0 f i Lesson105.obj
 0001:000173d0       ??D@YA?AVNxVec3@@MABV0@@Z  004183d0 f i Lesson105.obj
 0001:00017430       ??KNxVec3@@QBE?AV0@M@Z     00418430 f i Lesson105.obj
 0001:000174b0       ??ZNxVec3@@QAEAAV0@ABV0@@Z 004184b0 f i Lesson105.obj
 0001:00017520       ??_ENxBoxShapeDesc@@UAEPAXI@Z 00418520 f i Lesson105.obj
 0001:00017520       ??_GNxBoxShapeDesc@@UAEPAXI@Z 00418520 f i Lesson105.obj
 0001:00017560       ??_ENxCapsuleShapeDesc@@UAEPAXI@Z 00418560 f i Lesson105.obj
 0001:00017560       ??_GNxCapsuleShapeDesc@@UAEPAXI@Z 00418560 f i Lesson105.obj
 0001:000175a0       ??_GNxPlaneShapeDesc@@UAEPAXI@Z 004185a0 f i Lesson105.obj
 0001:000175a0       ??_ENxPlaneShapeDesc@@UAEPAXI@Z 004185a0 f i Lesson105.obj
 0001:000175e0       ??_GNxShapeDesc@@UAEPAXI@Z 004185e0 f i Lesson105.obj
 0001:000175e0       ??_ENxShapeDesc@@UAEPAXI@Z 004185e0 f i Lesson105.obj
 0001:00017620       ??_GNxSphereShapeDesc@@UAEPAXI@Z 00418620 f i Lesson105.obj
 0001:00017620       ??_ENxSphereShapeDesc@@UAEPAXI@Z 00418620 f i Lesson105.obj
 0001:00017660       ??_GNxTriangleMeshShapeDesc@@UAEPAXI@Z 00418660 f i Lesson105.obj
 0001:00017660       ??_ENxTriangleMeshShapeDesc@@UAEPAXI@Z 00418660 f i Lesson105.obj
 0001:000176a0       ?NxBuildSmoothNormals@@YA_NIIPBVNxVec3@@PBIPBGPAV1@_N@Z 004186a0 f i Lesson105.obj
 0001:000176f0       ?allocate@?$NxArray@PAVNxShapeDesc@@VNxAllocatorDefault@@@@AAEPAPAVNxShapeDesc@@I@Z 004186f0 f i Lesson105.obj
 0001:00017730       ?begin@?$NxArray@PAVNxShapeDesc@@VNxAllocatorDefault@@@@QAEPAPAVNxShapeDesc@@XZ 00418730 f i Lesson105.obj
 0001:00017750       ?capacity@?$NxArray@PAVNxShapeDesc@@VNxAllocatorDefault@@@@QBEIXZ 00418750 f i Lesson105.obj
 0001:00017790       ?clear@?$NxArray@PAVNxShapeDesc@@VNxAllocatorDefault@@@@QAEXXZ 00418790 f i Lesson105.obj
 0001:000177d0       ?copy@?$NxArray@PAVNxShapeDesc@@VNxAllocatorDefault@@@@AAEPAPAVNxShapeDesc@@PBQAV2@0PAPAV2@@Z 004187d0 f i Lesson105.obj
 0001:00017820       ?cos@NxMath@@SAMM@Z        00418820 f i Lesson105.obj
 0001:00017840       ?deallocate@?$NxArray@PAVNxShapeDesc@@VNxAllocatorDefault@@@@AAEXPAPAVNxShapeDesc@@@Z 00418840 f i Lesson105.obj
 0001:00017870       ?degToRad@NxMath@@SAMM@Z   00418870 f i Lesson105.obj
 0001:000178a0       ?destroy@?$NxArray@PAVNxShapeDesc@@VNxAllocatorDefault@@@@AAEXPAPAVNxShapeDesc@@0@Z 004188a0 f i Lesson105.obj
 0001:000178d0       ?end@?$NxArray@PAVNxShapeDesc@@VNxAllocatorDefault@@@@QAEPAPAVNxShapeDesc@@XZ 004188d0 f i Lesson105.obj
 0001:000178f0       ?fromAngleAxis@NxQuat@@QAEXMABVNxVec3@@@Z 004188f0 f i Lesson105.obj
 0001:00017aa0       ?fromQuat@NxMat33@@QAEXABVNxQuat@@@Z 00418aa0 f i Lesson105.obj
 0001:00017d40       ?id@NxMat34@@QAEXXZ        00418d40 f i Lesson105.obj
 0001:00017d70       ?isFinite@NxMat33@@QBE_NXZ 00418d70 f i Lesson105.obj
 0001:00017f00       ?isFinite@NxMat34@@QBE_NXZ 00418f00 f i Lesson105.obj
 0001:00017f50       ?isFinite@NxMath@@SA_NM@Z  00418f50 f i Lesson105.obj
 0001:00017fa0       ?isFinite@NxVec3@@QBE_NXZ  00418fa0 f i Lesson105.obj
 0001:00018040       ?isValid@NxActorDesc@@QBE_NXZ 00419040 f i Lesson105.obj
 0001:000181c0       ?isValid@NxActorDescBase@@QBE_NXZ 004191c0 f i Lesson105.obj
 0001:00018240       ?isValid@NxBodyDesc@@QBE_NXZ 00419240 f i Lesson105.obj
 0001:00018310       ?isValid@NxBoxShapeDesc@@UBE_NXZ 00419310 f i Lesson105.obj
 0001:00018380       ?isValid@NxCapsuleShapeDesc@@UBE_NXZ 00419380 f i Lesson105.obj
 0001:00018420       ?isValid@NxPlaneShapeDesc@@UBE_NXZ 00419420 f i Lesson105.obj
 0001:00018480       ?isValid@NxShapeDesc@@UBE_NXZ 00419480 f i Lesson105.obj
 0001:00018520       ?isValid@NxSphereShapeDesc@@UBE_NXZ 00419520 f i Lesson105.obj
 0001:00018580       ?isValid@NxTriangleMeshShapeDesc@@UBE_NXZ 00419580 f i Lesson105.obj
 0001:000185b0       ?isValidInternal@NxActorDescBase@@IBE_N_N@Z 004195b0 f i Lesson105.obj
 0001:00018710       ?isZero@NxVec3@@QBEHXZ     00419710 f i Lesson105.obj
 0001:00018780       ?multiply@NxQuat@@QAEXABV1@ABVNxVec3@@@Z 00419780 f i Lesson105.obj
 0001:00018910       ?pushBack@?$NxArray@PAVNxShapeDesc@@VNxAllocatorDefault@@@@QAEXABQAVNxShapeDesc@@@Z 00419910 f i Lesson105.obj
 0001:00018970       ?rand@Random@@QAEHXZ       00419970 f i Lesson105.obj
 0001:000189b0       ?reserve@?$NxArray@PAVNxShapeDesc@@VNxAllocatorDefault@@@@QAEXI@Z 004199b0 f i Lesson105.obj
 0001:00018a70       ?rotate@NxQuat@@QBEXAAVNxVec3@@@Z 00419a70 f i Lesson105.obj
 0001:00018bf0       ?set@NxVec3@@QAEXMMM@Z     00419bf0 f i Lesson105.obj
 0001:00018c30       ?setToDefault@NxActorDesc@@QAEXXZ 00419c30 f i Lesson105.obj
 0001:00018c60       ?setToDefault@NxActorDescBase@@QAEXXZ 00419c60 f i Lesson105.obj
 0001:00018d00       ?setToDefault@NxBodyDesc@@QAEXXZ 00419d00 f i Lesson105.obj
 0001:00018e40       ?setToDefault@NxBoxShapeDesc@@UAEXXZ 00419e40 f i Lesson105.obj
 0001:00018e70       ?setToDefault@NxCapsuleShapeDesc@@UAEXXZ 00419e70 f i Lesson105.obj
 0001:00018ec0       ?setToDefault@NxMaterialDesc@@QAEXXZ 00419ec0 f i Lesson105.obj
 0001:00018f80       ?setToDefault@NxPhysicsSDKDesc@@QAEXXZ 00419f80 f i Lesson105.obj
 0001:00018ff0       ?setToDefault@NxPlaneShapeDesc@@UAEXXZ 00419ff0 f i Lesson105.obj
 0001:00019050       ?setToDefault@NxSceneDesc@@QAEXXZ 0041a050 f i Lesson105.obj
 0001:00019270       ?setToDefault@NxShapeDesc@@UAEXXZ 0041a270 f i Lesson105.obj
 0001:00019350       ?setToDefault@NxSimpleTriangleMesh@@QAEXXZ 0041a350 f i Lesson105.obj
 0001:000193c0       ?setToDefault@NxSphereShapeDesc@@UAEXXZ 0041a3c0 f i Lesson105.obj
 0001:000193f0       ?setToDefault@NxTriangleMeshDesc@@QAEXXZ 0041a3f0 f i Lesson105.obj
 0001:00019460       ?setToDefault@NxTriangleMeshShapeDesc@@UAEXXZ 0041a460 f i Lesson105.obj
 0001:000194a0       ?sin@NxMath@@SAMM@Z        0041a4a0 f i Lesson105.obj
 0001:000194c0       ?size@?$NxArray@PAVNxShapeDesc@@VNxAllocatorDefault@@@@QBEIXZ 0041a4c0 f i Lesson105.obj
 0001:000194e0       ?srand@Random@@QAEXI@Z     0041a4e0 f i Lesson105.obj
 0001:0001951f       _NxGetUtilLib              0041a51f f   PhysXLoader:PhysXLoader.dll
 0001:00019525       _NxGetPhysicsSDKAllocator  0041a525 f   PhysXLoader:PhysXLoader.dll
 0001:0001952b       _NxCreatePhysicsSDK        0041a52b f   PhysXLoader:PhysXLoader.dll
 0001:00019531       _NxInitCooking             0041a531 f   PhysXCooking:PhysXCooking.dll
 0001:00019537       _NxCloseCooking            0041a537 f   PhysXCooking:PhysXCooking.dll
 0001:0001953d       _NxCookTriangleMesh        0041a53d f   PhysXCooking:PhysXCooking.dll
 0001:00019543       _SetCurrentDirectoryA@4    0041a543 f   kernel32:KERNEL32.dll
 0001:00019549       _GetCurrentDirectoryA@8    0041a549 f   kernel32:KERNEL32.dll
 0001:0001954f       _GetModuleFileNameA@12     0041a54f f   kernel32:KERNEL32.dll
 0001:00019555       _QueryPerformanceCounter@4 0041a555 f   kernel32:KERNEL32.dll
 0001:0001955b       _QueryPerformanceFrequency@4 0041a55b f   kernel32:KERNEL32.dll
 0001:00019561       _glutSolidSphere@16        0041a561 f   glut32:glut32.dll
 0001:00019567       _glutSolidCube@8           0041a567 f   glut32:glut32.dll
 0001:0001956d       _glutGet@4                 0041a56d f   glut32:glut32.dll
 0001:00019573       ___glutInitWithExit@12     0041a573 f   glut32:glut32.dll
 0001:00019579       _glutInitDisplayMode@4     0041a579 f   glut32:glut32.dll
 0001:0001957f       _glutInitWindowSize@8      0041a57f f   glut32:glut32.dll
 0001:00019585       _glutMainLoop@0            0041a585 f   glut32:glut32.dll
 0001:0001958b       ___glutCreateWindowWithExit@8 0041a58b f   glut32:glut32.dll
 0001:00019591       _glutPostRedisplay@0       0041a591 f   glut32:glut32.dll
 0001:00019597       _glutSwapBuffers@0         0041a597 f   glut32:glut32.dll
 0001:0001959d       _glutSetWindow@4           0041a59d f   glut32:glut32.dll
 0001:000195a3       _glutDisplayFunc@4         0041a5a3 f   glut32:glut32.dll
 0001:000195a9       _glutReshapeFunc@4         0041a5a9 f   glut32:glut32.dll
 0001:000195af       _glutKeyboardFunc@4        0041a5af f   glut32:glut32.dll
 0001:000195b5       _glutMouseFunc@4           0041a5b5 f   glut32:glut32.dll
 0001:000195bb       _glutMotionFunc@4          0041a5bb f   glut32:glut32.dll
 0001:000195c1       _glutIdleFunc@4            0041a5c1 f   glut32:glut32.dll
 0001:000195c7       _glutSpecialFunc@4         0041a5c7 f   glut32:glut32.dll
 0001:000195cd       _glutKeyboardUpFunc@4      0041a5cd f   glut32:glut32.dll
 0001:000195d3       _timeGetTime@0             0041a5d3 f   winmm:WINMM.dll
 0001:000195d9       _glColor4f@16              0041a5d9 f   opengl32:OPENGL32.dll
 0001:000195df       _glDisable@4               0041a5df f   opengl32:OPENGL32.dll
 0001:000195e5       _glDisableClientState@4    0041a5e5 f   opengl32:OPENGL32.dll
 0001:000195eb       _glDrawArrays@12           0041a5eb f   opengl32:OPENGL32.dll
 0001:000195f1       _glDrawElements@16         0041a5f1 f   opengl32:OPENGL32.dll
 0001:000195f7       _glEnable@4                0041a5f7 f   opengl32:OPENGL32.dll
 0001:000195fd       _glEnableClientState@4     0041a5fd f   opengl32:OPENGL32.dll
 0001:00019603       _glLineWidth@4             0041a603 f   opengl32:OPENGL32.dll
 0001:00019609       _glMultMatrixf@4           0041a609 f   opengl32:OPENGL32.dll
 0001:0001960f       _glNormalPointer@12        0041a60f f   opengl32:OPENGL32.dll
 0001:00019615       _glPopMatrix@0             0041a615 f   opengl32:OPENGL32.dll
 0001:0001961b       _glPushMatrix@0            0041a61b f   opengl32:OPENGL32.dll
 0001:00019621       _glRotatef@16              0041a621 f   opengl32:OPENGL32.dll
 0001:00019627       _glScalef@12               0041a627 f   opengl32:OPENGL32.dll
 0001:0001962d       _glTranslatef@12           0041a62d f   opengl32:OPENGL32.dll
 0001:00019633       _glVertexPointer@16        0041a633 f   opengl32:OPENGL32.dll
 0001:00019639       _glBindTexture@8           0041a639 f   opengl32:OPENGL32.dll
 0001:0001963f       _glBlendFunc@8             0041a63f f   opengl32:OPENGL32.dll
 0001:00019645       _glGenTextures@8           0041a645 f   opengl32:OPENGL32.dll
 0001:0001964b       _glLoadIdentity@0          0041a64b f   opengl32:OPENGL32.dll
 0001:00019651       _glMatrixMode@4            0041a651 f   opengl32:OPENGL32.dll
 0001:00019657       _glOrtho@48                0041a657 f   opengl32:OPENGL32.dll
 0001:0001965d       _glTexCoordPointer@16      0041a65d f   opengl32:OPENGL32.dll
 0001:00019663       _glTexImage2D@36           0041a663 f   opengl32:OPENGL32.dll
 0001:00019669       _glTexParameterf@12        0041a669 f   opengl32:OPENGL32.dll
 0001:0001966f       _glColorPointer@16         0041a66f f   opengl32:OPENGL32.dll
 0001:00019675       _glClear@4                 0041a675 f   opengl32:OPENGL32.dll
 0001:0001967b       _glClearColor@16           0041a67b f   opengl32:OPENGL32.dll
 0001:00019681       _glFlush@0                 0041a681 f   opengl32:OPENGL32.dll
 0001:00019687       _glLightfv@12              0041a687 f   opengl32:OPENGL32.dll
 0001:0001968d       _glViewport@16             0041a68d f   opengl32:OPENGL32.dll
 0001:00019693       _gluPerspective@32         0041a693 f   glu32:GLU32.dll
 0001:00019699       _gluLookAt@72              0041a699 f   glu32:GLU32.dll
 0001:000196a0       ??_U@YAPAXI@Z              0041a6a0 f   LIBCMTD:new_array.obj
 0001:000196c0       ??_V@YAXPAX@Z              0041a6c0 f   LIBCMTD:delete_array.obj
 0001:000196e0       @__security_check_cookie@4 0041a6e0 f   LIBCMTD:secchk.obj
 0001:00019700       ??3@YAXPAXI@Z              0041a700 f   LIBCMTD:delete_scalar_size.obj
 0001:00019720       ??1type_info@@UAE@XZ       0041a720 f   LIBCMTD:std_type_info_static.obj
 0001:00019740       ??_Gtype_info@@UAEPAXI@Z   0041a740 f i LIBCMTD:std_type_info_static.obj
 0001:00019740       ??_Etype_info@@UAEPAXI@Z   0041a740 f i LIBCMTD:std_type_info_static.obj
 0001:00019780       __ftoui3                   0041a780 f   LIBCMTD:ftol3.obj
 0001:0001978f       __ftoul3                   0041a78f f   LIBCMTD:ftol3.obj
 0001:0001979e       __ftol3                    0041a79e f   LIBCMTD:ftol3.obj
 0001:000197ab       __ftol3_NaN                0041a7ab f   LIBCMTD:ftol3.obj
 0001:000197c3       __ftol3_work               0041a7c3 f   LIBCMTD:ftol3.obj
 0001:00019849       __ftol3_common             0041a849 f   LIBCMTD:ftol3.obj
 0001:0001990b       __ftol3_arg_error          0041a90b f   LIBCMTD:ftol3.obj
 0001:0001991d       __ftol3_except             0041a91d f   LIBCMTD:ftol3.obj
 0001:00019961       __dtoui3                   0041a961 f   LIBCMTD:ftol3.obj
 0001:00019970       __dtoul3                   0041a970 f   LIBCMTD:ftol3.obj
 0001:0001997f       __dtol3                    0041a97f f   LIBCMTD:ftol3.obj
 0001:0001998c       __dtol3_NaN                0041a98c f   LIBCMTD:ftol3.obj
 0001:000199a9       __dtol3_work               0041a9a9 f   LIBCMTD:ftol3.obj
 0001:00019a90       __ultod3                   0041aa90 f   LIBCMTD:ftol3.obj
 0001:00019ad0       __ltod3                    0041aad0 f   LIBCMTD:ftol3.obj
 0001:00019be0       ??2@YAPAXI@Z               0041abe0 f   LIBCMTD:new_scalar.obj
 0001:00019c40       ??_V@YAXPAXI@Z             0041ac40 f   LIBCMTD:delete_array_size.obj
 0001:00019c60       ??$__crt_fast_decode_pointer@PAP6AXXZ@@YAPAP6AXXZQAP6AXXZ@Z 0041ac60 f i LIBCMTD:utility.obj
 0001:00019c90       ??$__crt_fast_encode_pointer@PAP6AXXZ@@YAPAP6AXXZQAP6AXXZ@Z 0041ac90 f i LIBCMTD:utility.obj
 0001:00019cd0       ?__crt_rotate_pointer_value@@YAIIH@Z 0041acd0 f i LIBCMTD:utility.obj
 0001:00019ce0       ?configure_argv@__scrt_narrow_argv_policy@@SAHXZ 0041ace0 f i LIBCMTD:utility.obj
 0001:00019db0       ?initialize_environment@__scrt_narrow_environment_policy@@SAHXZ 0041adb0 f i LIBCMTD:utility.obj
 0001:00019e50       _NtCurrentTeb              0041ae50 f i LIBCMTD:utility.obj
 0001:00019e60       ___scrt_acquire_startup_lock 0041ae60 f   LIBCMTD:utility.obj
 0001:00019ec0       ___scrt_dllmain_after_initialize_c 0041aec0 f   LIBCMTD:utility.obj
 0001:00019f00       ___scrt_dllmain_before_initialize_c 0041af00 f   LIBCMTD:utility.obj
 0001:00019f30       ___scrt_dllmain_crt_thread_attach 0041af30 f   LIBCMTD:utility.obj
 0001:00019f70       ___scrt_dllmain_crt_thread_detach 0041af70 f   LIBCMTD:utility.obj
 0001:00019f90       ___scrt_dllmain_exception_filter 0041af90 f   LIBCMTD:utility.obj
 0001:00019ff0       ___scrt_dllmain_uninitialize_c 0041aff0 f   LIBCMTD:utility.obj
 0001:0001a030       ___scrt_dllmain_uninitialize_critical 0041b030 f   LIBCMTD:utility.obj
 0001:0001a050       ___scrt_initialize_crt     0041b050 f   LIBCMTD:utility.obj
 0001:0001a0b0       ___scrt_initialize_onexit_tables 0041b0b0 f   LIBCMTD:utility.obj
 0001:0001a1d0       ___scrt_is_nonwritable_in_current_image 0041b1d0 f   LIBCMTD:utility.obj
 0001:0001a350       ___scrt_release_startup_lock 0041b350 f   LIBCMTD:utility.obj
 0001:0001a380       ___scrt_uninitialize_crt   0041b380 f   LIBCMTD:utility.obj
 0001:0001a3d0       __onexit                   0041b3d0 f   LIBCMTD:utility.obj
 0001:0001a460       _at_quick_exit             0041b460 f   LIBCMTD:utility.obj
 0001:0001a4c0       _atexit                    0041b4c0 f   LIBCMTD:utility.obj
 0001:0001a500       ___raise_securityfailure   0041b500 f   LIBCMTD:gs_report.obj
 0001:0001a540       ___report_gsfailure        0041b540 f   LIBCMTD:gs_report.obj
 0001:0001a690       ___report_rangecheckfailure 0041b690 f   LIBCMTD:gs_report.obj
 0001:0001a6a0       ___report_securityfailure  0041b6a0 f   LIBCMTD:gs_report.obj
 0001:0001a7b0       ___report_securityfailureEx 0041b7b0 f   LIBCMTD:gs_report.obj
 0001:0001a960       ??$__crt_fast_decode_pointer@P6GHPAU_RTL_CONDITION_VARIABLE@@PAU_RTL_CRITICAL_SECTION@@K@Z@@YAP6GHPAU_RTL_CONDITION_VARIABLE@@PAU_RTL_CRITICAL_SECTION@@K@ZQ6GH01K@Z@Z 0041b960 f i LIBCMTD:thread_safe_statics.obj
 0001:0001a990       ??$__crt_fast_decode_pointer@P6GXPAU_RTL_CONDITION_VARIABLE@@@Z@@YAP6GXPAU_RTL_CONDITION_VARIABLE@@@ZQ6GX0@Z@Z 0041b990 f i LIBCMTD:thread_safe_statics.obj
 0001:0001a9c0       ??$__crt_fast_encode_pointer@P6GHPAU_RTL_CONDITION_VARIABLE@@PAU_RTL_CRITICAL_SECTION@@K@Z@@YAP6GHPAU_RTL_CONDITION_VARIABLE@@PAU_RTL_CRITICAL_SECTION@@K@ZQ6GH01K@Z@Z 0041b9c0 f i LIBCMTD:thread_safe_statics.obj
 0001:0001aa00       ??$__crt_fast_encode_pointer@P6GXPAU_RTL_CONDITION_VARIABLE@@@Z@@YAP6GXPAU_RTL_CONDITION_VARIABLE@@@ZQ6GX0@Z@Z 0041ba00 f i LIBCMTD:thread_safe_statics.obj
 0001:0001abb0       ?__scrt_is_event_api_used@@YA_NQAX@Z 0041bbb0 f i LIBCMTD:thread_safe_statics.obj
 0001:0001ac60       __Init_thread_abort        0041bc60 f   LIBCMTD:thread_safe_statics.obj
 0001:0001ac90       __Init_thread_footer       0041bc90 f   LIBCMTD:thread_safe_statics.obj
 0001:0001acf0       __Init_thread_header       0041bcf0 f   LIBCMTD:thread_safe_statics.obj
 0001:0001ad80       __Init_thread_lock         0041bd80 f   LIBCMTD:thread_safe_statics.obj
 0001:0001ada0       __Init_thread_notify       0041bda0 f   LIBCMTD:thread_safe_statics.obj
 0001:0001ae20       __Init_thread_unlock       0041be20 f   LIBCMTD:thread_safe_statics.obj
 0001:0001ae40       __Init_thread_wait         0041be40 f   LIBCMTD:thread_safe_statics.obj
 0001:0001b300       ?set_app_type@__scrt_main_policy@@SAXXZ 0041c300 f i LIBCMTD:exe_main.obj
 0001:0001b320       ?set_commode@__scrt_file_policy@@SAXXZ 0041c320 f i LIBCMTD:exe_main.obj
 0001:0001b340       ?set_fmode@__scrt_file_policy@@SAXXZ 0041c340 f i LIBCMTD:exe_main.obj
 0001:0001b360       _mainCRTStartup            0041c360 f   LIBCMTD:exe_main.obj
 0001:0001b370       ??3@YAXPAX@Z               0041c370 f   LIBCMTD:delete_scalar.obj
 0001:0001b390       ??0bad_alloc@std@@AAE@QBD@Z 0041c390 f i LIBCMTD:throw_bad_alloc.obj
 0001:0001b3c0       ??0bad_alloc@std@@QAE@ABV01@@Z 0041c3c0 f i LIBCMTD:throw_bad_alloc.obj
 0001:0001b3f0       ??0bad_alloc@std@@QAE@XZ   0041c3f0 f i LIBCMTD:throw_bad_alloc.obj
 0001:0001b420       ??0bad_array_new_length@std@@QAE@ABV01@@Z 0041c420 f i LIBCMTD:throw_bad_alloc.obj
 0001:0001b450       ??0bad_array_new_length@std@@QAE@XZ 0041c450 f i LIBCMTD:throw_bad_alloc.obj
 0001:0001b480       ??0exception@std@@QAE@ABV01@@Z 0041c480 f i LIBCMTD:throw_bad_alloc.obj
 0001:0001b4d0       ??0exception@std@@QAE@QBDH@Z 0041c4d0 f i LIBCMTD:throw_bad_alloc.obj
 0001:0001b510       ??1bad_alloc@std@@UAE@XZ   0041c510 f i LIBCMTD:throw_bad_alloc.obj
 0001:0001b530       ??1bad_array_new_length@std@@UAE@XZ 0041c530 f i LIBCMTD:throw_bad_alloc.obj
 0001:0001b550       ??1exception@std@@UAE@XZ   0041c550 f i LIBCMTD:throw_bad_alloc.obj
 0001:0001b580       ??_Gbad_alloc@std@@UAEPAXI@Z 0041c580 f i LIBCMTD:throw_bad_alloc.obj
 0001:0001b580       ??_Ebad_alloc@std@@UAEPAXI@Z 0041c580 f i LIBCMTD:throw_bad_alloc.obj
 0001:0001b5c0       ??_Gbad_array_new_length@std@@UAEPAXI@Z 0041c5c0 f i LIBCMTD:throw_bad_alloc.obj
 0001:0001b5c0       ??_Ebad_array_new_length@std@@UAEPAXI@Z 0041c5c0 f i LIBCMTD:throw_bad_alloc.obj
 0001:0001b600       ??_Eexception@std@@UAEPAXI@Z 0041c600 f i LIBCMTD:throw_bad_alloc.obj
 0001:0001b600       ??_Gexception@std@@UAEPAXI@Z 0041c600 f i LIBCMTD:throw_bad_alloc.obj
 0001:0001b640       ?__scrt_throw_std_bad_alloc@@YAXXZ 0041c640 f   LIBCMTD:throw_bad_alloc.obj
 0001:0001b670       ?__scrt_throw_std_bad_array_new_length@@YAXXZ 0041c670 f   LIBCMTD:throw_bad_alloc.obj
 0001:0001b6a0       ?what@exception@std@@UBEPBDXZ 0041c6a0 f i LIBCMTD:throw_bad_alloc.obj
 0001:0001b6e0       ___isa_available_init      0041c6e0 f   LIBCMTD:cpu_disp.obj
 0001:0001ba70       __get_startup_argv_mode    0041ca70 f   LIBCMTD:argv_mode.obj
 0001:0001ba80       ___scrt_is_ucrt_dll_in_use 0041ca80 f   LIBCMTD:ucrt_detection.obj
 0001:0001bab0       ___scrt_fastfail           0041cab0 f   LIBCMTD:utility_desktop.obj
 0001:0001bc40       ___scrt_get_show_window_mode 0041cc40 f   LIBCMTD:utility_desktop.obj
 0001:0001bc90       ___scrt_initialize_mta     0041cc90 f   LIBCMTD:utility_desktop.obj
 0001:0001bca0       ___scrt_initialize_winrt   0041cca0 f   LIBCMTD:utility_desktop.obj
 0001:0001bcb0       ___scrt_is_managed_app     0041ccb0 f   LIBCMTD:utility_desktop.obj
 0001:0001bd60       ___scrt_set_unhandled_exception_filter 0041cd60 f   LIBCMTD:utility_desktop.obj
 0001:0001bd80       ___scrt_stub_for_initialize_mta 0041cd80 f   LIBCMTD:utility_desktop.obj
 0001:0001bd80       ___scrt_exe_initialize_mta 0041cd80 f   LIBCMTD:utility_desktop.obj
 0001:0001bd90       ___scrt_unhandled_exception_filter@4 0041cd90 f   LIBCMTD:utility_desktop.obj
 0001:0001be10       __crt_debugger_hook        0041ce10 f   LIBCMTD:utility_desktop.obj
 0001:0001be30       @_guard_check_icall_nop@4  0041ce30 f i LIBCMTD:guard_support.obj
 0001:0001be40       _ReadNoFence               0041ce40 f i LIBCMTD:guard_support.obj
 0001:0001be60       _ReadPointerNoFence        0041ce60 f i LIBCMTD:guard_support.obj
 0001:0001be80       __guard_icall_checks_enforced 0041ce80 f i LIBCMTD:guard_support.obj
 0001:0001bf50       ___security_init_cookie    0041cf50 f   LIBCMTD:gs_support.obj
 0001:0001bff0       __matherr                  0041cff0 f   LIBCMTD:matherr.obj
 0001:0001c000       __get_startup_commit_mode  0041d000 f   LIBCMTD:commit_mode.obj
 0001:0001c010       __get_startup_file_mode    0041d010 f   LIBCMTD:file_mode.obj
 0001:0001c020       __get_startup_new_mode     0041d020 f   LIBCMTD:new_mode.obj
 0001:0001c030       __get_startup_thread_locale_mode 0041d030 f   LIBCMTD:thread_locale.obj
 0001:0001c040       ?__scrt_initialize_type_info@@YAXXZ 0041d040 f   LIBCMTD:tncleanup.obj
 0001:0001c060       ?__scrt_uninitialize_type_info@@YAXXZ 0041d060 f   LIBCMTD:tncleanup.obj
 0001:0001c080       __should_initialize_environment 0041d080 f   LIBCMTD:env_mode.obj
 0001:0001c090       __initialize_default_precision 0041d090 f   LIBCMTD:default_precision.obj
 0001:0001c0c0       __initialize_invalid_parameter_handler 0041d0c0 f   LIBCMTD:invalid_parameter_handler.obj
 0001:0001c0d0       __initialize_denormal_control 0041d0d0 f   LIBCMTD:denormal_control.obj
 0001:0001c0e0       ___local_stdio_scanf_options 0041d0e0 f i LIBCMTD:default_local_stdio_options.obj
 0001:0001c0f0       ___scrt_initialize_default_local_stdio_options 0041d0f0 f   LIBCMTD:default_local_stdio_options.obj
 0001:0001c140       ___scrt_is_user_matherr_present 0041d140 f   LIBCMTD:matherr_detection.obj
 0001:0001c170       ___scrt_get_dyn_tls_init_callback 0041d170 f   LIBCMTD:dyn_tls_init.obj
 0001:0001c180       ___scrt_get_dyn_tls_dtor_callback 0041d180 f   LIBCMTD:dyn_tls_dtor.obj
 0001:0001c190       __RTC_Initialize           0041d190 f   LIBCMTD:initsect.obj
 0001:0001c1d0       __RTC_Terminate            0041d1d0 f   LIBCMTD:initsect.obj
 0001:0001c210       ??$?0AAViterator@TryBlockMap@__FrameHandler3@@AAV012@$0A@@?$pair@Viterator@TryBlockMap@__FrameHandler3@@V123@@std@@QAE@AAViterator@TryBlockMap@__FrameHandler3@@0@Z 0041d210 f i libvcruntimed:trnsctrl.obj
 0001:0001c270       ??$forward@AAViterator@TryBlockMap@__FrameHandler3@@@std@@YAAAViterator@TryBlockMap@__FrameHandler3@@AAV123@@Z 0041d270 f i libvcruntimed:trnsctrl.obj
 0001:0001c280       ??0iterator@TryBlockMap@__FrameHandler3@@QAE@AAV12@I@Z 0041d280 f i libvcruntimed:trnsctrl.obj
 0001:0001c2b0       ?GetRangeOfTrysToCheck@__FrameHandler3@@SA?AU?$pair@Viterator@TryBlockMap@__FrameHandler3@@V123@@std@@AAVTryBlockMap@1@HH@Z 0041d2b0 f   libvcruntimed:trnsctrl.obj
 0001:0001c3e0       ?_CallCatchBlock2@@YAPAXPAUEHRegistrationNode@@PBU_s_FuncInfo@@PAXHK@Z 0041d3e0 f   libvcruntimed:trnsctrl.obj
 0001:0001c470       ?_CallSETranslator@@YAHPAUEHExceptionRecord@@PAUEHRegistrationNode@@PAX2PBU_s_FuncInfo@@H1@Z 0041d470 f   libvcruntimed:trnsctrl.obj
 0001:0001c5a0       ?_JumpToContinuation@@YGXPAXPAUEHRegistrationNode@@@Z 0041d5a0 f   libvcruntimed:trnsctrl.obj
 0001:0001c5e0       ?_UnwindNestedFrames@@YGXPAUEHRegistrationNode@@PAUEHExceptionRecord@@@Z 0041d5e0 f   libvcruntimed:trnsctrl.obj
 0001:0001c650       ?getFuncInfo@TryBlockMap@__FrameHandler3@@QAEPBU_s_FuncInfo@@XZ 0041d650 f i libvcruntimed:trnsctrl.obj
 0001:0001c670       __CatchGuardHandler        0041d670 f   libvcruntimed:trnsctrl.obj
 0001:0001c6d0       __CreateFrameInfo          0041d6d0 f   libvcruntimed:trnsctrl.obj
 0001:0001c710       __FindAndUnlinkFrame       0041d710 f   libvcruntimed:trnsctrl.obj
 0001:0001c7a0       __TranslatorGuardHandler   0041d7a0 f   libvcruntimed:trnsctrl.obj
 0001:0001c880       ___CxxFrameHandler         0041d880 f   libvcruntimed:trnsctrl.obj
 0001:0001c8d0       ___CxxFrameHandler2        0041d8d0 f   libvcruntimed:trnsctrl.obj
 0001:0001c920       ___CxxFrameHandler3        0041d920 f   libvcruntimed:trnsctrl.obj
 0001:0001c970       ___CxxLongjmpUnwind@4      0041d970 f   libvcruntimed:trnsctrl.obj
 0001:0001c9c0       ??$__crt_fast_decode_pointer@P6AXXZ@@YAP6AXXZQ6AXXZ@Z 0041d9c0 f i libvcruntimed:purevirt.obj
 0001:0001c9f0       ??$__crt_fast_encode_pointer@P6AXXZ@@YAP6AXXZQ6AXXZ@Z 0041d9f0 f i libvcruntimed:purevirt.obj
 0001:0001ca30       ??$__crt_interlocked_exchange_pointer@$$A6AXXZP6AXXZ@@YAP6AXXZPDS6AXXZQ6AXXZ@Z 0041da30 f i libvcruntimed:purevirt.obj
 0001:0001ca40       ??$__crt_interlocked_read_pointer@$$A6AXXZ@@YAP6AXXZPDS6AXXZ@Z 0041da40 f i libvcruntimed:purevirt.obj
 0001:0001ca60       ?__crt_interlocked_read_32@@YAHPDH@Z 0041da60 f i libvcruntimed:purevirt.obj
 0001:0001ca80       __get_purecall_handler     0041da80 f   libvcruntimed:purevirt.obj
 0001:0001cab0       __purecall                 0041dab0 f   libvcruntimed:purevirt.obj
 0001:0001caf0       __set_purecall_handler     0041daf0 f   libvcruntimed:purevirt.obj
 0001:0001cb30       _memcpy                    0041db30 f   libvcruntimed:memcpy.obj
 0001:0001d210       _strrchr                   0041e210 f   libvcruntimed:strrchr.obj
 0001:0001d3a0       _memset                    0041e3a0 f   libvcruntimed:memset.obj
 0001:0001d550       ___vcrt_initialize         0041e550 f   libvcruntimed:initialization.obj
 0001:0001d5a0       ___vcrt_thread_attach      0041e5a0 f   libvcruntimed:initialization.obj
 0001:0001d5c0       ___vcrt_thread_detach      0041e5c0 f   libvcruntimed:initialization.obj
 0001:0001d5e0       ___vcrt_uninitialize       0041e5e0 f   libvcruntimed:initialization.obj
 0001:0001d610       ___vcrt_uninitialize_critical 0041e610 f   libvcruntimed:initialization.obj
 0001:0001d6b0       __except_handler4          0041e6b0 f   libvcruntimed:chandler4.obj
 0001:0001d900       ??$?RD@__crt_public_free_policy@@QBEXQBD@Z 0041e900 f i libvcruntimed:std_exception.obj
 0001:0001d920       ??0?$__crt_unique_heap_ptr@DU__crt_public_free_policy@@@@QAE@QAD@Z 0041e920 f i libvcruntimed:std_exception.obj
 0001:0001d940       ??1?$__crt_unique_heap_ptr@DU__crt_public_free_policy@@@@QAE@XZ 0041e940 f i libvcruntimed:std_exception.obj
 0001:0001d960       ??B?$__crt_unique_heap_ptr@DU__crt_public_free_policy@@@@QBE_NXZ 0041e960 f i libvcruntimed:std_exception.obj
 0001:0001d980       ?detach@?$__crt_unique_heap_ptr@DU__crt_public_free_policy@@@@QAEPADXZ 0041e980 f i libvcruntimed:std_exception.obj
 0001:0001d9b0       ?get@?$__crt_unique_heap_ptr@DU__crt_public_free_policy@@@@QBEPADXZ 0041e9b0 f i libvcruntimed:std_exception.obj
 0001:0001d9d0       ?is_valid@?$__crt_unique_heap_ptr@DU__crt_public_free_policy@@@@QBE_NXZ 0041e9d0 f i libvcruntimed:std_exception.obj
 0001:0001da10       ?release@?$__crt_unique_heap_ptr@DU__crt_public_free_policy@@@@QAEXXZ 0041ea10 f i libvcruntimed:std_exception.obj
 0001:0001da40       ___std_exception_copy      0041ea40 f   libvcruntimed:std_exception.obj
 0001:0001db60       ___std_exception_destroy   0041eb60 f   libvcruntimed:std_exception.obj
 0001:0001dba0       __CxxThrowException@8      0041eba0 f   libvcruntimed:throw.obj
 0001:0001dcc0       ??$?RD@__crt_internal_free_policy@@QBEXQBD@Z 0041ecc0 f i libvcruntimed:std_type_info.obj
 0001:0001dcf0       ??$?RX@__crt_internal_free_policy@@QBEXQBX@Z 0041ecf0 f i libvcruntimed:std_type_info.obj
 0001:0001dd20       ??$__crt_interlocked_compare_exchange_pointer@$$CBDPAD$$T@@YAPBDPDSBDQAD$$T@Z 0041ed20 f i libvcruntimed:std_type_info.obj
 0001:0001dd40       ??$__crt_interlocked_read_pointer@$$CBD@@YAPBDPDSBD@Z 0041ed40 f i libvcruntimed:std_type_info.obj
 0001:0001dd60       ??0?$__crt_unique_heap_ptr@DU__crt_internal_free_policy@@@@QAE@QAD@Z 0041ed60 f i libvcruntimed:std_type_info.obj
 0001:0001dd80       ??0?$__crt_unique_heap_ptr@XU__crt_internal_free_policy@@@@QAE@QAX@Z 0041ed80 f i libvcruntimed:std_type_info.obj
 0001:0001dda0       ??1?$__crt_unique_heap_ptr@DU__crt_internal_free_policy@@@@QAE@XZ 0041eda0 f i libvcruntimed:std_type_info.obj
 0001:0001ddc0       ??1?$__crt_unique_heap_ptr@XU__crt_internal_free_policy@@@@QAE@XZ 0041edc0 f i libvcruntimed:std_type_info.obj
 0001:0001de20       ??B?$__crt_unique_heap_ptr@DU__crt_internal_free_policy@@@@QBE_NXZ 0041ee20 f i libvcruntimed:std_type_info.obj
 0001:0001de40       ??B?$__crt_unique_heap_ptr@XU__crt_internal_free_policy@@@@QBE_NXZ 0041ee40 f i libvcruntimed:std_type_info.obj
 0001:0001dec0       ?detach@?$__crt_unique_heap_ptr@XU__crt_internal_free_policy@@@@QAEPAXXZ 0041eec0 f i libvcruntimed:std_type_info.obj
 0001:0001def0       ?get@?$__crt_unique_heap_ptr@DU__crt_internal_free_policy@@@@QBEPADXZ 0041eef0 f i libvcruntimed:std_type_info.obj
 0001:0001df10       ?get@?$__crt_unique_heap_ptr@XU__crt_internal_free_policy@@@@QBEPAXXZ 0041ef10 f i libvcruntimed:std_type_info.obj
 0001:0001df30       ?is_valid@?$__crt_unique_heap_ptr@DU__crt_internal_free_policy@@@@QBE_NXZ 0041ef30 f i libvcruntimed:std_type_info.obj
 0001:0001df70       ?is_valid@?$__crt_unique_heap_ptr@XU__crt_internal_free_policy@@@@QBE_NXZ 0041ef70 f i libvcruntimed:std_type_info.obj
 0001:0001dfb0       ?release@?$__crt_unique_heap_ptr@DU__crt_internal_free_policy@@@@QAEXXZ 0041efb0 f i libvcruntimed:std_type_info.obj
 0001:0001dfe0       ?release@?$__crt_unique_heap_ptr@XU__crt_internal_free_policy@@@@QAEXXZ 0041efe0 f i libvcruntimed:std_type_info.obj
 0001:0001e010       ___std_type_info_compare   0041f010 f   libvcruntimed:std_type_info.obj
 0001:0001e040       ___std_type_info_destroy_list 0041f040 f   libvcruntimed:std_type_info.obj
 0001:0001e090       ___std_type_info_hash      0041f090 f   libvcruntimed:std_type_info.obj
 0001:0001e100       ___std_type_info_name      0041f100 f   libvcruntimed:std_type_info.obj
 0001:0001e360       ??$?RU__vcrt_ptd@@@__crt_internal_free_policy@@QBEXQBU__vcrt_ptd@@@Z 0041f360 f i libvcruntimed:per_thread_data.obj
 0001:0001e390       ??0?$__crt_unique_heap_ptr@U__vcrt_ptd@@U__crt_internal_free_policy@@@@QAE@QAU__vcrt_ptd@@@Z 0041f390 f i libvcruntimed:per_thread_data.obj
 0001:0001e3d0       ??1?$__crt_unique_heap_ptr@U__vcrt_ptd@@U__crt_internal_free_policy@@@@QAE@XZ 0041f3d0 f i libvcruntimed:per_thread_data.obj
 0001:0001e410       ??B?$__crt_unique_heap_ptr@U__vcrt_ptd@@U__crt_internal_free_policy@@@@QBE_NXZ 0041f410 f i libvcruntimed:per_thread_data.obj
 0001:0001e430       ?detach@?$__crt_unique_heap_ptr@U__vcrt_ptd@@U__crt_internal_free_policy@@@@QAEPAU__vcrt_ptd@@XZ 0041f430 f i libvcruntimed:per_thread_data.obj
 0001:0001e460       ?get@?$__crt_unique_heap_ptr@U__vcrt_ptd@@U__crt_internal_free_policy@@@@QBEPAU__vcrt_ptd@@XZ 0041f460 f i libvcruntimed:per_thread_data.obj
 0001:0001e480       ?is_valid@?$__crt_unique_heap_ptr@U__vcrt_ptd@@U__crt_internal_free_policy@@@@QBE_NXZ 0041f480 f i libvcruntimed:per_thread_data.obj
 0001:0001e4c0       ?release@?$__crt_unique_heap_ptr@U__vcrt_ptd@@U__crt_internal_free_policy@@@@QAEXXZ 0041f4c0 f i libvcruntimed:per_thread_data.obj
 0001:0001e520       ___vcrt_freefls@4          0041f520 f   libvcruntimed:per_thread_data.obj
 0001:0001e550       ___vcrt_freeptd            0041f550 f   libvcruntimed:per_thread_data.obj
 0001:0001e5c0       ___vcrt_getptd             0041f5c0 f   libvcruntimed:per_thread_data.obj
 0001:0001e5f0       ___vcrt_getptd_noexit      0041f5f0 f   libvcruntimed:per_thread_data.obj
 0001:0001e7a0       ___vcrt_getptd_noinit      0041f7a0 f   libvcruntimed:per_thread_data.obj
 0001:0001e810       ___vcrt_initialize_ptd     0041f810 f   libvcruntimed:per_thread_data.obj
 0001:0001e870       ___vcrt_uninitialize_ptd   0041f870 f   libvcruntimed:per_thread_data.obj
 0001:0001f750       ??$TypeMatchHelper@V__FrameHandler3@@@@YAHPBU_s_HandlerType@@PBU_s_CatchableType@@PBU_s_ThrowInfo@@@Z 00420750 f i libvcruntimed:frame.obj
 0001:0001f860       ??$__InternalCxxFrameHandler@V__FrameHandler3@@@@YA?AW4_EXCEPTION_DISPOSITION@@PAUEHExceptionRecord@@PAUEHRegistrationNode@@PAU_CONTEXT@@PAXPBU_s_FuncInfo@@H1E@Z 00420860 f i libvcruntimed:frame.obj
 0001:0001fab0       ??0HandlerMap@__FrameHandler3@@QAE@PBU_s_TryBlockMapEntry@@PAX@Z 00420ab0 f i libvcruntimed:frame.obj
 0001:0001fae0       ??0TryBlockMap@__FrameHandler3@@QAE@PBU_s_FuncInfo@@PAX@Z 00420ae0 f i libvcruntimed:frame.obj
 0001:0001fb10       ??0bad_exception@std@@QAE@ABV01@@Z 00420b10 f i libvcruntimed:frame.obj
 0001:0001fb40       ??0bad_exception@std@@QAE@XZ 00420b40 f i libvcruntimed:frame.obj
 0001:0001fb70       ??0iterator@HandlerMap@__FrameHandler3@@QAE@AAV12@I@Z 00420b70 f i libvcruntimed:frame.obj
 0001:0001fba0       ??1bad_exception@std@@UAE@XZ 00420ba0 f i libvcruntimed:frame.obj
 0001:0001fbc0       ??8iterator@HandlerMap@__FrameHandler3@@QBE_NABV012@@Z 00420bc0 f i libvcruntimed:frame.obj
 0001:0001fc00       ??8type_info@@QBE_NABV0@@Z 00420c00 f i libvcruntimed:frame.obj
 0001:0001fc50       ??9iterator@HandlerMap@__FrameHandler3@@QBE_NABV012@@Z 00420c50 f i libvcruntimed:frame.obj
 0001:0001fca0       ??Diterator@HandlerMap@__FrameHandler3@@QAEPBU_s_HandlerType@@XZ 00420ca0 f i libvcruntimed:frame.obj
 0001:0001fcd0       ??Diterator@TryBlockMap@__FrameHandler3@@QAEPBU_s_TryBlockMapEntry@@XZ 00420cd0 f i libvcruntimed:frame.obj
 0001:0001fd00       ??Eiterator@HandlerMap@__FrameHandler3@@QAEAAV012@XZ 00420d00 f i libvcruntimed:frame.obj
 0001:0001fd30       ??Eiterator@TryBlockMap@__FrameHandler3@@QAEAAV012@XZ 00420d30 f i libvcruntimed:frame.obj
 0001:0001fd60       ??Miterator@TryBlockMap@__FrameHandler3@@QBE_NABV012@@Z 00420d60 f i libvcruntimed:frame.obj
 0001:0001fda0       ??_Ebad_exception@std@@UAEPAXI@Z 00420da0 f i libvcruntimed:frame.obj
 0001:0001fda0       ??_Gbad_exception@std@@UAEPAXI@Z 00420da0 f i libvcruntimed:frame.obj
 0001:0001fde0       ?BuildCatchObject@__FrameHandler3@@SAXPAUEHExceptionRecord@@PAXPBU_s_HandlerType@@PBU_s_CatchableType@@@Z 00420de0 f   libvcruntimed:frame.obj
 0001:0001fe10       ?BuildCatchObjectHelper@__FrameHandler3@@SAHPAUEHExceptionRecord@@PAXPBU_s_HandlerType@@PBU_s_CatchableType@@@Z 00420e10 f   libvcruntimed:frame.obj
 0001:00020290       ?FrameUnwindToEmptyState@__FrameHandler3@@SAXPAUEHRegistrationNode@@PAXPBU_s_FuncInfo@@@Z 00421290 f   libvcruntimed:frame.obj
 0001:000202c0       ?FrameUnwindToState@__FrameHandler3@@SAXPAUEHRegistrationNode@@PAXPBU_s_FuncInfo@@H@Z 004212c0 f   libvcruntimed:frame.obj
 0001:000204a0       ?GetMaxState@__FrameHandler3@@SAHPAXPBU_s_FuncInfo@@@Z 004214a0 f i libvcruntimed:frame.obj
 0001:00020600       ?TypeMatch@__FrameHandler3@@SAHPBU_s_HandlerType@@PBU_s_CatchableType@@PBU_s_ThrowInfo@@@Z 00421600 f   libvcruntimed:frame.obj
 0001:00020620       ?_CallMemberFunction1@@YGXQAX00@Z 00421620 f i libvcruntimed:frame.obj
 0001:00020640       ?_CallMemberFunction2@@YGXQAX00H@Z 00421640 f i libvcruntimed:frame.obj
 0001:00020670       ?_ValidateExecute@@YA_NP6GHXZ@Z 00421670 f i libvcruntimed:frame.obj
 0001:00020690       ?_ValidateRead@@YA_NPBXI@Z 00421690 f i libvcruntimed:frame.obj
 0001:000206b0       ?_ValidateWrite@@YA_NPAXI@Z 004216b0 f i libvcruntimed:frame.obj
 0001:000206d0       ?begin@HandlerMap@__FrameHandler3@@QAE?AViterator@12@XZ 004216d0 f i libvcruntimed:frame.obj
 0001:00020700       ?end@HandlerMap@__FrameHandler3@@QAE?AViterator@12@XZ 00421700 f i libvcruntimed:frame.obj
 0001:00020730       ?getESTypes@__FrameHandler3@@SAPBU_s_ESTypeList@@PBU_s_FuncInfo@@@Z 00421730 f i libvcruntimed:frame.obj
 0001:00020740       ?getLastEntry@HandlerMap@__FrameHandler3@@QAEPBU_s_HandlerType@@XZ 00421740 f i libvcruntimed:frame.obj
 0001:00020770       ?getMagicNum@__FrameHandler3@@SAIPBU_s_FuncInfo@@@Z 00421770 f i libvcruntimed:frame.obj
 0001:00020790       ?getNumTryBlocks@TryBlockMap@__FrameHandler3@@QAEIXZ 00421790 f i libvcruntimed:frame.obj
 0001:000207b0       ?isEHs@__FrameHandler3@@SA_NPBU_s_FuncInfo@@@Z 004217b0 f i libvcruntimed:frame.obj
 0001:000207e0       ?isNoExcept@__FrameHandler3@@SA_NPBU_s_FuncInfo@@@Z 004217e0 f i libvcruntimed:frame.obj
 0001:00020810       ___BuildCatchObject        00421810 f   libvcruntimed:frame.obj
 0001:00020840       ___BuildCatchObjectHelper  00421840 f   libvcruntimed:frame.obj
 0001:00020870       ___TypeMatch               00421870 f   libvcruntimed:frame.obj
 0001:00020890       ___vcrt_EncodePointer      00421890 f i libvcruntimed:frame.obj
 0001:000208b0       __CallSettingFrame@12      004218b0 f   libvcruntimed:lowhelpr.obj
 0001:000208d7       __NLG_Return               004218d7     libvcruntimed:lowhelpr.obj
 0001:00020920       ___except_validate_context_record 00421920 f   libvcruntimed:jbcxrval.obj
 0001:00020980       ___except_validate_jump_buffer 00421980 f   libvcruntimed:jbcxrval.obj
 0001:000209a0       ___except_validate_jump_buffer_common 004219a0 f i libvcruntimed:jbcxrval.obj
 0001:00020a10       ??$?B$$A6AXXZ@__crt_fast_encoded_nullptr_t@@QBEP6AXXZXZ 00421a10 f i libvcruntimed:purevirt_data.obj
 0001:00020a30       ?__crt_fast_encode_pointer@@YA?AU__crt_fast_encoded_nullptr_t@@$$T@Z 00421a30 f i libvcruntimed:purevirt_data.obj
 0001:00020a40       ___vcrt_initialize_pure_virtual_call_handler 00421a40 f   libvcruntimed:purevirt_data.obj
 0001:00020a70       ___vcrt_initialize_locks   00421a70 f   libvcruntimed:locks.obj
 0001:00020ae0       ___vcrt_lock               00421ae0 f   libvcruntimed:locks.obj
 0001:00020b00       ___vcrt_uninitialize_locks 00421b00 f   libvcruntimed:locks.obj
 0001:00020b60       ___vcrt_unlock             00421b60 f   libvcruntimed:locks.obj
 0001:00020b80       ??$?BX@__crt_fast_encoded_nullptr_t@@QBEPAXXZ 00421b80 f i libvcruntimed:winapi_downlevel.obj
 0001:00020ba0       ??$__crt_fast_decode_pointer@PAX@@YAPAXQAX@Z 00421ba0 f i libvcruntimed:winapi_downlevel.obj
 0001:00020bd0       ??$__crt_fast_encode_pointer@PAX@@YAPAXQAX@Z 00421bd0 f i libvcruntimed:winapi_downlevel.obj
 0001:00020c10       ??$__crt_interlocked_exchange_pointer@UHINSTANCE__@@PAU1@@@YAPAUHINSTANCE__@@PDSAU0@QAU0@@Z 00421c10 f i libvcruntimed:winapi_downlevel.obj
 0001:00020c20       ??$__crt_interlocked_exchange_pointer@UHINSTANCE__@@PAX@@YAPAUHINSTANCE__@@PDSAU0@QAX@Z 00421c20 f i libvcruntimed:winapi_downlevel.obj
 0001:00020c30       ??$__crt_interlocked_exchange_pointer@XPAX@@YAPAXPDSAXQAX@Z 00421c30 f i libvcruntimed:winapi_downlevel.obj
 0001:00020c40       ??$__crt_interlocked_read_pointer@UHINSTANCE__@@@@YAPAUHINSTANCE__@@PDSAU0@@Z 00421c40 f i libvcruntimed:winapi_downlevel.obj
 0001:00020c60       ??$__crt_interlocked_read_pointer@X@@YAPAXPDSAX@Z 00421c60 f i libvcruntimed:winapi_downlevel.obj
 0001:00021170       ___vcrt_FlsAlloc           00422170 f   libvcruntimed:winapi_downlevel.obj
 0001:000211c0       ___vcrt_FlsFree            004221c0 f   libvcruntimed:winapi_downlevel.obj
 0001:00021210       ___vcrt_FlsGetValue        00422210 f   libvcruntimed:winapi_downlevel.obj
 0001:00021260       ___vcrt_FlsSetValue        00422260 f   libvcruntimed:winapi_downlevel.obj
 0001:000212c0       ___vcrt_InitializeCriticalSectionEx 004222c0 f   libvcruntimed:winapi_downlevel.obj
 0001:00021320       ___vcrt_initialize_winapi_thunks 00422320 f   libvcruntimed:winapi_downlevel.obj
 0001:000213a0       ___vcrt_uninitialize_winapi_thunks 004223a0 f   libvcruntimed:winapi_downlevel.obj
 0001:00021430       __local_unwind4            00422430 f   libvcruntimed:exsup4.obj
 0001:00021508       __seh_longjmp_unwind4@4    00422508 f   libvcruntimed:exsup4.obj
 0001:00021530       @_EH4_CallFilterFunc@8     00422530 f   libvcruntimed:exsup4.obj
 0001:00021548       @_EH4_TransferToHandler@8  00422548 f   libvcruntimed:exsup4.obj
 0001:00021564       @_EH4_GlobalUnwind2@8      00422564 f   libvcruntimed:exsup4.obj
 0001:00021580       @_EH4_LocalUnwind@16       00422580 f   libvcruntimed:exsup4.obj
 0001:000215f0       ??0Block@_HeapManager@@QAE@XZ 004225f0 f i libvcruntimed:undname.obj
 0001:00021610       ??0DName@@QAE@AAPBDD@Z     00422610 f   libvcruntimed:undname.obj
 0001:000218c0       ??0DName@@QAE@ABV0@@Z      004228c0 f i libvcruntimed:undname.obj
 0001:000218f0       ??0DName@@QAE@D@Z          004228f0 f   libvcruntimed:undname.obj
 0001:00021940       ??0DName@@QAE@PAV0@@Z      00422940 f   libvcruntimed:undname.obj
 0001:00021a20       ??0DName@@QAE@PBD@Z        00422a20 f   libvcruntimed:undname.obj
 0001:00021a90       ??0DName@@QAE@W4DNameStatus@@@Z 00422a90 f   libvcruntimed:undname.obj
 0001:00021b50       ??0DName@@QAE@XZ           00422b50 f i libvcruntimed:undname.obj
 0001:00021b80       ??0DName@@QAE@_J@Z         00422b80 f   libvcruntimed:undname.obj
 0001:00021ca0       ??0DName@@QAE@_K@Z         00422ca0 f   libvcruntimed:undname.obj
 0001:00021d70       ??0DNameNode@@IAE@XZ       00422d70 f i libvcruntimed:undname.obj
 0001:00021d90       ??0Replicator@@QAE@XZ      00422d90 f i libvcruntimed:undname.obj
 0001:00021de0       ??0UnDecorator@@QAE@PBDP6APADJ@ZK@Z 00422de0 f i libvcruntimed:undname.obj
 0001:00021e80       ??0charNode@@QAE@D@Z       00422e80 f i libvcruntimed:undname.obj
 0001:00021ec0       ??0pDNameNode@@QAE@PAVDName@@@Z 00422ec0 f   libvcruntimed:undname.obj
 0001:00021f40       ??0pairNode@@QAE@PBVDNameNode@@0@Z 00422f40 f i libvcruntimed:undname.obj
 0001:00021f90       ??0pcharNode@@QAE@PBDH@Z   00422f90 f   libvcruntimed:undname.obj
 0001:00022070       ??2@YAPAXIAAV_HeapManager@@H@Z 00423070 f i libvcruntimed:undname.obj
 0001:00022090       ??4DName@@QAEAAV0@ABV0@@Z  00423090 f   libvcruntimed:undname.obj
 0001:000220c0       ??4DName@@QAEAAV0@D@Z      004230c0 f i libvcruntimed:undname.obj
 0001:00022110       ??4DName@@QAEAAV0@PAV0@@Z  00423110 f   libvcruntimed:undname.obj
 0001:000221d0       ??4DName@@QAEAAV0@PBD@Z    004231d0 f   libvcruntimed:undname.obj
 0001:00022220       ??4DName@@QAEAAV0@W4DNameStatus@@@Z 00423220 f   libvcruntimed:undname.obj
 0001:000222c0       ??AReplicator@@QBE?AVDName@@H@Z 004232c0 f   libvcruntimed:undname.obj
 0001:00022340       ??H@YA?AVDName@@DABV0@@Z   00423340 f i libvcruntimed:undname.obj
 0001:00022380       ??H@YA?AVDName@@PBDABV0@@Z 00423380 f i libvcruntimed:undname.obj
 0001:000223c0       ??H@YA?AVDName@@W4DNameStatus@@ABV0@@Z 004233c0 f i libvcruntimed:undname.obj
 0001:00022400       ??HDName@@QBE?AV0@ABV0@@Z  00423400 f   libvcruntimed:undname.obj
 0001:00022450       ??HDName@@QBE?AV0@D@Z      00423450 f   libvcruntimed:undname.obj
 0001:000224a0       ??HDName@@QBE?AV0@PAV0@@Z  004234a0 f   libvcruntimed:undname.obj
 0001:000224f0       ??HDName@@QBE?AV0@PBD@Z    004234f0 f   libvcruntimed:undname.obj
 0001:00022540       ??HDName@@QBE?AV0@W4DNameStatus@@@Z 00423540 f   libvcruntimed:undname.obj
 0001:00022590       ??YDName@@QAEAAV0@ABV0@@Z  00423590 f   libvcruntimed:undname.obj
 0001:00022620       ??YDName@@QAEAAV0@D@Z      00423620 f   libvcruntimed:undname.obj
 0001:000226c0       ??YDName@@QAEAAV0@PAV0@@Z  004236c0 f   libvcruntimed:undname.obj
 0001:000227b0       ??YDName@@QAEAAV0@PBD@Z    004237b0 f   libvcruntimed:undname.obj
 0001:00022870       ??YDName@@QAEAAV0@W4DNameStatus@@@Z 00423870 f   libvcruntimed:undname.obj
 0001:000228f0       ??YReplicator@@QAEAAV0@ABVDName@@@Z 004238f0 f   libvcruntimed:undname.obj
 0001:000229a0       ??_5DName@@QAEAAV0@ABV0@@Z 004239a0 f   libvcruntimed:undname.obj
 0001:00022a10       ?Constructor@_HeapManager@@QAEXP6APAXI@ZP6AXPAX@Z@Z 00423a10 f i libvcruntimed:undname.obj
 0001:00022a60       ?Destructor@_HeapManager@@QAEXXZ 00423a60 f i libvcruntimed:undname.obj
 0001:00022ae0       ?UScore@UnDecorator@@SAPBDW4Tokens@@@Z 00423ae0 f   libvcruntimed:undname.obj
 0001:00022b20       ?append@DName@@AAEXPBVDNameNode@@@Z 00423b20 f   libvcruntimed:undname.obj
 0001:00022bd0       ?composeDeclaration@UnDecorator@@CA?AVDName@@ABV2@@Z 00423bd0 f i libvcruntimed:undname.obj
 0001:000252c0       ?dbGetString@DName@@QBEPADXZ 004262c0 f   libvcruntimed:undname.obj
 0001:000252f0       ?doAccessSpecifiers@UnDecorator@@SAHXZ 004262f0 f i libvcruntimed:undname.obj
 0001:00025320       ?doAllocationLanguage@UnDecorator@@SAHXZ 00426320 f i libvcruntimed:undname.obj
 0001:00025350       ?doAllocationModel@UnDecorator@@SAHXZ 00426350 f i libvcruntimed:undname.obj
 0001:00025380       ?doEcsu@UnDecorator@@SAHXZ 00426380 f i libvcruntimed:undname.obj
 0001:000253b0       ?doEllipsis@UnDecorator@@SAHXZ 004263b0 f i libvcruntimed:undname.obj
 0001:000253e0       ?doFunctionReturns@UnDecorator@@SAHXZ 004263e0 f i libvcruntimed:undname.obj
 0001:00025410       ?doMSKeywords@UnDecorator@@SAHXZ 00426410 f i libvcruntimed:undname.obj
 0001:00025440       ?doMemberTypes@UnDecorator@@SAHXZ 00426440 f i libvcruntimed:undname.obj
 0001:00025470       ?doNameOnly@UnDecorator@@SAHXZ 00426470 f i libvcruntimed:undname.obj
 0001:00025490       ?doNoIdentCharCheck@UnDecorator@@SAHXZ 00426490 f i libvcruntimed:undname.obj
 0001:000254b0       ?doPchar@DName@@AAEXPBDH@Z 004264b0 f   libvcruntimed:undname.obj
 0001:00025640       ?doPtr64@UnDecorator@@SAHXZ 00426640 f i libvcruntimed:undname.obj
 0001:00025670       ?doRestrictionSpec@UnDecorator@@SAHXZ 00426670 f i libvcruntimed:undname.obj
 0001:000256a0       ?doThisTypes@UnDecorator@@SAHXZ 004266a0 f i libvcruntimed:undname.obj
 0001:000256e0       ?doThrowTypes@UnDecorator@@SAHXZ 004266e0 f i libvcruntimed:undname.obj
 0001:00025710       ?doTypeOnly@UnDecorator@@SAHXZ 00426710 f i libvcruntimed:undname.obj
 0001:00025730       ?doUnderScore@UnDecorator@@SAHXZ 00426730 f i libvcruntimed:undname.obj
 0001:00025760       ?getArgumentList@UnDecorator@@CA?AVDName@@XZ 00426760 f   libvcruntimed:undname.obj
 0001:00025900       ?getArgumentTypes@UnDecorator@@CA?AVDName@@XZ 00426900 f   libvcruntimed:undname.obj
 0001:00025aa0       ?getArrayType@UnDecorator@@CA?AVDName@@ABV2@@Z 00426aa0 f i libvcruntimed:undname.obj
 0001:00025dc0       ?getBasedType@UnDecorator@@CA?AVDName@@XZ 00426dc0 f   libvcruntimed:undname.obj
 0001:00025ec0       ?getBasicDataType@UnDecorator@@CA?AVDName@@ABV2@@Z 00426ec0 f   libvcruntimed:undname.obj
 0001:00026660       ?getCHPEName@UnDecorator@@QAEPADPADH@Z 00427660 f i libvcruntimed:undname.obj
 0001:00026820       ?getCallIndex@UnDecorator@@CA?AVDName@@XZ 00427820 f i libvcruntimed:undname.obj
 0001:00026840       ?getCallingConvention@UnDecorator@@CA?AVDName@@XZ 00427840 f   libvcruntimed:undname.obj
 0001:00026ae0       ?getDataIndirectType@UnDecorator@@CA?AVDName@@ABV2@PBD0H@Z 00427ae0 f   libvcruntimed:undname.obj
 0001:00027620       ?getDataIndirectType@UnDecorator@@CA?AVDName@@XZ 00428620 f i libvcruntimed:undname.obj
 0001:00027670       ?getDataType@UnDecorator@@CA?AVDName@@PAV2@@Z 00428670 f   libvcruntimed:undname.obj
 0001:000277e0       ?getDecoratedName@UnDecorator@@CA?AVDName@@XZ 004287e0 f   libvcruntimed:undname.obj
 0001:00027d10       ?getDimension@UnDecorator@@CA?AVDName@@_N@Z 00428d10 f   libvcruntimed:undname.obj
 0001:00028070       ?getDispatchTarget@UnDecorator@@CA?AVDName@@XZ 00429070 f   libvcruntimed:undname.obj
 0001:00028140       ?getDisplacement@UnDecorator@@CA?AVDName@@XZ 00429140 f i libvcruntimed:undname.obj
 0001:00028160       ?getECSUDataType@UnDecorator@@CA?AVDName@@XZ 00429160 f   libvcruntimed:undname.obj
 0001:000283b0       ?getECSUName@UnDecorator@@CA?AVDName@@XZ 004293b0 f i libvcruntimed:undname.obj
 0001:000283d0       ?getEnumType@UnDecorator@@CA?AVDName@@XZ 004293d0 f i libvcruntimed:undname.obj
 0001:00028570       ?getExtendedDataIndirectType@UnDecorator@@CA?AVDName@@AAPBDAA_NH@Z 00429570 f   libvcruntimed:undname.obj
 0001:00028860       ?getExternalDataType@UnDecorator@@CA?AVDName@@ABV2@@Z 00429860 f i libvcruntimed:undname.obj
 0001:00028930       ?getFunctionIndirectType@UnDecorator@@CA?AVDName@@ABV2@@Z 00429930 f   libvcruntimed:undname.obj
 0001:00028fd0       ?getGuardNumber@UnDecorator@@CA?AVDName@@XZ 00429fd0 f i libvcruntimed:undname.obj
 0001:00028ff0       ?getLastChar@DName@@QBEDXZ 00429ff0 f i libvcruntimed:undname.obj
 0001:00029040       ?getLastChar@DNameStatusNode@@UBEDXZ 0042a040 f i libvcruntimed:undname.obj
 0001:00029080       ?getLastChar@charNode@@UBEDXZ 0042a080 f i libvcruntimed:undname.obj
 0001:000290a0       ?getLastChar@pDNameNode@@UBEDXZ 0042a0a0 f i libvcruntimed:undname.obj
 0001:000290e0       ?getLastChar@pairNode@@UBEDXZ 0042a0e0 f i libvcruntimed:undname.obj
 0001:00029160       ?getLastChar@pcharNode@@UBEDXZ 0042a160 f i libvcruntimed:undname.obj
 0001:000291a0       ?getLexicalFrame@UnDecorator@@CA?AVDName@@XZ 0042a1a0 f i libvcruntimed:undname.obj
 0001:000291f0       ?getMemory@_HeapManager@@QAEPAXIH@Z 0042a1f0 f   libvcruntimed:undname.obj
 0001:00029360       ?getNoexcept@UnDecorator@@CA?AVDName@@XZ 0042a360 f   libvcruntimed:undname.obj
 0001:000293e0       ?getNumberOfDimensions@UnDecorator@@CAHXZ 0042a3e0 f   libvcruntimed:undname.obj
 0001:00029520       ?getOperatorName@UnDecorator@@CA?AVDName@@_NPA_N@Z 0042a520 f i libvcruntimed:undname.obj
 0001:0002a2d0       ?getPointerType@UnDecorator@@CA?AVDName@@ABV2@0@Z 0042b2d0 f i libvcruntimed:undname.obj
 0001:0002a310       ?getPointerTypeArray@UnDecorator@@CA?AVDName@@ABV2@0@Z 0042b310 f i libvcruntimed:undname.obj
 0001:0002a350       ?getPrimaryDataType@UnDecorator@@CA?AVDName@@ABV2@@Z 0042b350 f   libvcruntimed:undname.obj
 0001:0002a840       ?getPtrRefDataType@UnDecorator@@CA?AVDName@@ABV2@H@Z 0042b840 f   libvcruntimed:undname.obj
 0001:0002ab00       ?getPtrRefType@UnDecorator@@CA?AVDName@@ABV2@0PBD@Z 0042bb00 f   libvcruntimed:undname.obj
 0001:0002acd0       ?getReferenceType@UnDecorator@@CA?AVDName@@ABV2@0PBD@Z 0042bcd0 f i libvcruntimed:undname.obj
 0001:0002ad00       ?getRestrictionSpec@UnDecorator@@CA?AVDName@@XZ 0042bd00 f   libvcruntimed:undname.obj
 0001:0002aed0       ?getReturnType@UnDecorator@@CA?AVDName@@PAV2@@Z 0042bed0 f   libvcruntimed:undname.obj
 0001:0002af30       ?getScope@UnDecorator@@CA?AVDName@@XZ 0042bf30 f   libvcruntimed:undname.obj
 0001:0002b630       ?getScopedName@UnDecorator@@CA?AVDName@@XZ 0042c630 f   libvcruntimed:undname.obj
 0001:0002b7c0       ?getSignedDimension@UnDecorator@@CA?AVDName@@XZ 0042c7c0 f   libvcruntimed:undname.obj
 0001:0002b860       ?getStorageConvention@UnDecorator@@CA?AVDName@@XZ 0042c860 f i libvcruntimed:undname.obj
 0001:0002b880       ?getString@DName@@QBEPADPAD0@Z 0042c880 f i libvcruntimed:undname.obj
 0001:0002b8f0       ?getString@DName@@QBEPADPADH@Z 0042c8f0 f i libvcruntimed:undname.obj
 0001:0002b9a0       ?getString@DNameStatusNode@@UBEPADPAD0@Z 0042c9a0 f i libvcruntimed:undname.obj
 0001:0002b9e0       ?getString@charNode@@UBEPADPAD0@Z 0042c9e0 f i libvcruntimed:undname.obj
 0001:0002ba20       ?getString@pDNameNode@@UBEPADPAD0@Z 0042ca20 f i libvcruntimed:undname.obj
 0001:0002ba70       ?getString@pairNode@@UBEPADPAD0@Z 0042ca70 f i libvcruntimed:undname.obj
 0001:0002bb20       ?getString@pcharNode@@UBEPADPAD0@Z 0042cb20 f i libvcruntimed:undname.obj
 0001:0002bb60       ?getStringEncoding@UnDecorator@@CA?AVDName@@PBDH@Z 0042cb60 f   libvcruntimed:undname.obj
 0001:0002bcb0       ?getStringHelper@@YAPADPADPBD1H@Z 0042ccb0 f i libvcruntimed:undname.obj
 0001:0002bd00       ?getSymbolName@UnDecorator@@CA?AVDName@@XZ 0042cd00 f i libvcruntimed:undname.obj
 0001:0002bdb0       ?getTemplateArgumentList@UnDecorator@@CA?AVDName@@XZ 0042cdb0 f   libvcruntimed:undname.obj
 0001:0002c2d0       ?getTemplateConstant@UnDecorator@@CA?AVDName@@XZ 0042d2d0 f   libvcruntimed:undname.obj
 0001:0002ca80       ?getTemplateName@UnDecorator@@CA?AVDName@@_N@Z 0042da80 f   libvcruntimed:undname.obj
 0001:0002ccd0       ?getThisType@UnDecorator@@CA?AVDName@@XZ 0042dcd0 f i libvcruntimed:undname.obj
 0001:0002cd20       ?getThrowTypes@UnDecorator@@CA?AVDName@@XZ 0042dd20 f   libvcruntimed:undname.obj
 0001:0002cd70       ?getTypeEncoding@UnDecorator@@CAHXZ 0042dd70 f i libvcruntimed:undname.obj
 0001:0002daa0       ?getUndecoratedName@UnDecorator@@QAEPADPADH@Z 0042eaa0 f i libvcruntimed:undname.obj
 0001:0002dc40       ?getVCallThunkType@UnDecorator@@CA?AVDName@@XZ 0042ec40 f i libvcruntimed:undname.obj
 0001:0002dcc0       ?getVbTableType@UnDecorator@@CA?AVDName@@ABV2@@Z 0042ecc0 f i libvcruntimed:undname.obj
 0001:0002dce0       ?getVdispMapType@UnDecorator@@CA?AVDName@@ABV2@@Z 0042ece0 f i libvcruntimed:undname.obj
 0001:0002dd70       ?getVfTableType@UnDecorator@@CA?AVDName@@ABV2@@Z 0042ed70 f i libvcruntimed:undname.obj
 0001:0002dfd0       ?getZName@UnDecorator@@CA?AVDName@@_N0@Z 0042efd0 f   libvcruntimed:undname.obj
 0001:0002e390       ?haveTemplateParameters@UnDecorator@@SAHXZ 0042f390 f i libvcruntimed:undname.obj
 0001:0002e3b0       ?isArray@DName@@QBEHXZ     0042f3b0 f i libvcruntimed:undname.obj
 0001:0002e3d0       ?isComArray@DName@@QBEHXZ  0042f3d0 f i libvcruntimed:undname.obj
 0001:0002e3f0       ?isEmpty@DName@@QBEHXZ     0042f3f0 f i libvcruntimed:undname.obj
 0001:0002e430       ?isFull@Replicator@@QBEHXZ 0042f430 f i libvcruntimed:undname.obj
 0001:0002e470       ?isNoTE@DName@@QBEHXZ      0042f470 f i libvcruntimed:undname.obj
 0001:0002e490       ?isPinPtr@DName@@QBEHXZ    0042f490 f i libvcruntimed:undname.obj
 0001:0002e4b0       ?isPtrRef@DName@@QBEHXZ    0042f4b0 f i libvcruntimed:undname.obj
 0001:0002e4d0       ?isUDC@DName@@QBEHXZ       0042f4d0 f i libvcruntimed:undname.obj
 0001:0002e520       ?isUDTThunk@DName@@QBEHXZ  0042f520 f i libvcruntimed:undname.obj
 0001:0002e570       ?isVCallThunk@DName@@QBEHXZ 0042f570 f i libvcruntimed:undname.obj
 0001:0002e590       ?isValid@DName@@QBEHXZ     0042f590 f i libvcruntimed:undname.obj
 0001:0002e5d0       ?length@DName@@QBEHXZ      0042f5d0 f i libvcruntimed:undname.obj
 0001:0002e620       ?length@DNameStatusNode@@UBEHXZ 0042f620 f i libvcruntimed:undname.obj
 0001:0002e640       ?length@charNode@@UBEHXZ   0042f640 f i libvcruntimed:undname.obj
 0001:0002e660       ?length@pDNameNode@@UBEHXZ 0042f660 f i libvcruntimed:undname.obj
 0001:0002e6a0       ?length@pairNode@@UBEHXZ   0042f6a0 f i libvcruntimed:undname.obj
 0001:0002e730       ?length@pcharNode@@UBEHXZ  0042f730 f i libvcruntimed:undname.obj
 0001:0002e750       ?make@DNameStatusNode@@SAPBV1@W4DNameStatus@@@Z 0042f750 f i libvcruntimed:undname.obj
[...]
 0002:0002a2b8       __sehtable$?heap_alloc_dbg_internal@@YAPAXIHQBDH@Z 004e72b8     libucrtd:debug_heap.obj
 0002:0002a2d8       __sehtable$__CrtSetDbgBlockType 004e72d8     libucrtd:debug_heap.obj
 0002:0002a2f8       __sehtable$_terminate      004e72f8     libucrtd:terminate.obj
 0002:0002a318       __sehtable$??$?RV<lambda_15ade71b0218206bbe3333a0c9b79046>@@AAV<lambda_da44e0f8b0f19ba52fefafb335991732>@@V<lambda_207f2d024fc103971653565357d6cd41>@@@?$__crt_seh_guarded_call@X@@QAEX$$QAV<lambda_15ade71b0218206bbe3333a0c9b79046>@@AAV<lambda_da44e0f8b0f19ba52fefafb335991732>@@$$QAV<lambda_207f2d024fc103971653565357d6cd41>@@@Z 004e7318     libucrtd:per_thread_data.obj
 0002:0002a338       __sehtable$??$?RV<lambda_a7e850c220f1c8d1e6efeecdedd162c6>@@AAV<lambda_46720907175c18b6c9d2717bc0d2d362>@@V<lambda_9048902d66e8d99359bc9897bbb930a8>@@@?$__crt_seh_guarded_call@X@@QAEX$$QAV<lambda_a7e850c220f1c8d1e6efeecdedd162c6>@@AAV<lambda_46720907175c18b6c9d2717bc0d2d362>@@$$QAV<lambda_9048902d66e8d99359bc9897bbb930a8>@@@Z 004e7338     libucrtd:per_thread_data.obj
 0002:0002a358       __sehtable$??$?RV<lambda_eb0e2b1d104b126d27395a74edba6f03>@@AAV<lambda_d51eb34c9f7d53dbc39f6b791b6a3e42>@@V<lambda_f7564ebddb1f0eaf818ab6f3eade8363>@@@?$__crt_seh_guarded_call@X@@QAEX$$QAV<lambda_eb0e2b1d104b126d27395a74edba6f03>@@AAV<lambda_d51eb34c9f7d53dbc39f6b791b6a3e42>@@$$QAV<lambda_f7564ebddb1f0eaf818ab6f3eade8363>@@@Z 004e7358     libucrtd:per_thread_data.obj
 0002:0002a378       __sehtable$??$?RV<lambda_6affb1475c98b40b75cdec977db92e3c>@@AAV<lambda_b8d4b9c228a6ecc3f80208dbb4b4a104>@@V<lambda_608742c3c92a14382c1684fc64f96c88>@@@?$__crt_seh_guarded_call@X@@QAEX$$QAV<lambda_6affb1475c98b40b75cdec977db92e3c>@@AAV<lambda_b8d4b9c228a6ecc3f80208dbb4b4a104>@@$$QAV<lambda_608742c3c92a14382c1684fc64f96c88>@@@Z 004e7378     libucrtd:per_thread_data.obj
 0002:0002a398       __unwindtable$?fp_format_a@@YAHQBNPADIQADIH_NIQAU__crt_locale_pointers@@@Z 004e7398     libucrtd:cvt.obj
 0002:0002a3a0       __ehfuncinfo$?fp_format_a@@YAHQBNPADIQADIH_NIQAU__crt_locale_pointers@@@Z 004e73a0     libucrtd:cvt.obj
 0002:0002a3c8       __sehtable$_fputwc         004e73c8     libucrtd:fputwc.obj
 0002:0002a3e8       __sehtable$_fputc          004e73e8     libucrtd:fputc.obj
 0002:0002a408       __sehtable$___acrt_initialize_lowio 004e7408     libucrtd:ioinit.obj
 0002:0002a428       __sehtable$??$?RV<lambda_e683defbe2e5a27c42b5544acbb13393>@@AAV<lambda_4e7105787b7b0e0227fbf2b2d883fa65>@@V<lambda_80a887151cae997482d53eaa74bb832b>@@@?$__crt_seh_guarded_call@H@@QAEH$$QAV<lambda_e683defbe2e5a27c42b5544acbb13393>@@AAV<lambda_4e7105787b7b0e0227fbf2b2d883fa65>@@$$QAV<lambda_80a887151cae997482d53eaa74bb832b>@@@Z 004e7428     libucrtd:close.obj
 0002:0002a448       __sehtable$?__acrt_stdio_allocate_stream@@YA?AV__crt_stdio_stream@@XZ 004e7448     libucrtd:stream.obj
 0002:0002a468       __sehtable$??$?RV<lambda_2866be3712abc81a800a822484c830d8>@@AAV<lambda_39ca0ed439415581b5b15c265174cece>@@V<lambda_2b24c74d71094a6cd0cb82e44167d71b>@@@?$__crt_seh_guarded_call@X@@QAEX$$QAV<lambda_2866be3712abc81a800a822484c830d8>@@AAV<lambda_39ca0ed439415581b5b15c265174cece>@@$$QAV<lambda_2b24c74d71094a6cd0cb82e44167d71b>@@@Z 004e7468     libucrtd:fflush.obj
 0002:0002a488       __sehtable$??$?RV<lambda_2cc53f568c5a2bb6f192f930a45d44ea>@@AAV<lambda_ab61a845afdef5b7c387490eaf3616ee>@@V<lambda_c2ffc0b7726aa6be21d5f0026187e748>@@@?$__crt_seh_guarded_call@X@@QAEX$$QAV<lambda_2cc53f568c5a2bb6f192f930a45d44ea>@@AAV<lambda_ab61a845afdef5b7c387490eaf3616ee>@@$$QAV<lambda_c2ffc0b7726aa6be21d5f0026187e748>@@@Z 004e7488     libucrtd:fflush.obj
 0002:0002a4a8       __sehtable$??$?RV<lambda_6d20deecaf4856105ebacbad442d1079>@@AAV<lambda_9a32fed5bf61b6b509b2d3f6003082a1>@@V<lambda_63ea2239ed67c638ddbae41947fdf875>@@@?$__crt_seh_guarded_call@H@@QAEH$$QAV<lambda_6d20deecaf4856105ebacbad442d1079>@@AAV<lambda_9a32fed5bf61b6b509b2d3f6003082a1>@@$$QAV<lambda_63ea2239ed67c638ddbae41947fdf875>@@@Z 004e74a8     libucrtd:fflush.obj
 0002:0002a4c8       __sehtable$__read          004e74c8     libucrtd:read.obj
 0002:0002a4e8       __sehtable$__write         004e74e8     libucrtd:write.obj
 0002:0002a508       __sehtable$??$?RV<lambda_17c4e7ff7f442731b1cde60a93c62b87>@@AAV<lambda_3aae883670d60947a98255ae2090162b>@@V<lambda_4bd9fcf6b31ca5d12e1fb858222d6f52>@@@?$__crt_seh_guarded_call@H@@QAEH$$QAV<lambda_17c4e7ff7f442731b1cde60a93c62b87>@@AAV<lambda_3aae883670d60947a98255ae2090162b>@@$$QAV<lambda_4bd9fcf6b31ca5d12e1fb858222d6f52>@@@Z 004e7508     libucrtd:setvbuf.obj
 0002:0002a528       __sehtable$_signal         004e7528     libucrtd:signal.obj
 0002:0002a548       __sehtable$_raise          004e7548     libucrtd:signal.obj
 0002:0002a568       __sehtable$?ctrlevent_capture@@YGHK@Z 004e7568     libucrtd:signal.obj
 0002:0002a588       __sehtable$??$?RV<lambda_cbab9ec6f41b0180b23cc171c22676b0>@@AAV<lambda_44731a7d0e6d81c3e6aa82d741081786>@@V<lambda_4b292cb8dd18144e164572427af410ab>@@@?$__crt_seh_guarded_call@P6AXH@Z@@QAEP6AXH@Z$$QAV<lambda_cbab9ec6f41b0180b23cc171c22676b0>@@AAV<lambda_44731a7d0e6d81c3e6aa82d741081786>@@$$QAV<lambda_4b292cb8dd18144e164572427af410ab>@@@Z 004e7588     libucrtd:signal.obj
 0002:0002a5a8       __sehtable$??$?RV<lambda_93797fb4802c957ba6a7f08e1250235b>@@AAV<lambda_1f3ce6bd48e0aa2e72a71c02eee379d3>@@V<lambda_56cae30c9364c9b6c15aeaac05d0418e>@@@?$__crt_seh_guarded_call@H@@QAEH$$QAV<lambda_93797fb4802c957ba6a7f08e1250235b>@@AAV<lambda_1f3ce6bd48e0aa2e72a71c02eee379d3>@@$$QAV<lambda_56cae30c9364c9b6c15aeaac05d0418e>@@@Z 004e75a8     libucrtd:winapi_thunks.obj
 0002:0002a5c8       __sehtable$__fcloseall     004e75c8     libucrtd:closeall.obj
 0002:0002a5e8       __sehtable$___set_fpsr_sse2 004e75e8     libucrtd:fpctrl.obj
 0002:0002a608       __sehtable$?update_thread_multibyte_data_internal@@YAPAU__crt_multibyte_data@@QAU__acrt_ptd@@QAPAU1@@Z 004e7608     libucrtd:mbctype.obj
 0002:0002a628       __sehtable$??$?RV<lambda_b5fb591949065c3fa449bad279e8c939>@@AAV<lambda_6c10a39a819b864ce80acc26b314dcd3>@@V<lambda_e567670a9eae49807d365f3e9c117712>@@@?$__crt_seh_guarded_call@X@@QAEX$$QAV<lambda_b5fb591949065c3fa449bad279e8c939>@@AAV<lambda_6c10a39a819b864ce80acc26b314dcd3>@@$$QAV<lambda_e567670a9eae49807d365f3e9c117712>@@@Z 004e7628     libucrtd:mbctype.obj
 0002:0002a648       __sehtable$__VCrtDbgReportA 004e7648     libucrtd:dbgrptt.obj
 0002:0002a678       __sehtable$__VCrtDbgReportW 004e7678     libucrtd:dbgrptt.obj
 0002:0002a6a8       __sehtable$__open_osfhandle 004e76a8     libucrtd:osfinfo.obj
 0002:0002a6c8       __sehtable$__alloc_osfhnd  004e76c8     libucrtd:osfinfo.obj
 0002:0002a6e8       __sehtable$___acrt_lowio_ensure_fh_exists 004e76e8     libucrtd:osfinfo.obj
 0002:0002a708       __sehtable$___acrt_update_thread_locale_data 004e7708     libucrtd:locale_refcounting.obj
 0002:0002a728       __sehtable$??$?RV<lambda_73934b50d04267ee15484ada9e51f93a>@@AAV<lambda_5533cddd4bda0037814beee657757329>@@V<lambda_505f522a38cc75b1e009910344c75d09>@@@?$__crt_seh_guarded_call@H@@QAEH$$QAV<lambda_73934b50d04267ee15484ada9e51f93a>@@AAV<lambda_5533cddd4bda0037814beee657757329>@@$$QAV<lambda_505f522a38cc75b1e009910344c75d09>@@@Z 004e7728     libucrtd:commit.obj
 0002:0002a748       __sehtable$??$common_open@D@@YAHQBDHH@Z 004e7748     libucrtd:open.obj
 0002:0002a768       __sehtable$??$common_open@_W@@YAHQB_WHH@Z 004e7768     libucrtd:open.obj
 0002:0002a788       __sehtable$??$common_sopen_dispatch@D@@YAHQBDHHHQAHH@Z 004e7788     libucrtd:open.obj
 0002:0002a7a8       __sehtable$??$common_sopen_dispatch@_W@@YAHQB_WHHHQAHH@Z 004e77a8     libucrtd:open.obj
 0002:0002a7c8       __ehfuncinfo$??1?$__crt_win32_buffer@_WU__crt_win32_buffer_internal_dynamic_resizing@@@@QAE@XZ 004e77c8     libucrtd:open.obj
 0002:0002a7f0       __sehtable$??$common_lseek@J@@YAJHJH@Z 004e77f0     libucrtd:lseek.obj
 0002:0002a810       __sehtable$??$common_lseek@_J@@YA_JH_JH@Z 004e7810     libucrtd:lseek.obj
 0002:0002a830       __sehtable$??$?RV<lambda_f828341fbe69b7c0d4c527b01f22877f>@@AAV<lambda_9e0b6ab72a5b3ae37ad997d08b519f50>@@V<lambda_f01deac0a8d65d6e0411edf7e0af5775>@@@?$__crt_seh_guarded_call@G@@QAEG$$QAV<lambda_f828341fbe69b7c0d4c527b01f22877f>@@AAV<lambda_9e0b6ab72a5b3ae37ad997d08b519f50>@@$$QAV<lambda_f01deac0a8d65d6e0411edf7e0af5775>@@@Z 004e7830     libucrtd:putwch.obj
 0002:0002a850       __unwindtable$?shortsort@@YAXPAD0IP6AHPBX1@Z@Z 004e7850     libucrtd:qsort.obj
 0002:0002a858       __ehfuncinfo$?shortsort@@YAXPAD0IP6AHPBX1@Z@Z 004e7858     libucrtd:qsort.obj
 0002:0002a880       __ehfuncinfo$??1?$__crt_win32_buffer@DU__crt_win32_buffer_no_resizing@@@@QAE@XZ 004e7880     libucrtd:findnextfilea.obj
 0002:0002a8a8       __unwindtable$?_wcstombs_l_helper@@YAIPADPB_WIPAU__crt_locale_pointers@@@Z 004e78a8     libucrtd:wcstombs.obj
 0002:0002a8b0       __ehfuncinfo$?_wcstombs_l_helper@@YAIPADPB_WIPAU__crt_locale_pointers@@@Z 004e78b0     libucrtd:wcstombs.obj
 0002:0002a8d8       __sehtable$??$?RV<lambda_ac3d7779b8d7d49a5360228aa6468071>@@AAV<lambda_b1e214002d83f0fa273391baf2030f5b>@@V<lambda_9097b8fcd9dc7a902bc698871afe1982>@@@?$__crt_seh_guarded_call@H@@QAEH$$QAV<lambda_ac3d7779b8d7d49a5360228aa6468071>@@AAV<lambda_b1e214002d83f0fa273391baf2030f5b>@@$$QAV<lambda_9097b8fcd9dc7a902bc698871afe1982>@@@Z 004e78d8     libucrtd:chsize.obj
 0002:0002a8f8       __sehtable$__IsNonwritableInCurrentImage 004e78f8     LIBCMTD:pesect.obj
 0003:00000000       ?gPlaneData@@3PAMA         004e8000     DrawObjects.obj
 0003:00000090       ?gCylinderData@@3PAMA      004e8090     DrawObjects.obj
 0003:00000300       ?gCylinderDataCapsTop@@3PAMA 004e8300     DrawObjects.obj
 0003:00000660       ?gCylinderDataCapsBottom@@3PAMA 004e8660     DrawObjects.obj
 0003:0000a7d8       ?searchPathArray@@3PAPBDA  004f27d8     MediaPath_WIN.obj
 0003:0000a870       ?__vcrt_flsindex@@3KA      004f2870     libvcruntimed:per_thread_data.obj
 0003:0000a96c       __ctype_loc_style          004f296c     libucrtd:wsetlocale.obj
 0003:0000a970       ?__acrt_current_request_number@@3JA 004f2970     libucrtd:debug_heap.obj
 0003:0000a980       ?__acrt_debug_fill_threshold@@3IA 004f2980     libucrtd:debug_fill_threshold.obj
 0003:0000a984       ?errno_no_memory@@3HA      004f2984     libucrtd:errno.obj
 0003:0000a988       ?doserrno_no_memory@@3KA   004f2988     libucrtd:errno.obj
 0003:0000a98c       ?__acrt_flsindex@@3KA      004f298c     libucrtd:per_thread_data.obj
 0003:0000abf4       ?__DAZ_ENABLED@?1??__set_fpsr_sse2@@9@9 004f2bf4     libucrtd:fpctrl.obj
 0003:0000ae88       __mbctypes                 004f2e88     libucrtd:mbctype.obj
 0003:0000afc0       __mbcasemaps               004f2fc0     libucrtd:mbctype.obj
 0003:0000b0f4       ?__rgctypeflag@@3PADA      004f30f4     libucrtd:mbctype.obj
 0003:0000b0f8       ?__rgcode_page_info@@3PAUcode_page_info@@A 004f30f8     libucrtd:mbctype.obj
 0003:0000b2c0       ?__dcrt_lowio_console_output_handle@@3PAXA 004f32c0     libucrtd:initcon.obj
 0003:0000b7f8       ?iBufferSize@?1??DrawTriangleList@@YAXHPAU_Triangle@@PAVNxVec3@@@Z@4HA 004f37f8     DrawObjects.obj
 0003:0000b7fc       ?pfVertexBuffer@?1??DrawTriangleList@@YAXHPAU_Triangle@@PAVNxVec3@@@Z@4PAMA 004f37fc     DrawObjects.obj
 0003:0000b800       ?pfNormalBuffer@?1??DrawTriangleList@@YAXHPAU_Triangle@@PAVNxVec3@@@Z@4PAMA 004f3800     DrawObjects.obj
 0003:0000b820       ?previousTime@?1??getElapsedTime@@YAMXZ@4T_LARGE_INTEGER@@A 004f3820     Timing_WIN.obj
 0003:0000b830       ?freq@?1??getElapsedTime@@YAMXZ@4T_LARGE_INTEGER@@A 004f3830     Timing_WIN.obj
 0003:0000b839       ?init@?1??getElapsedTime@@YAMXZ@4_NA 004f3839     Timing_WIN.obj
 0003:0000b9ac       ?boxIndex@@3GA             004f39ac     Lesson105.obj
 0003:0000b9b0       ?capsuleIndex@@3GA         004f39b0     Lesson105.obj
 0003:0000b9b4       ?sphereIndex@@3GA          004f39b4     Lesson105.obj
 0003:0000b9b8       ?iceIndex@@3GA             004f39b8     Lesson105.obj
 0003:0000b9bc       ?rockIndex@@3GA            004f39bc     Lesson105.obj
 0003:0000b9c0       ?mudIndex@@3GA             004f39c0     Lesson105.obj
 0003:0000b9c4       ?grassIndex@@3GA           004f39c4     Lesson105.obj
 0003:0000ba14       ?random@?1??trand@@YAMXZ@4VRandom@@A 004f3a14     Lesson105.obj
 0003:0000ba18       ?$TSS0@?1??trand@@YAMXZ@4HA 004f3a18     Lesson105.obj
 0003:0000ba24       ?is_initialized_as_dll@@3_NA 004f3a24     LIBCMTD:utility.obj
 0003:0000ba25       ?module_local_atexit_table_initialized@@3_NA 004f3a25     LIBCMTD:utility.obj
 0003:0000ba28       ?module_local_atexit_table@@3U_onexit_table_t@@A 004f3a28     LIBCMTD:utility.obj
 0003:0000ba34       ?module_local_at_quick_exit_table@@3U_onexit_table_t@@A 004f3a34     LIBCMTD:utility.obj
 0003:0000ba48       _GS_ExceptionRecord        004f3a48     LIBCMTD:gs_report.obj
 0003:0000ba98       _GS_ContextRecord          004f3a98     LIBCMTD:gs_report.obj
 0003:0000be04       ?_Tss_mutex@@3U_RTL_CRITICAL_SECTION@@A 004f3e04     LIBCMTD:thread_safe_statics.obj
 0003:0000be1c       ?_Tss_cv@@3U_RTL_CONDITION_VARIABLE@@A 004f3e1c     LIBCMTD:thread_safe_statics.obj
 0003:0000be20       ?_Tss_event@@3PAXA         004f3e20     LIBCMTD:thread_safe_statics.obj
 0003:0000be24       ?encoded_sleep_condition_variable_cs@@3P6GHPAU_RTL_CONDITION_VARIABLE@@PAU_RTL_CRITICAL_SECTION@@K@ZA 004f3e24     LIBCMTD:thread_safe_statics.obj
 0003:0000be28       ?encoded_wake_all_condition_variable@@3P6GXPAU_RTL_CONDITION_VARIABLE@@@ZA 004f3e28     LIBCMTD:thread_safe_statics.obj
 0003:0000be64       ?__vcrt_startup_thread_ptd@@3U__vcrt_ptd@@A 004f3e64     libvcruntimed:per_thread_data.obj
 0003:0000be98       ___vcrt_lock_table         004f3e98     libvcruntimed:locks.obj
 0003:0000beb0       ___vcrt_locks_initialized  004f3eb0     libvcruntimed:locks.obj
 0003:0000bebc       ?module_handles@@3PAPAUHINSTANCE__@@A 004f3ebc     libvcruntimed:winapi_downlevel.obj
 0003:0000bec8       ?encoded_function_pointers@@3PAPAXA 004f3ec8     libvcruntimed:winapi_downlevel.obj
 0003:0000bf0c       ?heap@@3V_HeapManager@@A   004f3f0c     libvcruntimed:undname.obj
 0003:0000bf30       ?buf@?1??dbGetString@DName@@QBEPADXZ@4PADA 004f3f30     libvcruntimed:undname.obj
 0003:0000bfa4       ?c_termination_complete@@3JA 004f3fa4     libucrtd:exit.obj
 0003:0000bfa8       ?thread_local_exit_callback_func@@3P6GXPAXK0@ZA 004f3fa8     libucrtd:exit.obj
 0003:0000bfb0       ?__acrt_new_handler@@3V?$dual_state_global@P6AHI@Z@__crt_state_management@@A 004f3fb0     libucrtd:new_handler.obj
 0003:0000bfb8       ?program_name@?1???$common_configure_argv@D@@YAHW4_crt_argv_mode@@@Z@4PADA 004f3fb8     libucrtd:argv_parsing.obj
 0003:0000c0f8       ?program_name@?1???$common_configure_argv@_W@@YAHW4_crt_argv_mode@@@Z@4PA_WA 004f40f8     libucrtd:argv_parsing.obj
 0003:0000c3a0       ?__acrt_app_type@@3W4_crt_app_type@@A 004f43a0     libucrtd:report_runtime_error.obj
 0003:0000c3a8       ?outmsg@?9??__acrt_report_runtime_error@@9@4PA_WA 004f43a8     libucrtd:report_runtime_error.obj
 0003:0000cb0c       ?user_matherr@@3V?$dual_state_global@P6AHPAU_exception@@@Z@__crt_state_management@@A 004f4b0c     libucrtd:matherr.obj
 0003:0000cb30       ?__acrt_global_new_mode@@3V?$dual_state_global@J@__crt_state_management@@A 004f4b30     libucrtd:new_mode.obj
 0003:0000cb38       ?__acrt_first_block@@3PAU_CrtMemBlockHeader@@A 004f4b38     libucrtd:debug_heap.obj
 0003:0000cb3c       ?__acrt_last_block@@3PAU_CrtMemBlockHeader@@A 004f4b3c     libucrtd:debug_heap.obj
 0003:0000cb40       ?__acrt_total_allocations@@3IA 004f4b40     libucrtd:debug_heap.obj
 0003:0000cb44       ?__acrt_current_allocations@@3IA 004f4b44     libucrtd:debug_heap.obj
 0003:0000cb48       ?__acrt_max_allocations@@3IA 004f4b48     libucrtd:debug_heap.obj
 0003:0000cb4c       ?__acrt_check_frequency@@3IA 004f4b4c     libucrtd:debug_heap.obj
 0003:0000cb50       ?__acrt_check_counter@@3IA 004f4b50     libucrtd:debug_heap.obj
 0003:0000cb58       ?heap_validation_pending@@3_NA 004f4b58     libucrtd:debug_heap.obj
 0003:0000cb5c       ?__acrt_invalid_parameter_handler@@3V?$dual_state_global@P6AXPB_W00II@Z@__crt_state_management@@A 004f4b5c     libucrtd:invalid_parameter.obj
 0003:0000cb60       ?internal_state@?1??_mbtowc_l@@9@4U_Mbstatet@@A 004f4b60     libucrtd:mbtowc.obj
 0003:0000cb6c       ?enable_percent_n@@3IA     004f4b6c     libucrtd:printf_count_output.obj
 0003:0000cdec       ___acrt_error_mode         004f4dec     libucrtd:set_error_mode.obj
 0003:0000cdf0       ?console_ctrl_handler_installed@@3_NA 004f4df0     libucrtd:signal.obj
 0003:0000cdf4       ?ctrlc_action@@3V?$dual_state_global@P6AXH@Z@__crt_state_management@@A 004f4df4     libucrtd:signal.obj
 0003:0000cdf8       ?ctrlbreak_action@@3V?$dual_state_global@P6AXH@Z@__crt_state_management@@A 004f4df8     libucrtd:signal.obj
 0003:0000cdfc       ?abort_action@@3V?$dual_state_global@P6AXH@Z@__crt_state_management@@A 004f4dfc     libucrtd:signal.obj
 0003:0000ce00       ?term_action@@3V?$dual_state_global@P6AXH@Z@__crt_state_management@@A 004f4e00     libucrtd:signal.obj
 0003:0000ce08       ?module_handles@@3PAPAUHINSTANCE__@@A 004f4e08     libucrtd:winapi_thunks.obj
 0003:0000ce58       ?encoded_function_pointers@@3PAPAXA 004f4e58     libucrtd:winapi_thunks.obj
 0003:0000cf0c       ?static_enum_proc@?1??enum_system_locales_ex_nolock@@YAHQ6GHPA_WKJ@Z@Z@4P6GH0KJ@ZA 004f4f0c     libucrtd:winapi_thunks.obj
 0003:0000cf10       ?__acrt_lock_table@@3PAU_RTL_CRITICAL_SECTION@@A 004f4f10     libucrtd:locks.obj
 0003:0000d060       ?__acrt_locks_initialized@@3IA 004f5060     libucrtd:locks.obj
 0003:0000d0a8       ?state_cache@?1???$get_cached_win_policy@Ubegin_thread_init_policy_properties@?1??__acrt_get_begin_thread_init_policy@@YA?AW4begin_thread_init_policy@@XZ@@@YA?AW4begin_thread_init_policy@@W4AppPolicyThreadInitializationType@@@Z@4JA 004f50a8     libucrtd:win_policies.obj
 0003:0000d0ac       ?state_cache@?1???$get_cached_win_policy@Udeveloper_information_policy_properties@?1??__acrt_get_developer_information_policy@@YA?AW4developer_information_policy@@XZ@@@YA?AW4developer_information_policy@@W4AppPolicyShowDeveloperDiagnostic@@@Z@4JA 004f50ac     libucrtd:win_policies.obj
 0003:0000d0b0       ?state_cache@?1???$get_cached_win_policy@Uwindowing_model_policy_properties@?1??__acrt_get_windowing_model_policy@@YA?AW4windowing_model_policy@@XZ@@@YA?AW4windowing_model_policy@@W4AppPolicyWindowingModel@@@Z@4JA 004f50b0     libucrtd:win_policies.obj
 0003:0000d0c0       ?fSystemSet@@3HA           004f50c0     libucrtd:mbctype.obj
 0003:0000d0c7       ?initialized@?1??__acrt_initialize_multibyte@@9@4_NA 004f50c7     libucrtd:mbctype.obj
 0003:0000d0ec       ?mbst@?1??mbrlen@@9@4U_Mbstatet@@A 004f50ec     libucrtd:mbrtowc.obj
 0003:0000d0f8       ?mbst@?1??mbrtowc@@9@4U_Mbstatet@@A 004f50f8     libucrtd:mbrtowc.obj
 0003:0000d104       ?mbst@?1??_mbsrtowcs_helper@@YAIPA_WPAPBDIPAU_Mbstatet@@@Z@4U2@A 004f5104     libucrtd:mbrtowc.obj
 0003:0000d110       ?internal_pst@?1??__mbrtoc32_utf8@__crt_mbstring@@YAIPA_UPBDIPAU_Mbstatet@@@Z@4U3@A 004f5110     libucrtd:mbrtoc32.obj
 0003:0000d120       __pmatherr_set             004f5120     libucrtd:libm_error.obj
 0003:0000d124       ?internal_pst@?1??__c16rtomb_utf8@__crt_mbstring@@YAIPAD_SPAU_Mbstatet@@@Z@4U3@A 004f5124     libucrtd:c16rtomb.obj
 0004:000008d2       .idata$6                   004f68d2     PhysXLoader:PhysXLoader.dll
 0004:0000091a       .idata$6                   004f691a     PhysXCooking:PhysXCooking.dll
 0004:000009a8       .idata$6                   004f69a8     kernel32:KERNEL32.dll
 0004:00000b1a       .idata$6                   004f6b1a     glut32:glut32.dll
 0004:00000b34       .idata$6                   004f6b34     winmm:WINMM.dll
 0004:00000d1a       .idata$6                   004f6d1a     opengl32:OPENGL32.dll
 0004:00000d46       .idata$6                   004f6d46     glu32:GLU32.dll
 0007:00000170       $R000000                   004fa170     * linker generated manifest res *
