 Lesson111_DEBUG

 Timestamp is 62790dad (Mon May  9 15:48:45 2022)

 Preferred load address is 00400000

 Start         Length     Name                   Class
 0001:00000000 0000a130H .text$di                CODE
 0001:0000a130 000b8020H .text$mn                CODE
 0001:000c2150 00002600H .text$x                 CODE
 0001:000c4750 00001012H .text$yd                CODE
 0002:00000000 00000104H .CRT$XCA                DATA
 0002:00000104 00000104H .CRT$XCAA               DATA
 0002:00000208 0000011cH .CRT$XCU                DATA
 0002:00000324 00000104H .CRT$XCZ                DATA
 0002:00000428 00000104H .CRT$XIA                DATA
 0002:0000052c 00000104H .CRT$XIAA               DATA
 0002:00000630 00000104H .CRT$XIAC               DATA
 0002:00000734 00000110H .CRT$XIC                DATA
 0002:00000844 00000104H .CRT$XIZ                DATA
 0002:00000948 00000104H .CRT$XPA                DATA
 0002:00000a4c 0000010cH .CRT$XPX                DATA
 0002:00000b58 00000104H .CRT$XPXA               DATA
 0002:00000c5c 00000104H .CRT$XPZ                DATA
 0002:00000d60 00000104H .CRT$XTA                DATA
 0002:00000e64 0000010cH .CRT$XTZ                DATA
 0002:00000f70 0002686cH .rdata                  DATA
 0002:000277dc 00000914H .rdata$r                DATA
 0002:000280f0 00000250H .rdata$sxdata           DATA
 0002:00028340 000001d0H .rdata$zzzdbg           DATA
 0002:00028510 00000104H .rtc$IAA                DATA
 0002:00028614 00000104H .rtc$IZZ                DATA
 0002:00028718 00000104H .rtc$TAA                DATA
 0002:0002881c 00000104H .rtc$TZZ                DATA
 0002:00028920 000021f4H .xdata$x                DATA
 0002:0002ab14 00000000H .edata                  DATA
 0003:00000000 0000b414H .data                   DATA
 0003:0000b414 00000424H .data$r                 DATA
 0003:0000b838 00001924H .bss                    DATA
 0004:00000000 000003e4H .idata$5                DATA
 0004:000003e4 0000008cH .idata$2                DATA
 0004:00000470 00000014H .idata$3                DATA
 0004:00000484 000003e4H .idata$4                DATA
 0004:00000868 00000ccaH .idata$6                DATA
 0005:00000000 00000104H .00cfg                  DATA
 0006:00000000 00000170H .rsrc$01                DATA
 0006:00000170 000002ccH .rsrc$02                DATA

  Address         Publics by Value              Rva+Base       Lib:Object

 0000:00000000       ___guard_iat_count         00000000     <absolute>
 0000:00000000       ___volatile_metadata       00000000     <absolute>
 0000:00000000       ___guard_fids_table        00000000     <absolute>
 0000:00000000       ___hybrid_auxiliary_iat    00000000     <absolute>
 0000:00000000       __except_list              00000000     <absolute>
 0000:00000000       ___guard_iat_table         00000000     <absolute>
 0000:00000000       ___guard_longjmp_count     00000000     <absolute>
 0000:00000000       ___dynamic_value_reloc_table 00000000     <absolute>
 0000:00000000       ___enclave_config          00000000     <absolute>
 0000:00000000       ___hybrid_code_map         00000000     <absolute>
 0000:00000000       ___guard_fids_count        00000000     <absolute>
 0000:00000000       ___hybrid_code_map_count   00000000     <absolute>
 0000:00000000       ___guard_longjmp_table     00000000     <absolute>
 0000:00000046       ___safe_se_handler_count   00000046     <absolute>
 0000:00000100       ___guard_flags             00000100     <absolute>
 0000:00000000       ___ImageBase               00400000     <linker-defined>
 0001:0000a130       ?CreateGroundPlane@@YAPAVNxActor@@XZ 0040b130 f   Actors.obj
 0001:0000a200       ?CreateBox@@YAPAVNxActor@@ABVNxVec3@@0M@Z 0040b200 f   Actors.obj
 0001:0000a390       ?CreateSphere@@YAPAVNxActor@@ABVNxVec3@@MM@Z 0040b390 f   Actors.obj
 0001:0000a4f0       ?CreateCapsule@@YAPAVNxActor@@ABVNxVec3@@MMM@Z 0040b4f0 f   Actors.obj
 0001:0000a670       ?CreateHalfPyramid@@YAPAVNxActor@@ABVNxVec3@@0M@Z 0040b670 f   Actors.obj
 0001:0000abd0       ?CreatePyramid@@YAPAVNxActor@@ABVNxVec3@@0M@Z 0040bbd0 f   Actors.obj
 0001:0000b040       ?CreateDownWedge@@YAPAVNxActor@@ABVNxVec3@@0M@Z 0040c040 f   Actors.obj
 0001:0000b4b0       ?CreateFlatSurface@@YAPAVNxActor@@ABVNxVec3@@IIM@Z 0040c4b0 f   Actors.obj
 0001:0000bae0       ?CreateFlatHeightfield@@YAPAVNxActor@@ABVNxVec3@@IIM@Z 0040cae0 f   Actors.obj
 0001:0000c080       ?CreateConvexObjectComputeHull@@YAPAVNxActor@@ABVNxVec3@@0M@Z 0040d080 f   Actors.obj
 0001:0000c5a0       ?CreateConvexObjectSupplyHull@@YAPAVNxActor@@ABVNxVec3@@0M@Z 0040d5a0 f   Actors.obj
 0001:0000cc20       ?CreateConcaveObject@@YAPAVNxActor@@ABVNxVec3@@0M@Z 0040dc20 f   Actors.obj
 0001:0000d540       ?CreateBunny@@YAPAVNxActor@@ABVNxVec3@@PAVNxTriangleMesh@@M@Z 0040e540 f   Actors.obj
 0001:0000d6d0       ?CreateStack@@YAPAPAVNxActor@@ABVNxVec3@@00M@Z 0040e6d0 f   Actors.obj
 0001:0000d880       ?CreateTower@@YAPAPAVNxActor@@ABVNxVec3@@I0M@Z 0040e880 f   Actors.obj
 0001:0000d930       ?AnglesToQuat@@YA?AVNxQuat@@ABVNxVec3@@@Z 0040e930 f   Actors.obj
 0001:0000dad0       ?CreateBoxGear@@YAPAVNxActor@@ABVNxVec3@@MMMIM@Z 0040ead0 f   Actors.obj
 0001:0000e270       ?CreateWheel@@YAPAVNxActor@@ABVNxVec3@@MMMIM@Z 0040f270 f   Actors.obj
 0001:0000f0f0       ?CreateFrame@@YAPAVNxActor@@ABVNxVec3@@M@Z 004100f0 f   Actors.obj
 0001:0000f300       ?CreateStep@@YAPAVNxActor@@ABVNxVec3@@0M@Z 00410300 f   Actors.obj
 0001:0000f6a0       ?CreateChassis@@YAPAVNxActor@@ABVNxVec3@@0M@Z 004106a0 f   Actors.obj
 0001:0000fdf0       ?CreateTurret@@YAPAVNxActor@@ABVNxVec3@@0M@Z 00410df0 f   Actors.obj
 0001:000105f0       ?CreateCannon@@YAPAVNxActor@@ABVNxVec3@@0M@Z 004115f0 f   Actors.obj
 0001:00010b20       ?CreateBlade@@YAPAVNxActor@@ABVNxVec3@@0M@Z 00411b20 f   Actors.obj
 0001:00010c90       ?CreateBall@@YAPAVNxActor@@ABVNxVec3@@MM@Z 00411c90 f   Actors.obj
 0001:00010de0       ?SetActorCollisionGroup@@YAXPAVNxActor@@G@Z 00411de0 f   Actors.obj
 0001:00010e40       ?SetActorMaterial@@YAXPAVNxActor@@G@Z 00411e40 f   Actors.obj
 0001:00010ea0       ?PageInHardwareMeshes@@YAXPAVNxScene@@@Z 00411ea0 f   Actors.obj
 0001:00010ff0       ?SwitchCoordinateSystem@@YAXPAVNxScene@@VNxMat34@@@Z 00411ff0 f   Actors.obj
 0001:000139f0       ??0?$NxArray@PAVNxShapeDesc@@VNxAllocatorDefault@@@@QAE@XZ 004149f0 f i Actors.obj
 0001:00013a30       ??0NxActorDesc@@QAE@XZ     00414a30 f i Actors.obj
 0001:00013ad0       ??0NxActorDescBase@@IAE@XZ 00414ad0 f i Actors.obj
 0001:00013af0       ??0NxBodyDesc@@QAE@XZ      00414af0 f i Actors.obj
 0001:00013b90       ??0NxBoxShapeDesc@@QAE@XZ  00414b90 f i Actors.obj
 0001:00013c20       ??0NxCapsuleShapeDesc@@QAE@XZ 00414c20 f i Actors.obj
 0001:00013ca0       ??0NxConvexMeshDesc@@QAE@XZ 00414ca0 f i Actors.obj
 0001:00013cc0       ??0NxConvexShapeDesc@@QAE@XZ 00414cc0 f i Actors.obj
 0001:00013d40       ??0NxGroupsMask@@QAE@XZ    00414d40 f i Actors.obj
 0001:00013d60       ??0NxMat33@@QAE@ABV0@@Z    00414d60 f i Actors.obj
 0001:00013d90       ??0NxMat33@@QAE@XZ         00414d90 f i Actors.obj
 0001:00013db0       ??0NxMat34@@QAE@_N@Z       00414db0 f i Actors.obj
 0001:00013e50       ??0NxPlaneShapeDesc@@QAE@XZ 00414e50 f i Actors.obj
 0001:00013ee0       ??0NxQuat@@QAE@ABV0@@Z     00414ee0 f i Actors.obj
 0001:00013f30       ??0NxQuat@@QAE@XZ          00414f30 f i Actors.obj
 0001:00013f50       ??0NxShapeDesc@@IAE@W4NxShapeType@@@Z 00414f50 f i Actors.obj
 0001:00013ff0       ??0NxSimpleTriangleMesh@@QAE@XZ 00414ff0 f i Actors.obj
 0001:00014010       ??0NxSphereShapeDesc@@QAE@XZ 00415010 f i Actors.obj
 0001:00014090       ??0NxTriangleMeshDesc@@QAE@XZ 00415090 f i Actors.obj
 0001:000140c0       ??0NxTriangleMeshShapeDesc@@QAE@XZ 004150c0 f i Actors.obj
 0001:00014140       ??0NxVec3@@QAE@ABV0@@Z     00415140 f i Actors.obj
 0001:00014180       ??0NxVec3@@QAE@MMM@Z       00415180 f i Actors.obj
 0001:000141d0       ??0NxVec3@@QAE@XZ          004151d0 f i Actors.obj
 0001:000141f0       ??1?$NxArray@PAVNxShapeDesc@@VNxAllocatorDefault@@@@QAE@XZ 004151f0 f i Actors.obj
 0001:00014290       ??1NxActorDesc@@QAE@XZ     00415290 f i Actors.obj
 0001:000142c0       ??1NxActorDescBase@@QAE@XZ 004152c0 f i Actors.obj
 0001:000142e0       ??1NxBodyDesc@@QAE@XZ      004152e0 f i Actors.obj
 0001:00014300       ??1NxBoxShapeDesc@@UAE@XZ  00415300 f i Actors.obj
 0001:00014320       ??1NxCapsuleShapeDesc@@UAE@XZ 00415320 f i Actors.obj
 0001:00014340       ??1NxConvexShapeDesc@@UAE@XZ 00415340 f i Actors.obj
 0001:00014360       ??1NxGroupsMask@@QAE@XZ    00415360 f i Actors.obj
 0001:00014370       ??1NxMat33@@QAE@XZ         00415370 f i Actors.obj
 0001:00014380       ??1NxMat34@@QAE@XZ         00415380 f i Actors.obj
 0001:000143a0       ??1NxPlaneShapeDesc@@UAE@XZ 004153a0 f i Actors.obj
 0001:000143c0       ??1NxShapeDesc@@UAE@XZ     004153c0 f i Actors.obj
 0001:00014400       ??1NxSphereShapeDesc@@UAE@XZ 00415400 f i Actors.obj
 0001:00014420       ??1NxTriangleMeshShapeDesc@@UAE@XZ 00415420 f i Actors.obj
 0001:00014440       ??4NxMat33@@QAEABV0@ABV0@@Z 00415440 f i Actors.obj
 0001:00014470       ??4NxVec3@@QAEABV0@ABV0@@Z 00415470 f i Actors.obj
 0001:000144b0       ??DNxMat33@@QBE?AV0@ABV0@@Z 004154b0 f i Actors.obj
 0001:00014560       ??DNxMat33@@QBE?AVNxVec3@@ABV1@@Z 00415560 f i Actors.obj
 0001:000145b0       ??DNxMat34@@QBE?AVNxVec3@@ABV1@@Z 004155b0 f i Actors.obj
 0001:00014600       ??DNxVec3@@QBE?AV0@M@Z     00415600 f i Actors.obj
 0001:00014670       ??GNxVec3@@QBE?AV0@ABV0@@Z 00415670 f i Actors.obj
 0001:000146e0       ??HNxVec3@@QBE?AV0@ABV0@@Z 004156e0 f i Actors.obj
 0001:00014750       ??_ENxBoxShapeDesc@@UAEPAXI@Z 00415750 f i Actors.obj
 0001:00014820       ??_GNxCapsuleShapeDesc@@UAEPAXI@Z 00415820 f i Actors.obj
 0001:00014820       ??_ENxCapsuleShapeDesc@@UAEPAXI@Z 00415820 f i Actors.obj
 0001:00014860       ??_ENxConvexShapeDesc@@UAEPAXI@Z 00415860 f i Actors.obj
 0001:00014860       ??_GNxConvexShapeDesc@@UAEPAXI@Z 00415860 f i Actors.obj
 0001:000148a0       ??_GNxPlaneShapeDesc@@UAEPAXI@Z 004158a0 f i Actors.obj
 0001:000148a0       ??_ENxPlaneShapeDesc@@UAEPAXI@Z 004158a0 f i Actors.obj
 0001:000148e0       ??_GNxShapeDesc@@UAEPAXI@Z 004158e0 f i Actors.obj
 0001:000148e0       ??_ENxShapeDesc@@UAEPAXI@Z 004158e0 f i Actors.obj
 0001:00014920       ??_GNxSphereShapeDesc@@UAEPAXI@Z 00415920 f i Actors.obj
 0001:00014920       ??_ENxSphereShapeDesc@@UAEPAXI@Z 00415920 f i Actors.obj
 0001:00014960       ??_GNxTriangleMeshShapeDesc@@UAEPAXI@Z 00415960 f i Actors.obj
 0001:00014960       ??_ENxTriangleMeshShapeDesc@@UAEPAXI@Z 00415960 f i Actors.obj
 0001:000149a0       ??_H@YGXPAXIIP6EPAX0@Z@Z   004159a0 f i Actors.obj
 0001:000149e0       ?allocate@?$NxArray@PAVNxShapeDesc@@VNxAllocatorDefault@@@@AAEPAPAVNxShapeDesc@@I@Z 004159e0 f i Actors.obj
 0001:00014a20       ?begin@?$NxArray@PAVNxShapeDesc@@VNxAllocatorDefault@@@@QAEPAPAVNxShapeDesc@@XZ 00415a20 f i Actors.obj
 0001:00014a40       ?capacity@?$NxArray@PAVNxShapeDesc@@VNxAllocatorDefault@@@@QBEIXZ 00415a40 f i Actors.obj
 0001:00014a80       ?clear@?$NxArray@PAVNxShapeDesc@@VNxAllocatorDefault@@@@QAEXXZ 00415a80 f i Actors.obj
 0001:00014ac0       ?copy@?$NxArray@PAVNxShapeDesc@@VNxAllocatorDefault@@@@AAEPAPAVNxShapeDesc@@PBQAV2@0PAPAV2@@Z 00415ac0 f i Actors.obj
 0001:00014b10       ?cos@NxMath@@SAMM@Z        00415b10 f i Actors.obj
 0001:00014b30       ?deallocate@?$NxArray@PAVNxShapeDesc@@VNxAllocatorDefault@@@@AAEXPAPAVNxShapeDesc@@@Z 00415b30 f i Actors.obj
 0001:00014b60       ?destroy@?$NxArray@PAVNxShapeDesc@@VNxAllocatorDefault@@@@AAEXPAPAVNxShapeDesc@@0@Z 00415b60 f i Actors.obj
 0001:00014b90       ?end@?$NxArray@PAVNxShapeDesc@@VNxAllocatorDefault@@@@QAEPAPAVNxShapeDesc@@XZ 00415b90 f i Actors.obj
 0001:00014bb0       ?free@NxAllocatorDefault@@QAEXPAX@Z 00415bb0 f i Actors.obj
 0001:00014be0       ?fromQuat@NxMat33@@QAEXABVNxQuat@@@Z 00415be0 f i Actors.obj
 0001:00014e80       ?getInverse@NxMat33@@QBE_NAAV1@@Z 00415e80 f i Actors.obj
 0001:000151b0       ?getInverse@NxMat34@@QBE_NAAV1@@Z 004161b0 f i Actors.obj
 0001:00015220       ?id@NxMat33@@QAEXXZ        00416220 f i Actors.obj
 0001:000152c0       ?id@NxMat34@@QAEXXZ        004162c0 f i Actors.obj
 0001:000152f0       ?isBox@NxShape@@QAEPAVNxBoxShape@@XZ 004162f0 f i Actors.obj
 0001:00015310       ?isCapsule@NxShape@@QAEPAVNxCapsuleShape@@XZ 00416310 f i Actors.obj
 0001:00015330       ?isConvexMesh@NxShape@@QAEPAVNxConvexShape@@XZ 00416330 f i Actors.obj
 0001:00015350       ?isFinite@NxMat33@@QBE_NXZ 00416350 f i Actors.obj
 0001:000154e0       ?isFinite@NxMat34@@QBE_NXZ 004164e0 f i Actors.obj
 0001:00015530       ?isFinite@NxMath@@SA_NM@Z  00416530 f i Actors.obj
 0001:00015580       ?isFinite@NxVec3@@QBE_NXZ  00416580 f i Actors.obj
 0001:00015620       ?isPlane@NxShape@@QAEPAVNxPlaneShape@@XZ 00416620 f i Actors.obj
 0001:00015640       ?isTriangleMesh@NxShape@@QAEPAVNxTriangleMeshShape@@XZ 00416640 f i Actors.obj
 0001:00015660       ?isValid@NxBoxShapeDesc@@UBE_NXZ 00416660 f i Actors.obj
 0001:000156d0       ?isValid@NxCapsuleShapeDesc@@UBE_NXZ 004166d0 f i Actors.obj
 0001:00015770       ?isValid@NxConvexShapeDesc@@UBE_NXZ 00416770 f i Actors.obj
 0001:000157a0       ?isValid@NxPlaneShapeDesc@@UBE_NXZ 004167a0 f i Actors.obj
 0001:00015800       ?isValid@NxShapeDesc@@UBE_NXZ 00416800 f i Actors.obj
 0001:000158a0       ?isValid@NxSphereShapeDesc@@UBE_NXZ 004168a0 f i Actors.obj
 0001:00015900       ?isValid@NxTriangleMeshShapeDesc@@UBE_NXZ 00416900 f i Actors.obj
 0001:00015930       ?mallocDEBUG@NxAllocatorDefault@@QAEPAXIPBDH0W4NxMemoryType@@@Z 00416930 f i Actors.obj
 0001:00015950       ?multiply@NxMat33@@QAEXABV1@0@Z 00416950 f i Actors.obj
 0001:00015ca0       ?multiply@NxMat33@@QBEXABVNxVec3@@AAV2@@Z 00416ca0 f i Actors.obj
 0001:00015dd0       ?multiply@NxMat34@@QBEXABVNxVec3@@AAV2@@Z 00416dd0 f i Actors.obj
 0001:00015e20       ?pushBack@?$NxArray@PAVNxShapeDesc@@VNxAllocatorDefault@@@@QAEXABQAVNxShapeDesc@@@Z 00416e20 f i Actors.obj
 0001:00015e80       ?push_back@?$NxArray@PAVNxShapeDesc@@VNxAllocatorDefault@@@@QAEXABQAVNxShapeDesc@@@Z 00416e80 f i Actors.obj
 0001:00015ea0       ?reserve@?$NxArray@PAVNxShapeDesc@@VNxAllocatorDefault@@@@QAEXI@Z 00416ea0 f i Actors.obj
 0001:00015f60       ?rotX@NxMat33@@QAEXM@Z     00416f60 f i Actors.obj
 0001:00016050       ?set@NxVec3@@QAEXABV1@@Z   00417050 f i Actors.obj
 0001:00016090       ?set@NxVec3@@QAEXMMM@Z     00417090 f i Actors.obj
 0001:000160d0       ?setToDefault@NxActorDesc@@QAEXXZ 004170d0 f i Actors.obj
 0001:00016100       ?setToDefault@NxActorDescBase@@QAEXXZ 00417100 f i Actors.obj
 0001:000161a0       ?setToDefault@NxBodyDesc@@QAEXXZ 004171a0 f i Actors.obj
 0001:000162e0       ?setToDefault@NxBoxShapeDesc@@UAEXXZ 004172e0 f i Actors.obj
 0001:00016310       ?setToDefault@NxCapsuleShapeDesc@@UAEXXZ 00417310 f i Actors.obj
 0001:00016360       ?setToDefault@NxConvexMeshDesc@@QAEXXZ 00417360 f i Actors.obj
 0001:000163d0       ?setToDefault@NxConvexShapeDesc@@UAEXXZ 004173d0 f i Actors.obj
 0001:00016400       ?setToDefault@NxPlaneShapeDesc@@UAEXXZ 00417400 f i Actors.obj
 0001:00016460       ?setToDefault@NxShapeDesc@@UAEXXZ 00417460 f i Actors.obj
 0001:00016540       ?setToDefault@NxSimpleTriangleMesh@@QAEXXZ 00417540 f i Actors.obj
 0001:000165b0       ?setToDefault@NxSphereShapeDesc@@UAEXXZ 004175b0 f i Actors.obj
 0001:000165e0       ?setToDefault@NxTriangleMeshDesc@@QAEXXZ 004175e0 f i Actors.obj
 0001:00016650       ?setToDefault@NxTriangleMeshShapeDesc@@UAEXXZ 00417650 f i Actors.obj
 0001:00016690       ?sin@NxMath@@SAMM@Z        00417690 f i Actors.obj
 0001:000166b0       ?size@?$NxArray@PAVNxShapeDesc@@VNxAllocatorDefault@@@@QBEIXZ 004176b0 f i Actors.obj
 0001:000166d0       ?zero@NxVec3@@QAEXXZ       004176d0 f i Actors.obj
 0001:00016710       _cosf                      00417710 f i Actors.obj
 0001:00016740       _sinf                      00417740 f i Actors.obj
 0001:00016770       ?SetupGLMatrix@@YAXABVNxVec3@@ABVNxMat33@@@Z 00417770 f   DrawObjects.obj
 0001:00016820       ?DrawLine@@YAXABVNxVec3@@00M@Z 00417820 f   DrawObjects.obj
 0001:00016930       ?DrawTriangle@@YAXABVNxVec3@@000@Z 00417930 f   DrawObjects.obj
 0001:00016a50       ?DrawCircle@@YAXIABVNxMat34@@ABVNxVec3@@M_N@Z 00417a50 f   DrawObjects.obj
 0001:00016c50       ?DrawEllipse@@YAXIABVNxMat34@@ABVNxVec3@@MM_N@Z 00417c50 f   DrawObjects.obj
 0001:00016e50       ?DrawWirePlane@@YAXPAVNxShape@@ABVNxVec3@@@Z 00417e50 f   DrawObjects.obj
 0001:00016e60       ?DrawPlane@@YAXPAVNxShape@@@Z 00417e60 f   DrawObjects.obj
 0001:00016fb0       ?DrawWireBox@@YAXPAVNxShape@@ABVNxVec3@@M@Z 00417fb0 f   DrawObjects.obj
 0001:00017040       ?DrawWireBox@@YAXABVNxBox@@ABVNxVec3@@M@Z 00418040 f   DrawObjects.obj
 0001:000170f0       ?DrawBox@@YAXPAVNxShape@@@Z 004180f0 f   DrawObjects.obj
 0001:000171c0       ?DrawWireSphere@@YAXPAVNxShape@@ABVNxVec3@@@Z 004181c0 f   DrawObjects.obj
 0001:00017340       ?DrawWireSphere@@YAXPAVNxSphere@@ABVNxVec3@@@Z 00418340 f   DrawObjects.obj
 0001:000174b0       ?DrawSphere@@YAXPAVNxShape@@@Z 004184b0 f   DrawObjects.obj
 0001:00017580       ?DrawWireCapsule@@YAXPAVNxShape@@ABVNxVec3@@@Z 00418580 f   DrawObjects.obj
 0001:00017ab0       ?DrawWireCapsule@@YAXABVNxCapsule@@ABVNxVec3@@@Z 00418ab0 f   DrawObjects.obj
 0001:00018090       ?DrawCapsule@@YAXPAVNxShape@@@Z 00419090 f   DrawObjects.obj
 0001:000182d0       ?DrawCapsule@@YAXABVNxVec3@@MM@Z 004192d0 f   DrawObjects.obj
 0001:00018480       ?DrawWireConvex@@YAXPAVNxShape@@ABVNxVec3@@_N@Z 00419480 f   DrawObjects.obj
 0001:000186d0       ?DrawConvex@@YAXPAVNxShape@@_N@Z 004196d0 f   DrawObjects.obj
 0001:000188a0       ?DrawWireMesh@@YAXPAVNxShape@@ABVNxVec3@@_N@Z 004198a0 f   DrawObjects.obj
 0001:00018b00       ?DrawMesh@@YAXPAVNxShape@@_N@Z 00419b00 f   DrawObjects.obj
 0001:00018cc0       ?DrawWheelShape@@YAXPAVNxShape@@@Z 00419cc0 f   DrawObjects.obj
 0001:00018e90       ?DrawArrow@@YAXABVNxVec3@@00@Z 00419e90 f   DrawObjects.obj
 0001:00019210       ?DrawContactPoint@@YAXABVNxVec3@@M0@Z 0041a210 f   DrawObjects.obj
 0001:00019370       ?DrawWireShape@@YAXPAVNxShape@@ABVNxVec3@@_N@Z 0041a370 f   DrawObjects.obj
 0001:00019440       ?DrawShape@@YAXPAVNxShape@@_N@Z 0041a440 f   DrawObjects.obj
 0001:00019510       ?DrawActor@@YAXPAVNxActor@@0_N@Z 0041a510 f   DrawObjects.obj
 0001:00019650       ?DrawActorShadow@@YAXPAVNxActor@@_N@Z 0041a650 f   DrawObjects.obj
 0001:00019670       ?DrawActorShadow2@@YAXPAVNxActor@@_N@Z 0041a670 f   DrawObjects.obj
 0001:00019690       ?DrawActorShadowZUp@@YAXPAVNxActor@@_N@Z 0041a690 f   DrawObjects.obj
 0001:000196b0       ?DrawCloth@@YAXPAVNxCloth@@_N@Z 0041a6b0 f   DrawObjects.obj
 0001:00019820       ?DrawActorShapeSelect@@YAXPAVNxActor@@PAVNxShape@@_N0_N@Z 0041a820 f   DrawObjects.obj
 0001:00019c00       ?DrawTriangleList@@YAXHPAU_Triangle@@PAVNxVec3@@@Z 0041ac00 f   DrawObjects.obj
 0001:00019f50       ?DrawHeightfield@@YAXPAVNxShape@@@Z 0041af50 f   DrawObjects.obj
 0001:0001b630       ??0NxBox@@QAE@XZ           0041c630 f i DrawObjects.obj
 0001:0001b670       ??0NxMat34@@QAE@ABV0@@Z    0041c670 f i DrawObjects.obj
 0001:0001b6f0       ??0NxSegment@@QAE@XZ       0041c6f0 f i DrawObjects.obj
 0001:0001b720       ??0NxTriangle@@QAE@XZ      0041c720 f i DrawObjects.obj
 0001:0001b750       ??1NxBox@@QAE@XZ           0041c750 f i DrawObjects.obj
 0001:0001b770       ??1NxMeshData@@QAE@XZ      0041c770 f i DrawObjects.obj
 0001:0001b780       ??1NxSegment@@QAE@XZ       0041c780 f i DrawObjects.obj
 0001:0001b790       ??1NxTriangle@@QAE@XZ      0041c790 f i DrawObjects.obj
 0001:0001b7a0       ??GNxVec3@@QBE?AV0@XZ      0041c7a0 f i DrawObjects.obj
 0001:0001b810       ??TNxVec3@@QBE?AV0@ABV0@@Z 0041c810 f i DrawObjects.obj
 0001:0001b860       ??XNxVec3@@QAEAAV0@M@Z     0041c860 f i DrawObjects.obj
 0001:0001b8c0       ??YNxVec3@@QAEAAV0@ABV0@@Z 0041c8c0 f i DrawObjects.obj
 0001:0001b930       ??_0NxVec3@@QAEAAV0@M@Z    0041c930 f i DrawObjects.obj
 0001:0001b9b0       ?NxComputeBoxPoints@@YA_NABVNxBox@@PAVNxVec3@@@Z 0041c9b0 f i DrawObjects.obj
 0001:0001b9e0       ?NxGetBoxEdges@@YAPBIXZ    0041c9e0 f i DrawObjects.obj
 0001:0001ba10       ?NxNormalToTangents@@YAXABVNxVec3@@AAV1@1@Z 0041ca10 f i DrawObjects.obj
 0001:0001ba50       ?cross@NxVec3@@QAEXABV1@0@Z 0041ca50 f i DrawObjects.obj
 0001:0001bb30       ?cross@NxVec3@@QBE?AV1@ABV1@@Z 0041cb30 f i DrawObjects.obj
 0001:0001bb80       ?get@NxVec3@@QBEXPAM@Z     0041cb80 f i DrawObjects.obj
 0001:0001bbe0       ?getColumn@NxMat33@@QBEXHAAVNxVec3@@@Z 0041cbe0 f i DrawObjects.obj
 0001:0001bc50       ?getColumnMajorStride4@NxMat33@@QBEXPAM@Z 0041cc50 f i DrawObjects.obj
 0001:0001bd40       ?isSphere@NxShape@@QAEPAVNxSphereShape@@XZ 0041cd40 f i DrawObjects.obj
 0001:0001bd60       ?magnitude@NxVec3@@QBEMXZ  0041cd60 f i DrawObjects.obj
 0001:0001bdd0       ?normalize@NxVec3@@QAEMXZ  0041cdd0 f i DrawObjects.obj
 0001:0001be70       ?setColumn@NxMat33@@QAEXHABVNxVec3@@@Z 0041ce70 f i DrawObjects.obj
 0001:0001bee0       ?sqrt@NxMath@@SAMM@Z       0041cee0 f i DrawObjects.obj
 0001:0001bf00       _fabsf                     0041cf00 f i DrawObjects.obj
 0001:0001bf30       _sqrtf                     0041cf30 f i DrawObjects.obj
 0001:0001bf60       ?init@GLFontRenderer@@SA_NXZ 0041cf60 f   GLFontRenderer.obj
 0001:0001c080       ?print@GLFontRenderer@@SAXMMMPBD_NH1@Z 0041d080 f   GLFontRenderer.obj
 0001:0001c870       ?setScreenResolution@GLFontRenderer@@SAXHH@Z 0041d870 f   GLFontRenderer.obj
 0001:0001c890       ?setColor@GLFontRenderer@@SAXMMMM@Z 0041d890 f   GLFontRenderer.obj
 0001:0001cb50       ?AddDisplayString@HUD@@QAEXPADMM@Z 0041db50 f   HUD.obj
 0001:0001cbd0       ?SetDisplayString@HUD@@QAEXIPADMM@Z 0041dbd0 f   HUD.obj
 0001:0001cc30       ?Clear@HUD@@QAEXXZ         0041dc30 f   HUD.obj
 0001:0001cc50       ?Render@HUD@@QAEXXZ        0041dc50 f   HUD.obj
 0001:0001cd60       ??0DisplayString@@QAE@XZ   0041dd60 f i HUD.obj
 0001:0001cdb0       ??A?$NxArray@VDisplayString@@VNxAllocatorDefault@@@@QAEAAVDisplayString@@I@Z 0041ddb0 f i HUD.obj
 0001:0001cdd0       ?allocate@?$NxArray@VDisplayString@@VNxAllocatorDefault@@@@AAEPAVDisplayString@@I@Z 0041ddd0 f i HUD.obj
 0001:0001ce20       ?begin@?$NxArray@VDisplayString@@VNxAllocatorDefault@@@@QAEPAVDisplayString@@XZ 0041de20 f i HUD.obj
 0001:0001ce40       ?capacity@?$NxArray@VDisplayString@@VNxAllocatorDefault@@@@QBEIXZ 0041de40 f i HUD.obj
 0001:0001ce90       ?clear@?$NxArray@VDisplayString@@VNxAllocatorDefault@@@@QAEXXZ 0041de90 f i HUD.obj
 0001:0001ced0       ?copy@?$NxArray@VDisplayString@@VNxAllocatorDefault@@@@AAEPAVDisplayString@@PBV2@0PAV2@@Z 0041ded0 f i HUD.obj
 0001:0001cf30       ?deallocate@?$NxArray@VDisplayString@@VNxAllocatorDefault@@@@AAEXPAVDisplayString@@@Z 0041df30 f i HUD.obj
 0001:0001cf60       ?destroy@?$NxArray@VDisplayString@@VNxAllocatorDefault@@@@AAEXPAVDisplayString@@0@Z 0041df60 f i HUD.obj
 0001:0001cf90       ?end@?$NxArray@VDisplayString@@VNxAllocatorDefault@@@@QAEPAVDisplayString@@XZ 0041df90 f i HUD.obj
 0001:0001cfb0       ?pushBack@?$NxArray@VDisplayString@@VNxAllocatorDefault@@@@QAEXABVDisplayString@@@Z 0041dfb0 f i HUD.obj
 0001:0001d020       ?reserve@?$NxArray@VDisplayString@@VNxAllocatorDefault@@@@QAEXI@Z 0041e020 f i HUD.obj
 0001:0001d0e0       ?size@?$NxArray@VDisplayString@@VNxAllocatorDefault@@@@QBEIXZ 0041e0e0 f i HUD.obj
 0001:0001d110       ___local_stdio_printf_options 0041e110 f i HUD.obj
 0001:0001d120       __vsnprintf_l              0041e120 f i HUD.obj
 0001:0001d190       __vsprintf_l               0041e190 f i HUD.obj
 0001:0001d1c0       _sprintf                   0041e1c0 f i HUD.obj
 0001:0001d200       ??0UserStream@@QAE@PBD_N@Z 0041e200 f   Stream.obj
 0001:0001d260       ??1UserStream@@UAE@XZ      0041e260 f   Stream.obj
 0001:0001d2a0       ?readByte@UserStream@@UBEEXZ 0041e2a0 f   Stream.obj
 0001:0001d2f0       ?readWord@UserStream@@UBEGXZ 0041e2f0 f   Stream.obj
 0001:0001d340       ?readDword@UserStream@@UBEIXZ 0041e340 f   Stream.obj
 0001:0001d390       ?readFloat@UserStream@@UBEMXZ 0041e390 f   Stream.obj
 0001:0001d3e0       ?readDouble@UserStream@@UBENXZ 0041e3e0 f   Stream.obj
 0001:0001d430       ?readBuffer@UserStream@@UBEXPAXI@Z 0041e430 f   Stream.obj
 0001:0001d480       ?storeByte@UserStream@@UAEAAVNxStream@@E@Z 0041e480 f   Stream.obj
 0001:0001d4d0       ?storeWord@UserStream@@UAEAAVNxStream@@G@Z 0041e4d0 f   Stream.obj
 0001:0001d520       ?storeDword@UserStream@@UAEAAVNxStream@@I@Z 0041e520 f   Stream.obj
 0001:0001d570       ?storeFloat@UserStream@@UAEAAVNxStream@@M@Z 0041e570 f   Stream.obj
 0001:0001d5c0       ?storeDouble@UserStream@@UAEAAVNxStream@@N@Z 0041e5c0 f   Stream.obj
 0001:0001d610       ?storeBuffer@UserStream@@UAEAAVNxStream@@PBXI@Z 0041e610 f   Stream.obj
 0001:0001d660       ??0MemoryWriteBuffer@@QAE@XZ 0041e660 f   Stream.obj
 0001:0001d6a0       ??1MemoryWriteBuffer@@UAE@XZ 0041e6a0 f   Stream.obj
 0001:0001d710       ?storeByte@MemoryWriteBuffer@@UAEAAVNxStream@@E@Z 0041e710 f   Stream.obj
 0001:0001d740       ?storeWord@MemoryWriteBuffer@@UAEAAVNxStream@@G@Z 0041e740 f   Stream.obj
 0001:0001d770       ?storeDword@MemoryWriteBuffer@@UAEAAVNxStream@@I@Z 0041e770 f   Stream.obj
 0001:0001d7a0       ?storeFloat@MemoryWriteBuffer@@UAEAAVNxStream@@M@Z 0041e7a0 f   Stream.obj
 0001:0001d7d0       ?storeDouble@MemoryWriteBuffer@@UAEAAVNxStream@@N@Z 0041e7d0 f   Stream.obj
 0001:0001d800       ?storeBuffer@MemoryWriteBuffer@@UAEAAVNxStream@@PBXI@Z 0041e800 f   Stream.obj
 0001:0001d8d0       ??0MemoryReadBuffer@@QAE@PBE@Z 0041e8d0 f   Stream.obj
 0001:0001d900       ??1MemoryReadBuffer@@UAE@XZ 0041e900 f   Stream.obj
 0001:0001d920       ?readByte@MemoryReadBuffer@@UBEEXZ 0041e920 f   Stream.obj
 0001:0001d950       ?readWord@MemoryReadBuffer@@UBEGXZ 0041e950 f   Stream.obj
 0001:0001d980       ?readDword@MemoryReadBuffer@@UBEIXZ 0041e980 f   Stream.obj
 0001:0001d9b0       ?readFloat@MemoryReadBuffer@@UBEMXZ 0041e9b0 f   Stream.obj
 0001:0001d9e0       ?readDouble@MemoryReadBuffer@@UBENXZ 0041e9e0 f   Stream.obj
 0001:0001da10       ?readBuffer@MemoryReadBuffer@@UBEXPAXI@Z 0041ea10 f   Stream.obj
 0001:0001dc60       ??0NxStream@@QAE@XZ        0041ec60 f i Stream.obj
 0001:0001dc80       ??1NxStream@@UAE@XZ        0041ec80 f i Stream.obj
 0001:0001dca0       ??_GMemoryReadBuffer@@UAEPAXI@Z 0041eca0 f i Stream.obj
 0001:0001dca0       ??_EMemoryReadBuffer@@UAEPAXI@Z 0041eca0 f i Stream.obj
 0001:0001dce0       ??_GMemoryWriteBuffer@@UAEPAXI@Z 0041ece0 f i Stream.obj
 0001:0001dce0       ??_EMemoryWriteBuffer@@UAEPAXI@Z 0041ece0 f i Stream.obj
 0001:0001dd20       ??_ENxStream@@UAEPAXI@Z    0041ed20 f i Stream.obj
 0001:0001dd20       ??_GNxStream@@UAEPAXI@Z    0041ed20 f i Stream.obj
 0001:0001dd60       ??_GUserStream@@UAEPAXI@Z  0041ed60 f i Stream.obj
 0001:0001dd60       ??_EUserStream@@UAEPAXI@Z  0041ed60 f i Stream.obj
 0001:0001dda0       ?readBuffer@MemoryWriteBuffer@@UBEXPAXI@Z 0041eda0 f i Stream.obj
 0001:0001ddd0       ?readByte@MemoryWriteBuffer@@UBEEXZ 0041edd0 f i Stream.obj
 0001:0001de00       ?readDouble@MemoryWriteBuffer@@UBENXZ 0041ee00 f i Stream.obj
 0001:0001de30       ?readDword@MemoryWriteBuffer@@UBEIXZ 0041ee30 f i Stream.obj
 0001:0001de60       ?readFloat@MemoryWriteBuffer@@UBEMXZ 0041ee60 f i Stream.obj
 0001:0001de90       ?readWord@MemoryWriteBuffer@@UBEGXZ 0041ee90 f i Stream.obj
 0001:0001dec0       ?storeBuffer@MemoryReadBuffer@@UAEAAVNxStream@@PBXI@Z 0041eec0 f i Stream.obj
 0001:0001df00       ?storeByte@MemoryReadBuffer@@UAEAAVNxStream@@E@Z 0041ef00 f i Stream.obj
 0001:0001df40       ?storeDouble@MemoryReadBuffer@@UAEAAVNxStream@@N@Z 0041ef40 f i Stream.obj
 0001:0001df80       ?storeDword@MemoryReadBuffer@@UAEAAVNxStream@@I@Z 0041ef80 f i Stream.obj
 0001:0001dfc0       ?storeFloat@MemoryReadBuffer@@UAEAAVNxStream@@M@Z 0041efc0 f i Stream.obj
 0001:0001e000       ?storeWord@MemoryReadBuffer@@UAEAAVNxStream@@G@Z 0041f000 f i Stream.obj
 0001:0001e040       ?renderData@DebugRenderer@@QBEXABVNxDebugRenderable@@@Z 0041f040 f   DebugRenderer.obj
 0001:0001e9d0       ?renderBuffer@DebugRenderer@@CAXPAM0HH@Z 0041f9d0 f   DebugRenderer.obj
 0001:0001ecc0       ?getLines@NxDebugRenderable@@QBEPBUNxDebugLine@@XZ 0041fcc0 f i DebugRenderer.obj
 0001:0001ece0       ?getNbLines@NxDebugRenderable@@QBEIXZ 0041fce0 f i DebugRenderer.obj
 0001:0001ed00       ?getNbPoints@NxDebugRenderable@@QBEIXZ 0041fd00 f i DebugRenderer.obj
 0001:0001ed20       ?getNbTriangles@NxDebugRenderable@@QBEIXZ 0041fd20 f i DebugRenderer.obj
 0001:0001ed40       ?getPoints@NxDebugRenderable@@QBEPBUNxDebugPoint@@XZ 0041fd40 f i DebugRenderer.obj
 0001:0001ed60       ?getTriangles@NxDebugRenderable@@QBEPBUNxDebugTriangle@@XZ 0041fd60 f i DebugRenderer.obj
 0001:0001ed80       ?FindMediaFile@@YAPADPBDPAD@Z 0041fd80 f   MediaPath_WIN.obj
 0001:0001ef70       ?GetTempFilePath@@YAPADPAD@Z 0041ff70 f   MediaPath_WIN.obj
 0001:0001f060       ?strrchr@@YAPADQADH@Z      00420060 f i MediaPath_WIN.obj
 0001:0001f080       __vfprintf_l               00420080 f i MediaPath_WIN.obj
 0001:0001f0c0       _printf                    004200c0 f i MediaPath_WIN.obj
 0001:0001f110       ?getTime@@YAKXZ            00420110 f   Timing_WIN.obj
 0001:0001f120       ?getCurrentTime@@YAMXZ     00420120 f   Timing_WIN.obj
 0001:0001f170       ?getElapsedTime@@YAMXZ     00420170 f   Timing_WIN.obj
 0001:0001f270       ?PrintControls@@YAXXZ      00420270 f   Lesson111.obj
 0001:0001f2c0       ?IsSelectable@@YA_NPAVNxActor@@@Z 004202c0 f   Lesson111.obj
 0001:0001f340       ?SelectNextActor@@YAXXZ    00420340 f   Lesson111.obj
 0001:0001f400       ?ProcessCameraKeys@@YAXXZ  00420400 f   Lesson111.obj
 0001:0001f6b0       ?SetupCamera@@YAXXZ        004206b0 f   Lesson111.obj
 0001:0001f800       ?RenderActors@@YAX_N@Z     00420800 f   Lesson111.obj
 0001:0001f890       ?DrawForce@@YAXPAVNxActor@@AAVNxVec3@@ABV2@@Z 00420890 f   Lesson111.obj
 0001:0001f930       ?ApplyForceToActor@@YA?AVNxVec3@@PAVNxActor@@ABV1@M_N@Z 00420930 f   Lesson111.obj
 0001:0001f9c0       ?ProcessForceKeys@@YAXXZ   004209c0 f   Lesson111.obj
 0001:0001fd10       ?ProcessInputs@@YAXXZ      00420d10 f   Lesson111.obj
 0001:0001fd50       ?SpecialKeys@@YAXHHH@Z     00420d50 f   Lesson111.obj
 0001:0001ff00       ?RenderCallback@@YAXXZ     00420f00 f   Lesson111.obj
 0001:00020030       ?ReshapeCallback@@YAXHH@Z  00421030 f   Lesson111.obj
 0001:00020060       ?IdleCallback@@YAXXZ       00421060 f   Lesson111.obj
 0001:00020070       ?KeyboardCallback@@YAXEHH@Z 00421070 f   Lesson111.obj
 0001:000200a0       ?KeyboardUpCallback@@YAXEHH@Z 004210a0 f   Lesson111.obj
 0001:00020310       ?SpecialCallback@@YAXHHH@Z 00421310 f   Lesson111.obj
 0001:00020330       ?MouseCallback@@YAXHHHH@Z  00421330 f   Lesson111.obj
 0001:00020350       ?MotionCallback@@YAXHH@Z   00421350 f   Lesson111.obj
 0001:00020470       ?ExitCallback@@YAXXZ       00421470 f   Lesson111.obj
 0001:00020480       ?InitGlut@@YAXHPAPAD@Z     00421480 f   Lesson111.obj
 0001:000206c0       ?CreateStack@@YAXH@Z       004216c0 f   Lesson111.obj
 0001:000207f0       ?CreateTower@@YAXH@Z       004217f0 f   Lesson111.obj
 0001:000208b0       ?CreateCCDSkeleton@@YAPAVNxCCDSkeleton@@M@Z 004218b0 f   Lesson111.obj
 0001:00020c60       ?CreateCCDBox@@YAPAVNxActor@@ABVNxVec3@@0M_N@Z 00421c60 f   Lesson111.obj
 0001:00020e10       ?CreateGroundplane@@YAPAVNxActor@@XZ 00421e10 f   Lesson111.obj
 0001:00020ef0       ?InitializeHUD@@YAXXZ      00421ef0 f   Lesson111.obj
 0001:00020f90       ?InitNx@@YAXXZ             00421f90 f   Lesson111.obj
 0001:000212e0       ?ReleaseNx@@YAXXZ          004222e0 f   Lesson111.obj
 0001:00021330       ?ResetNx@@YAXXZ            00422330 f   Lesson111.obj
 0001:00021340       ?StartPhysics@@YAXXZ       00422340 f   Lesson111.obj
 0001:00021390       ?GetPhysicsResults@@YAXXZ  00422390 f   Lesson111.obj
 0001:000213c0       _main                      004223c0 f   Lesson111.obj
 0001:000213f0       ?InitializeSpecialHUD@@YAXXZ 004223f0 f   Lesson111.obj
 0001:00021cf0       ??0?$NxArray@VDisplayString@@VNxAllocatorDefault@@@@QAE@XZ 00422cf0 f i Lesson111.obj
 0001:00021d30       ??0HUD@@QAE@XZ             00422d30 f i Lesson111.obj
 0001:00021d50       ??0NxPhysicsSDKDesc@@QAE@XZ 00422d50 f i Lesson111.obj
 0001:00021d70       ??0NxQuat@@QAE@MABVNxVec3@@@Z 00422d70 f i Lesson111.obj
 0001:00021da0       ??0NxSceneDesc@@QAE@XZ     00422da0 f i Lesson111.obj
 0001:00021dd0       ??1?$NxArray@VDisplayString@@VNxAllocatorDefault@@@@QAE@XZ 00422dd0 f i Lesson111.obj
 0001:00021e70       ??1HUD@@QAE@XZ             00422e70 f i Lesson111.obj
 0001:00021e90       ??D@YA?AVNxVec3@@MABV0@@Z  00422e90 f i Lesson111.obj
 0001:00021ef0       ??KNxVec3@@QBE?AV0@M@Z     00422ef0 f i Lesson111.obj
 0001:00021f70       ??ZNxVec3@@QAEAAV0@ABV0@@Z 00422f70 f i Lesson111.obj
 0001:00021fe0       ??_GNxBoxShapeDesc@@UAEPAXI@Z 00422fe0 f i Lesson111.obj
 0001:00022020       ?degToRad@NxMath@@SAMM@Z   00423020 f i Lesson111.obj
 0001:00022050       ?fromAngleAxis@NxQuat@@QAEXMABVNxVec3@@@Z 00423050 f i Lesson111.obj
 0001:00022200       ?multiply@NxQuat@@QAEXABV1@ABVNxVec3@@@Z 00423200 f i Lesson111.obj
 0001:00022390       ?rotate@NxQuat@@QBEXAAVNxVec3@@@Z 00423390 f i Lesson111.obj
 0001:00022510       ?setToDefault@NxPhysicsSDKDesc@@QAEXXZ 00423510 f i Lesson111.obj
 0001:00022580       ?setToDefault@NxSceneDesc@@QAEXXZ 00423580 f i Lesson111.obj
 0001:000227bf       _NxGetUtilLib              004237bf f   PhysXLoader:PhysXLoader.dll
 0001:000227c5       _NxGetPhysicsSDKAllocator  004237c5 f   PhysXLoader:PhysXLoader.dll
 0001:000227cb       _NxCreatePhysicsSDK        004237cb f   PhysXLoader:PhysXLoader.dll
 0001:000227d1       _NxInitCooking             004237d1 f   PhysXCooking:PhysXCooking.dll
 0001:000227d7       _NxCookTriangleMesh        004237d7 f   PhysXCooking:PhysXCooking.dll
 0001:000227dd       _NxCookConvexMesh          004237dd f   PhysXCooking:PhysXCooking.dll
 0001:000227e3       _SetCurrentDirectoryA@4    004237e3 f   kernel32:KERNEL32.dll
 0001:000227e9       _GetCurrentDirectoryA@8    004237e9 f   kernel32:KERNEL32.dll
 0001:000227ef       _GetModuleFileNameA@12     004237ef f   kernel32:KERNEL32.dll
 0001:000227f5       _QueryPerformanceCounter@4 004237f5 f   kernel32:KERNEL32.dll
 0001:000227fb       _QueryPerformanceFrequency@4 004237fb f   kernel32:KERNEL32.dll
 0001:00022801       _glutSolidSphere@16        00423801 f   glut32:glut32.dll
 0001:00022807       _glutSolidCube@8           00423807 f   glut32:glut32.dll
 0001:0002280d       _glutGet@4                 0042380d f   glut32:glut32.dll
 0001:00022813       ___glutInitWithExit@12     00423813 f   glut32:glut32.dll
 0001:00022819       _glutInitDisplayMode@4     00423819 f   glut32:glut32.dll
 0001:0002281f       _glutInitWindowSize@8      0042381f f   glut32:glut32.dll
 0001:00022825       _glutMainLoop@0            00423825 f   glut32:glut32.dll
 0001:0002282b       ___glutCreateWindowWithExit@8 0042382b f   glut32:glut32.dll
 0001:00022831       _glutPostRedisplay@0       00423831 f   glut32:glut32.dll
 0001:00022837       _glutSwapBuffers@0         00423837 f   glut32:glut32.dll
 0001:0002283d       _glutSetWindow@4           0042383d f   glut32:glut32.dll
 0001:00022843       _glutDisplayFunc@4         00423843 f   glut32:glut32.dll
 0001:00022849       _glutReshapeFunc@4         00423849 f   glut32:glut32.dll
 0001:0002284f       _glutKeyboardFunc@4        0042384f f   glut32:glut32.dll
 0001:00022855       _glutMouseFunc@4           00423855 f   glut32:glut32.dll
 0001:0002285b       _glutMotionFunc@4          0042385b f   glut32:glut32.dll
 0001:00022861       _glutIdleFunc@4            00423861 f   glut32:glut32.dll
 0001:00022867       _glutSpecialFunc@4         00423867 f   glut32:glut32.dll
 0001:0002286d       _glutKeyboardUpFunc@4      0042386d f   glut32:glut32.dll
 0001:00022880       ??_L@YGXPAXIHP6EX0@Z1@Z    00423880 f   LIBCMTD:ehvecctr.obj
 0001:000228b0       ??_L@YGXPAXIIP6EX0@Z1@Z    004238b0 f   LIBCMTD:ehvecctr.obj
 0001:000229a0       ??_M@YGXPAXIHP6EX0@Z@Z     004239a0 f   LIBCMTD:ehvecdtr.obj
 0001:000229d0       ??_M@YGXPAXIIP6EX0@Z@Z     004239d0 f   LIBCMTD:ehvecdtr.obj
 0001:00022b10       ?__ArrayUnwind@@YGXPAXIIP6EX0@Z@Z 00423b10 f   LIBCMTD:ehvecdtr.obj
 0001:00022bf0       ??2@YAPAXI@Z               00423bf0 f   LIBCMTD:new_scalar.obj
 0001:00022c50       ??3@YAXPAXI@Z              00423c50 f   LIBCMTD:delete_scalar_size.obj
 0001:00022c70       ??_U@YAPAXI@Z              00423c70 f   LIBCMTD:new_array.obj
 0001:00022c90       ??_V@YAXPAXI@Z             00423c90 f   LIBCMTD:delete_array_size.obj
 0001:00022cb0       @__security_check_cookie@4 00423cb0 f   LIBCMTD:secchk.obj
 0001:00022cd0       ??1type_info@@UAE@XZ       00423cd0 f   LIBCMTD:std_type_info_static.obj
 0001:00022cf0       ??_Etype_info@@UAEPAXI@Z   00423cf0 f i LIBCMTD:std_type_info_static.obj
 0001:00022cf0       ??_Gtype_info@@UAEPAXI@Z   00423cf0 f i LIBCMTD:std_type_info_static.obj
 0001:00022d30       ??_V@YAXPAX@Z              00423d30 f   LIBCMTD:delete_array.obj
 0001:00022d50       __ftoui3                   00423d50 f   LIBCMTD:ftol3.obj
 0001:00022d5f       __ftoul3                   00423d5f f   LIBCMTD:ftol3.obj
 0001:00022d6e       __ftol3                    00423d6e f   LIBCMTD:ftol3.obj
 0001:00022d7b       __ftol3_NaN                00423d7b f   LIBCMTD:ftol3.obj
 0001:00022d93       __ftol3_work               00423d93 f   LIBCMTD:ftol3.obj
 0001:00022e19       __ftol3_common             00423e19 f   LIBCMTD:ftol3.obj
 0001:00022edb       __ftol3_arg_error          00423edb f   LIBCMTD:ftol3.obj
 0001:00022eed       __ftol3_except             00423eed f   LIBCMTD:ftol3.obj
 0001:00022f31       __dtoui3                   00423f31 f   LIBCMTD:ftol3.obj
 0001:00022f40       __dtoul3                   00423f40 f   LIBCMTD:ftol3.obj
 0001:00022f4f       __dtol3                    00423f4f f   LIBCMTD:ftol3.obj
 0001:00022f5c       __dtol3_NaN                00423f5c f   LIBCMTD:ftol3.obj
 0001:00022f79       __dtol3_work               00423f79 f   LIBCMTD:ftol3.obj
 0001:00023060       __ultod3                   00424060 f   LIBCMTD:ftol3.obj
 0001:000230a0       __ltod3                    004240a0 f   LIBCMTD:ftol3.obj
 0001:000231b0       ??$__crt_fast_decode_pointer@PAP6AXXZ@@YAPAP6AXXZQAP6AXXZ@Z 004241b0 f i LIBCMTD:utility.obj
 0001:000231e0       ??$__crt_fast_encode_pointer@PAP6AXXZ@@YAPAP6AXXZQAP6AXXZ@Z 004241e0 f i LIBCMTD:utility.obj
 0001:00023220       ?__crt_rotate_pointer_value@@YAIIH@Z 00424220 f i LIBCMTD:utility.obj
 0001:00023230       ?configure_argv@__scrt_narrow_argv_policy@@SAHXZ 00424230 f i LIBCMTD:utility.obj
 0001:00023300       ?initialize_environment@__scrt_narrow_environment_policy@@SAHXZ 00424300 f i LIBCMTD:utility.obj
 0001:000233a0       _NtCurrentTeb              004243a0 f i LIBCMTD:utility.obj
 0001:000233b0       ___scrt_acquire_startup_lock 004243b0 f   LIBCMTD:utility.obj
 0001:00023410       ___scrt_dllmain_after_initialize_c 00424410 f   LIBCMTD:utility.obj
 0001:00023450       ___scrt_dllmain_before_initialize_c 00424450 f   LIBCMTD:utility.obj
 0001:00023480       ___scrt_dllmain_crt_thread_attach 00424480 f   LIBCMTD:utility.obj
 0001:000234c0       ___scrt_dllmain_crt_thread_detach 004244c0 f   LIBCMTD:utility.obj
 0001:000234e0       ___scrt_dllmain_exception_filter 004244e0 f   LIBCMTD:utility.obj
 0001:00023540       ___scrt_dllmain_uninitialize_c 00424540 f   LIBCMTD:utility.obj
 0001:00023580       ___scrt_dllmain_uninitialize_critical 00424580 f   LIBCMTD:utility.obj
 0001:000235a0       ___scrt_initialize_crt     004245a0 f   LIBCMTD:utility.obj
 0001:00023600       ___scrt_initialize_onexit_tables 00424600 f   LIBCMTD:utility.obj
 0001:00023720       ___scrt_is_nonwritable_in_current_image 00424720 f   LIBCMTD:utility.obj
 0001:000238a0       ___scrt_release_startup_lock 004248a0 f   LIBCMTD:utility.obj
 0001:000238d0       ___scrt_uninitialize_crt   004248d0 f   LIBCMTD:utility.obj
 0001:00023920       __onexit                   00424920 f   LIBCMTD:utility.obj
 0001:000239b0       _at_quick_exit             004249b0 f   LIBCMTD:utility.obj
 0001:00023a10       _atexit                    00424a10 f   LIBCMTD:utility.obj
 0001:00023a50       ___raise_securityfailure   00424a50 f   LIBCMTD:gs_report.obj
 0001:00023a90       ___report_gsfailure        00424a90 f   LIBCMTD:gs_report.obj
 0001:00023be0       ___report_rangecheckfailure 00424be0 f   LIBCMTD:gs_report.obj
 0001:00023bf0       ___report_securityfailure  00424bf0 f   LIBCMTD:gs_report.obj
 0001:00023d00       ___report_securityfailureEx 00424d00 f   LIBCMTD:gs_report.obj
 0001:00024270       ?set_app_type@__scrt_main_policy@@SAXXZ 00425270 f i LIBCMTD:exe_main.obj
 0001:00024290       ?set_commode@__scrt_file_policy@@SAXXZ 00425290 f i LIBCMTD:exe_main.obj
 0001:000242b0       ?set_fmode@__scrt_file_policy@@SAXXZ 004252b0 f i LIBCMTD:exe_main.obj
 0001:000242d0       _mainCRTStartup            004252d0 f   LIBCMTD:exe_main.obj
 0001:000242e0       @_guard_check_icall_nop@4  004252e0 f i LIBCMTD:guard_support.obj
 0001:000242f0       _ReadNoFence               004252f0 f i LIBCMTD:guard_support.obj
 0001:00024310       _ReadPointerNoFence        00425310 f i LIBCMTD:guard_support.obj
 0001:00024330       __guard_icall_checks_enforced 00425330 f i LIBCMTD:guard_support.obj
 0001:00024370       ??0bad_alloc@std@@AAE@QBD@Z 00425370 f i LIBCMTD:throw_bad_alloc.obj
 0001:000243a0       ??0bad_alloc@std@@QAE@ABV01@@Z 004253a0 f i LIBCMTD:throw_bad_alloc.obj
 0001:000243d0       ??0bad_alloc@std@@QAE@XZ   004253d0 f i LIBCMTD:throw_bad_alloc.obj
 0001:00024400       ??0bad_array_new_length@std@@QAE@ABV01@@Z 00425400 f i LIBCMTD:throw_bad_alloc.obj
 0001:00024430       ??0bad_array_new_length@std@@QAE@XZ 00425430 f i LIBCMTD:throw_bad_alloc.obj
 0001:00024460       ??0exception@std@@QAE@ABV01@@Z 00425460 f i LIBCMTD:throw_bad_alloc.obj
 0001:000244b0       ??0exception@std@@QAE@QBDH@Z 004254b0 f i LIBCMTD:throw_bad_alloc.obj
 0001:000244f0       ??1bad_alloc@std@@UAE@XZ   004254f0 f i LIBCMTD:throw_bad_alloc.obj
 0001:00024510       ??1bad_array_new_length@std@@UAE@XZ 00425510 f i LIBCMTD:throw_bad_alloc.obj
 0001:00024530       ??1exception@std@@UAE@XZ   00425530 f i LIBCMTD:throw_bad_alloc.obj
 0001:00024560       ??_Ebad_alloc@std@@UAEPAXI@Z 00425560 f i LIBCMTD:throw_bad_alloc.obj
 0001:00024560       ??_Gbad_alloc@std@@UAEPAXI@Z 00425560 f i LIBCMTD:throw_bad_alloc.obj
 0001:000245a0       ??_Ebad_array_new_length@std@@UAEPAXI@Z 004255a0 f i LIBCMTD:throw_bad_alloc.obj
 0001:000245a0       ??_Gbad_array_new_length@std@@UAEPAXI@Z 004255a0 f i LIBCMTD:throw_bad_alloc.obj
 0001:000245e0       ??_Eexception@std@@UAEPAXI@Z 004255e0 f i LIBCMTD:throw_bad_alloc.obj
 0001:000245e0       ??_Gexception@std@@UAEPAXI@Z 004255e0 f i LIBCMTD:throw_bad_alloc.obj
 0001:00024620       ?__scrt_throw_std_bad_alloc@@YAXXZ 00425620 f   LIBCMTD:throw_bad_alloc.obj
 0001:00024650       ?__scrt_throw_std_bad_array_new_length@@YAXXZ 00425650 f   LIBCMTD:throw_bad_alloc.obj
 0001:00024680       ?what@exception@std@@UBEPBDXZ 00425680 f i LIBCMTD:throw_bad_alloc.obj
 0001:000246c0       ??3@YAXPAX@Z               004256c0 f   LIBCMTD:delete_scalar.obj
 0001:000246e0       ___isa_available_init      004256e0 f   LIBCMTD:cpu_disp.obj
 0001:00024a70       __get_startup_argv_mode    00425a70 f   LIBCMTD:argv_mode.obj
 0001:00024a80       ___scrt_is_ucrt_dll_in_use 00425a80 f   LIBCMTD:ucrt_detection.obj
 0001:00024ab0       ___scrt_fastfail           00425ab0 f   LIBCMTD:utility_desktop.obj
 0001:00024c40       ___scrt_get_show_window_mode 00425c40 f   LIBCMTD:utility_desktop.obj
 0001:00024c90       ___scrt_initialize_mta     00425c90 f   LIBCMTD:utility_desktop.obj
 0001:00024ca0       ___scrt_initialize_winrt   00425ca0 f   LIBCMTD:utility_desktop.obj
 0001:00024cb0       ___scrt_is_managed_app     00425cb0 f   LIBCMTD:utility_desktop.obj
 0001:00024d60       ___scrt_set_unhandled_exception_filter 00425d60 f   LIBCMTD:utility_desktop.obj
 0001:00024d80       ___scrt_stub_for_initialize_mta 00425d80 f   LIBCMTD:utility_desktop.obj
 0001:00024d80       ___scrt_exe_initialize_mta 00425d80 f   LIBCMTD:utility_desktop.obj
 0001:00024d90       ___scrt_unhandled_exception_filter@4 00425d90 f   LIBCMTD:utility_desktop.obj
 0001:00024e10       __crt_debugger_hook        00425e10 f   LIBCMTD:utility_desktop.obj
 0001:00024ec0       ___security_init_cookie    00425ec0 f   LIBCMTD:gs_support.obj
 0001:00024f60       __matherr                  00425f60 f   LIBCMTD:matherr.obj
 0001:00024f70       __get_startup_commit_mode  00425f70 f   LIBCMTD:commit_mode.obj
 0001:00024f80       __get_startup_file_mode    00425f80 f   LIBCMTD:file_mode.obj
 0001:00024f90       __get_startup_new_mode     00425f90 f   LIBCMTD:new_mode.obj
 0001:00024fa0       __get_startup_thread_locale_mode 00425fa0 f   LIBCMTD:thread_locale.obj
 0001:00024fb0       ?__scrt_initialize_type_info@@YAXXZ 00425fb0 f   LIBCMTD:tncleanup.obj
 0001:00024fd0       ?__scrt_uninitialize_type_info@@YAXXZ 00425fd0 f   LIBCMTD:tncleanup.obj
 0001:00024ff0       __should_initialize_environment 00425ff0 f   LIBCMTD:env_mode.obj
 0001:00025000       __initialize_default_precision 00426000 f   LIBCMTD:default_precision.obj
 0001:00025030       __initialize_invalid_parameter_handler 00426030 f   LIBCMTD:invalid_parameter_handler.obj
 0001:00025040       __initialize_denormal_control 00426040 f   LIBCMTD:denormal_control.obj
 0001:00025050       ___local_stdio_scanf_options 00426050 f i LIBCMTD:default_local_stdio_options.obj
 0001:00025060       ___scrt_initialize_default_local_stdio_options 00426060 f   LIBCMTD:default_local_stdio_options.obj
 0001:000250b0       ___scrt_is_user_matherr_present 004260b0 f   LIBCMTD:matherr_detection.obj
 0001:000250e0       ___scrt_get_dyn_tls_init_callback 004260e0 f   LIBCMTD:dyn_tls_init.obj
 0001:000250f0       ___scrt_get_dyn_tls_dtor_callback 004260f0 f   LIBCMTD:dyn_tls_dtor.obj
 0001:00025100       __RTC_Initialize           00426100 f   LIBCMTD:initsect.obj
 0001:00025140       __RTC_Terminate            00426140 f   LIBCMTD:initsect.obj
 0001:00025179       _timeGetTime@0             00426179 f   winmm:WINMM.dll
 0001:0002517f       _glColor4f@16              0042617f f   opengl32:OPENGL32.dll
 0001:00025185       _glDisable@4               00426185 f   opengl32:OPENGL32.dll
 0001:0002518b       _glDisableClientState@4    0042618b f   opengl32:OPENGL32.dll
 0001:00025191       _glDrawArrays@12           00426191 f   opengl32:OPENGL32.dll
 0001:00025197       _glDrawElements@16         00426197 f   opengl32:OPENGL32.dll
 0001:0002519d       _glEnable@4                0042619d f   opengl32:OPENGL32.dll
 0001:000251a3       _glEnableClientState@4     004261a3 f   opengl32:OPENGL32.dll
 0001:000251a9       _glLineWidth@4             004261a9 f   opengl32:OPENGL32.dll
 0001:000251af       _glMultMatrixf@4           004261af f   opengl32:OPENGL32.dll
 0001:000251b5       _glNormalPointer@12        004261b5 f   opengl32:OPENGL32.dll
 0001:000251bb       _glPopMatrix@0             004261bb f   opengl32:OPENGL32.dll
 0001:000251c1       _glPushMatrix@0            004261c1 f   opengl32:OPENGL32.dll
 0001:000251c7       _glRotatef@16              004261c7 f   opengl32:OPENGL32.dll
 0001:000251cd       _glScalef@12               004261cd f   opengl32:OPENGL32.dll
 0001:000251d3       _glTranslatef@12           004261d3 f   opengl32:OPENGL32.dll
 0001:000251d9       _glVertexPointer@16        004261d9 f   opengl32:OPENGL32.dll
 0001:000251df       _glBindTexture@8           004261df f   opengl32:OPENGL32.dll
 0001:000251e5       _glBlendFunc@8             004261e5 f   opengl32:OPENGL32.dll
 0001:000251eb       _glGenTextures@8           004261eb f   opengl32:OPENGL32.dll
 0001:000251f1       _glLoadIdentity@0          004261f1 f   opengl32:OPENGL32.dll
 0001:000251f7       _glMatrixMode@4            004261f7 f   opengl32:OPENGL32.dll
 0001:000251fd       _glOrtho@48                004261fd f   opengl32:OPENGL32.dll
 0001:00025203       _glTexCoordPointer@16      00426203 f   opengl32:OPENGL32.dll
 0001:00025209       _glTexImage2D@36           00426209 f   opengl32:OPENGL32.dll
 0001:0002520f       _glTexParameterf@12        0042620f f   opengl32:OPENGL32.dll
 0001:00025215       _glColorPointer@16         00426215 f   opengl32:OPENGL32.dll
 0001:0002521b       _glClear@4                 0042621b f   opengl32:OPENGL32.dll
 0001:00025221       _glClearColor@16           00426221 f   opengl32:OPENGL32.dll
 0001:00025227       _glFlush@0                 00426227 f   opengl32:OPENGL32.dll
 0001:0002522d       _glLightfv@12              0042622d f   opengl32:OPENGL32.dll
 0001:00025233       _glViewport@16             00426233 f   opengl32:OPENGL32.dll
 0001:00025239       _gluPerspective@32         00426239 f   glu32:GLU32.dll
 0001:0002523f       _gluLookAt@72              0042623f f   glu32:GLU32.dll
 0001:00025250       ??$?0AAViterator@TryBlockMap@__FrameHandler3@@AAV012@$0A@@?$pair@Viterator@TryBlockMap@__FrameHandler3@@V123@@std@@QAE@AAViterator@TryBlockMap@__FrameHandler3@@0@Z 00426250 f i libvcruntimed:trnsctrl.obj
 0001:000252b0       ??$forward@AAViterator@TryBlockMap@__FrameHandler3@@@std@@YAAAViterator@TryBlockMap@__FrameHandler3@@AAV123@@Z 004262b0 f i libvcruntimed:trnsctrl.obj
 0001:000252c0       ??0iterator@TryBlockMap@__FrameHandler3@@QAE@AAV12@I@Z 004262c0 f i libvcruntimed:trnsctrl.obj
 0001:000252f0       ?GetRangeOfTrysToCheck@__FrameHandler3@@SA?AU?$pair@Viterator@TryBlockMap@__FrameHandler3@@V123@@std@@AAVTryBlockMap@1@HH@Z 004262f0 f   libvcruntimed:trnsctrl.obj
 0001:00025420       ?_CallCatchBlock2@@YAPAXPAUEHRegistrationNode@@PBU_s_FuncInfo@@PAXHK@Z 00426420 f   libvcruntimed:trnsctrl.obj
 0001:000254b0       ?_CallSETranslator@@YAHPAUEHExceptionRecord@@PAUEHRegistrationNode@@PAX2PBU_s_FuncInfo@@H1@Z 004264b0 f   libvcruntimed:trnsctrl.obj
 0001:000255e0       ?_JumpToContinuation@@YGXPAXPAUEHRegistrationNode@@@Z 004265e0 f   libvcruntimed:trnsctrl.obj
 0001:00025620       ?_UnwindNestedFrames@@YGXPAUEHRegistrationNode@@PAUEHExceptionRecord@@@Z 00426620 f   libvcruntimed:trnsctrl.obj
 0001:00025690       ?getFuncInfo@TryBlockMap@__FrameHandler3@@QAEPBU_s_FuncInfo@@XZ 00426690 f i libvcruntimed:trnsctrl.obj
 0001:000256b0       __CatchGuardHandler        004266b0 f   libvcruntimed:trnsctrl.obj
 0001:00025710       __CreateFrameInfo          00426710 f   libvcruntimed:trnsctrl.obj
 0001:00025750       __FindAndUnlinkFrame       00426750 f   libvcruntimed:trnsctrl.obj
 0001:000257e0       __TranslatorGuardHandler   004267e0 f   libvcruntimed:trnsctrl.obj
 0001:000258c0       ___CxxFrameHandler         004268c0 f   libvcruntimed:trnsctrl.obj
 0001:00025910       ___CxxFrameHandler2        00426910 f   libvcruntimed:trnsctrl.obj
 0001:00025960       ___CxxFrameHandler3        00426960 f   libvcruntimed:trnsctrl.obj
 0001:000259b0       ___CxxLongjmpUnwind@4      004269b0 f   libvcruntimed:trnsctrl.obj
 0001:00025a00       _memset                    00426a00 f   libvcruntimed:memset.obj
 0001:00025bb0       ??$__crt_fast_decode_pointer@P6AXXZ@@YAP6AXXZQ6AXXZ@Z 00426bb0 f i libvcruntimed:purevirt.obj
 0001:00025be0       ??$__crt_fast_encode_pointer@P6AXXZ@@YAP6AXXZQ6AXXZ@Z 00426be0 f i libvcruntimed:purevirt.obj
 0001:00025c20       ??$__crt_interlocked_exchange_pointer@$$A6AXXZP6AXXZ@@YAP6AXXZPDS6AXXZQ6AXXZ@Z 00426c20 f i libvcruntimed:purevirt.obj
 0001:00025c30       ??$__crt_interlocked_read_pointer@$$A6AXXZ@@YAP6AXXZPDS6AXXZ@Z 00426c30 f i libvcruntimed:purevirt.obj
 0001:00025c50       ?__crt_interlocked_read_32@@YAHPDH@Z 00426c50 f i libvcruntimed:purevirt.obj
 0001:00025c70       __get_purecall_handler     00426c70 f   libvcruntimed:purevirt.obj
 0001:00025ca0       __purecall                 00426ca0 f   libvcruntimed:purevirt.obj
 0001:00025ce0       __set_purecall_handler     00426ce0 f   libvcruntimed:purevirt.obj
 0001:00025d20       _memcpy                    00426d20 f   libvcruntimed:memcpy.obj
 0001:00026400       _strrchr                   00427400 f   libvcruntimed:strrchr.obj
 0001:00026610       __except_handler4          00427610 f   libvcruntimed:chandler4.obj
 0001:00026860       ___vcrt_initialize         00427860 f   libvcruntimed:initialization.obj
 0001:000268b0       ___vcrt_thread_attach      004278b0 f   libvcruntimed:initialization.obj
 0001:000268d0       ___vcrt_thread_detach      004278d0 f   libvcruntimed:initialization.obj
 0001:000268f0       ___vcrt_uninitialize       004278f0 f   libvcruntimed:initialization.obj
 0001:00026920       ___vcrt_uninitialize_critical 00427920 f   libvcruntimed:initialization.obj
 0001:00026940       ??$?RD@__crt_public_free_policy@@QBEXQBD@Z 00427940 f i libvcruntimed:std_exception.obj
 0001:00026960       ??0?$__crt_unique_heap_ptr@DU__crt_public_free_policy@@@@QAE@QAD@Z 00427960 f i libvcruntimed:std_exception.obj
 0001:00026980       ??1?$__crt_unique_heap_ptr@DU__crt_public_free_policy@@@@QAE@XZ 00427980 f i libvcruntimed:std_exception.obj
 0001:000269a0       ??B?$__crt_unique_heap_ptr@DU__crt_public_free_policy@@@@QBE_NXZ 004279a0 f i libvcruntimed:std_exception.obj
 0001:000269c0       ?detach@?$__crt_unique_heap_ptr@DU__crt_public_free_policy@@@@QAEPADXZ 004279c0 f i libvcruntimed:std_exception.obj
 0001:000269f0       ?get@?$__crt_unique_heap_ptr@DU__crt_public_free_policy@@@@QBEPADXZ 004279f0 f i libvcruntimed:std_exception.obj
 0001:00026a10       ?is_valid@?$__crt_unique_heap_ptr@DU__crt_public_free_policy@@@@QBE_NXZ 00427a10 f i libvcruntimed:std_exception.obj
 0001:00026a50       ?release@?$__crt_unique_heap_ptr@DU__crt_public_free_policy@@@@QAEXXZ 00427a50 f i libvcruntimed:std_exception.obj
 0001:00026a80       ___std_exception_copy      00427a80 f   libvcruntimed:std_exception.obj
 0001:00026ba0       ___std_exception_destroy   00427ba0 f   libvcruntimed:std_exception.obj
 0001:00026be0       __CxxThrowException@8      00427be0 f   libvcruntimed:throw.obj
 0001:00026d00       ??$?RD@__crt_internal_free_policy@@QBEXQBD@Z 00427d00 f i libvcruntimed:std_type_info.obj
 0001:00026d30       ??$?RX@__crt_internal_free_policy@@QBEXQBX@Z 00427d30 f i libvcruntimed:std_type_info.obj
 0001:00026d60       ??$__crt_interlocked_compare_exchange_pointer@$$CBDPAD$$T@@YAPBDPDSBDQAD$$T@Z 00427d60 f i libvcruntimed:std_type_info.obj
 0001:00026d80       ??$__crt_interlocked_read_pointer@$$CBD@@YAPBDPDSBD@Z 00427d80 f i libvcruntimed:std_type_info.obj
 0001:00026da0       ??0?$__crt_unique_heap_ptr@DU__crt_internal_free_policy@@@@QAE@QAD@Z 00427da0 f i libvcruntimed:std_type_info.obj
 0001:00026dc0       ??0?$__crt_unique_heap_ptr@XU__crt_internal_free_policy@@@@QAE@QAX@Z 00427dc0 f i libvcruntimed:std_type_info.obj
 0001:00026de0       ??1?$__crt_unique_heap_ptr@DU__crt_internal_free_policy@@@@QAE@XZ 00427de0 f i libvcruntimed:std_type_info.obj
 0001:00026e00       ??1?$__crt_unique_heap_ptr@XU__crt_internal_free_policy@@@@QAE@XZ 00427e00 f i libvcruntimed:std_type_info.obj
 0001:00026e60       ??B?$__crt_unique_heap_ptr@DU__crt_internal_free_policy@@@@QBE_NXZ 00427e60 f i libvcruntimed:std_type_info.obj
 0001:00026e80       ??B?$__crt_unique_heap_ptr@XU__crt_internal_free_policy@@@@QBE_NXZ 00427e80 f i libvcruntimed:std_type_info.obj
 0001:00026f00       ?detach@?$__crt_unique_heap_ptr@XU__crt_internal_free_policy@@@@QAEPAXXZ 00427f00 f i libvcruntimed:std_type_info.obj
 0001:00026f30       ?get@?$__crt_unique_heap_ptr@DU__crt_internal_free_policy@@@@QBEPADXZ 00427f30 f i libvcruntimed:std_type_info.obj
 0001:00026f50       ?get@?$__crt_unique_heap_ptr@XU__crt_internal_free_policy@@@@QBEPAXXZ 00427f50 f i libvcruntimed:std_type_info.obj
 0001:00026f70       ?is_valid@?$__crt_unique_heap_ptr@DU__crt_internal_free_policy@@@@QBE_NXZ 00427f70 f i libvcruntimed:std_type_info.obj
 0001:00026fb0       ?is_valid@?$__crt_unique_heap_ptr@XU__crt_internal_free_policy@@@@QBE_NXZ 00427fb0 f i libvcruntimed:std_type_info.obj
 0001:00026ff0       ?release@?$__crt_unique_heap_ptr@DU__crt_internal_free_policy@@@@QAEXXZ 00427ff0 f i libvcruntimed:std_type_info.obj
 0001:00027020       ?release@?$__crt_unique_heap_ptr@XU__crt_internal_free_policy@@@@QAEXXZ 00428020 f i libvcruntimed:std_type_info.obj
 0001:00027050       ___std_type_info_compare   00428050 f   libvcruntimed:std_type_info.obj
 0001:00027080       ___std_type_info_destroy_list 00428080 f   libvcruntimed:std_type_info.obj
 0001:000270d0       ___std_type_info_hash      004280d0 f   libvcruntimed:std_type_info.obj
 0001:00027140       ___std_type_info_name      00428140 f   libvcruntimed:std_type_info.obj
 0001:000273a0       ??$?RU__vcrt_ptd@@@__crt_internal_free_policy@@QBEXQBU__vcrt_ptd@@@Z 004283a0 f i libvcruntimed:per_thread_data.obj
 0001:000273d0       ??0?$__crt_unique_heap_ptr@U__vcrt_ptd@@U__crt_internal_free_policy@@@@QAE@QAU__vcrt_ptd@@@Z 004283d0 f i libvcruntimed:per_thread_data.obj
 0001:00027410       ??1?$__crt_unique_heap_ptr@U__vcrt_ptd@@U__crt_internal_free_policy@@@@QAE@XZ 00428410 f i libvcruntimed:per_thread_data.obj
 0001:00027450       ??B?$__crt_unique_heap_ptr@U__vcrt_ptd@@U__crt_internal_free_policy@@@@QBE_NXZ 00428450 f i libvcruntimed:per_thread_data.obj
 0001:00027470       ?detach@?$__crt_unique_heap_ptr@U__vcrt_ptd@@U__crt_internal_free_policy@@@@QAEPAU__vcrt_ptd@@XZ 00428470 f i libvcruntimed:per_thread_data.obj
 0001:000274a0       ?get@?$__crt_unique_heap_ptr@U__vcrt_ptd@@U__crt_internal_free_policy@@@@QBEPAU__vcrt_ptd@@XZ 004284a0 f i libvcruntimed:per_thread_data.obj
 0001:000274c0       ?is_valid@?$__crt_unique_heap_ptr@U__vcrt_ptd@@U__crt_internal_free_policy@@@@QBE_NXZ 004284c0 f i libvcruntimed:per_thread_data.obj
 0001:00027500       ?release@?$__crt_unique_heap_ptr@U__vcrt_ptd@@U__crt_internal_free_policy@@@@QAEXXZ 00428500 f i libvcruntimed:per_thread_data.obj
 0001:00027560       ___vcrt_freefls@4          00428560 f   libvcruntimed:per_thread_data.obj
 0001:00027590       ___vcrt_freeptd            00428590 f   libvcruntimed:per_thread_data.obj
 0001:00027600       ___vcrt_getptd             00428600 f   libvcruntimed:per_thread_data.obj
 0001:00027630       ___vcrt_getptd_noexit      00428630 f   libvcruntimed:per_thread_data.obj
 0001:000277e0       ___vcrt_getptd_noinit      004287e0 f   libvcruntimed:per_thread_data.obj
 0001:00027850       ___vcrt_initialize_ptd     00428850 f   libvcruntimed:per_thread_data.obj
 0001:000278b0       ___vcrt_uninitialize_ptd   004288b0 f   libvcruntimed:per_thread_data.obj
 0001:00028790       ??$TypeMatchHelper@V__FrameHandler3@@@@YAHPBU_s_HandlerType@@PBU_s_CatchableType@@PBU_s_ThrowInfo@@@Z 00429790 f i libvcruntimed:frame.obj
 0001:000288a0       ??$__InternalCxxFrameHandler@V__FrameHandler3@@@@YA?AW4_EXCEPTION_DISPOSITION@@PAUEHExceptionRecord@@PAUEHRegistrationNode@@PAU_CONTEXT@@PAXPBU_s_FuncInfo@@H1E@Z 004298a0 f i libvcruntimed:frame.obj
 0001:00028af0       ??0HandlerMap@__FrameHandler3@@QAE@PBU_s_TryBlockMapEntry@@PAX@Z 00429af0 f i libvcruntimed:frame.obj
 0001:00028b20       ??0TryBlockMap@__FrameHandler3@@QAE@PBU_s_FuncInfo@@PAX@Z 00429b20 f i libvcruntimed:frame.obj
 0001:00028b50       ??0bad_exception@std@@QAE@ABV01@@Z 00429b50 f i libvcruntimed:frame.obj
 0001:00028b80       ??0bad_exception@std@@QAE@XZ 00429b80 f i libvcruntimed:frame.obj
 0001:00028bb0       ??0iterator@HandlerMap@__FrameHandler3@@QAE@AAV12@I@Z 00429bb0 f i libvcruntimed:frame.obj
 0001:00028be0       ??1bad_exception@std@@UAE@XZ 00429be0 f i libvcruntimed:frame.obj
 0001:00028c00       ??8iterator@HandlerMap@__FrameHandler3@@QBE_NABV012@@Z 00429c00 f i libvcruntimed:frame.obj
 0001:00028c40       ??8type_info@@QBE_NABV0@@Z 00429c40 f i libvcruntimed:frame.obj
 0001:00028c90       ??9iterator@HandlerMap@__FrameHandler3@@QBE_NABV012@@Z 00429c90 f i libvcruntimed:frame.obj
 0001:00028ce0       ??Diterator@HandlerMap@__FrameHandler3@@QAEPBU_s_HandlerType@@XZ 00429ce0 f i libvcruntimed:frame.obj
 0001:00028d10       ??Diterator@TryBlockMap@__FrameHandler3@@QAEPBU_s_TryBlockMapEntry@@XZ 00429d10 f i libvcruntimed:frame.obj
 0001:00028d40       ??Eiterator@HandlerMap@__FrameHandler3@@QAEAAV012@XZ 00429d40 f i libvcruntimed:frame.obj
 0001:00028d70       ??Eiterator@TryBlockMap@__FrameHandler3@@QAEAAV012@XZ 00429d70 f i libvcruntimed:frame.obj
 0001:00028da0       ??Miterator@TryBlockMap@__FrameHandler3@@QBE_NABV012@@Z 00429da0 f i libvcruntimed:frame.obj
 0001:00028de0       ??_Ebad_exception@std@@UAEPAXI@Z 00429de0 f i libvcruntimed:frame.obj
 0001:00028de0       ??_Gbad_exception@std@@UAEPAXI@Z 00429de0 f i libvcruntimed:frame.obj
 0001:00028e20       ?BuildCatchObject@__FrameHandler3@@SAXPAUEHExceptionRecord@@PAXPBU_s_HandlerType@@PBU_s_CatchableType@@@Z 00429e20 f   libvcruntimed:frame.obj
 0001:00028e50       ?BuildCatchObjectHelper@__FrameHandler3@@SAHPAUEHExceptionRecord@@PAXPBU_s_HandlerType@@PBU_s_CatchableType@@@Z 00429e50 f   libvcruntimed:frame.obj
 0001:000292d0       ?FrameUnwindToEmptyState@__FrameHandler3@@SAXPAUEHRegistrationNode@@PAXPBU_s_FuncInfo@@@Z 0042a2d0 f   libvcruntimed:frame.obj
 0001:00029300       ?FrameUnwindToState@__FrameHandler3@@SAXPAUEHRegistrationNode@@PAXPBU_s_FuncInfo@@H@Z 0042a300 f   libvcruntimed:frame.obj
 0001:000294e0       ?GetMaxState@__FrameHandler3@@SAHPAXPBU_s_FuncInfo@@@Z 0042a4e0 f i libvcruntimed:frame.obj
 0001:00029640       ?TypeMatch@__FrameHandler3@@SAHPBU_s_HandlerType@@PBU_s_CatchableType@@PBU_s_ThrowInfo@@@Z 0042a640 f   libvcruntimed:frame.obj
 0001:00029660       ?_CallMemberFunction1@@YGXQAX00@Z 0042a660 f i libvcruntimed:frame.obj
 0001:00029680       ?_CallMemberFunction2@@YGXQAX00H@Z 0042a680 f i libvcruntimed:frame.obj
 0001:000296b0       ?_ValidateExecute@@YA_NP6GHXZ@Z 0042a6b0 f i libvcruntimed:frame.obj
 0001:000296d0       ?_ValidateRead@@YA_NPBXI@Z 0042a6d0 f i libvcruntimed:frame.obj
 0001:000296f0       ?_ValidateWrite@@YA_NPAXI@Z 0042a6f0 f i libvcruntimed:frame.obj
 0001:00029710       ?begin@HandlerMap@__FrameHandler3@@QAE?AViterator@12@XZ 0042a710 f i libvcruntimed:frame.obj
 0001:00029740       ?end@HandlerMap@__FrameHandler3@@QAE?AViterator@12@XZ 0042a740 f i libvcruntimed:frame.obj
 0001:00029770       ?getESTypes@__FrameHandler3@@SAPBU_s_ESTypeList@@PBU_s_FuncInfo@@@Z 0042a770 f i libvcruntimed:frame.obj
 0001:00029780       ?getLastEntry@HandlerMap@__FrameHandler3@@QAEPBU_s_HandlerType@@XZ 0042a780 f i libvcruntimed:frame.obj
 0001:000297b0       ?getMagicNum@__FrameHandler3@@SAIPBU_s_FuncInfo@@@Z 0042a7b0 f i libvcruntimed:frame.obj
 0001:000297d0       ?getNumTryBlocks@TryBlockMap@__FrameHandler3@@QAEIXZ 0042a7d0 f i libvcruntimed:frame.obj
 0001:000297f0       ?isEHs@__FrameHandler3@@SA_NPBU_s_FuncInfo@@@Z 0042a7f0 f i libvcruntimed:frame.obj
 0001:00029820       ?isNoExcept@__FrameHandler3@@SA_NPBU_s_FuncInfo@@@Z 0042a820 f i libvcruntimed:frame.obj
 0001:00029850       ___BuildCatchObject        0042a850 f   libvcruntimed:frame.obj
 0001:00029880       ___BuildCatchObjectHelper  0042a880 f   libvcruntimed:frame.obj
 0001:000298b0       ___TypeMatch               0042a8b0 f   libvcruntimed:frame.obj
 0001:000298d0       ___vcrt_EncodePointer      0042a8d0 f i libvcruntimed:frame.obj
 0001:000298f0       __CallSettingFrame@12      0042a8f0 f   libvcruntimed:lowhelpr.obj
 0001:00029917       __NLG_Return               0042a917     libvcruntimed:lowhelpr.obj
 0001:00029960       ___except_validate_context_record 0042a960 f   libvcruntimed:jbcxrval.obj
 0001:000299c0       ___except_validate_jump_buffer 0042a9c0 f   libvcruntimed:jbcxrval.obj
 0001:000299e0       ___except_validate_jump_buffer_common 0042a9e0 f i libvcruntimed:jbcxrval.obj
 0001:00029a50       ??$?B$$A6AXXZ@__crt_fast_encoded_nullptr_t@@QBEP6AXXZXZ 0042aa50 f i libvcruntimed:purevirt_data.obj
 0001:00029a70       ?__crt_fast_encode_pointer@@YA?AU__crt_fast_encoded_nullptr_t@@$$T@Z 0042aa70 f i libvcruntimed:purevirt_data.obj
 0001:00029a80       ___vcrt_initialize_pure_virtual_call_handler 0042aa80 f   libvcruntimed:purevirt_data.obj
 0001:00029ab0       __local_unwind4            0042aab0 f   libvcruntimed:exsup4.obj
 0001:00029b88       __seh_longjmp_unwind4@4    0042ab88 f   libvcruntimed:exsup4.obj
 0001:00029bb0       @_EH4_CallFilterFunc@8     0042abb0 f   libvcruntimed:exsup4.obj
 0001:00029bc8       @_EH4_TransferToHandler@8  0042abc8 f   libvcruntimed:exsup4.obj
 0001:00029be4       @_EH4_GlobalUnwind2@8      0042abe4 f   libvcruntimed:exsup4.obj
 0001:00029c00       @_EH4_LocalUnwind@16       0042ac00 f   libvcruntimed:exsup4.obj
 0001:00029c70       ___vcrt_initialize_locks   0042ac70 f   libvcruntimed:locks.obj
 0001:00029ce0       ___vcrt_lock               0042ace0 f   libvcruntimed:locks.obj
 0001:00029d00       ___vcrt_uninitialize_locks 0042ad00 f   libvcruntimed:locks.obj
 0001:00029d60       ___vcrt_unlock             0042ad60 f   libvcruntimed:locks.obj
 0001:00029d80       ??$?BX@__crt_fast_encoded_nullptr_t@@QBEPAXXZ 0042ad80 f i libvcruntimed:winapi_downlevel.obj
 0001:00029da0       ??$__crt_fast_decode_pointer@PAX@@YAPAXQAX@Z 0042ada0 f i libvcruntimed:winapi_downlevel.obj
 0001:00029dd0       ??$__crt_fast_encode_pointer@PAX@@YAPAXQAX@Z 0042add0 f i libvcruntimed:winapi_downlevel.obj
 0001:00029e10       ??$__crt_interlocked_exchange_pointer@UHINSTANCE__@@PAU1@@@YAPAUHINSTANCE__@@PDSAU0@QAU0@@Z 0042ae10 f i libvcruntimed:winapi_downlevel.obj
 0001:00029e20       ??$__crt_interlocked_exchange_pointer@UHINSTANCE__@@PAX@@YAPAUHINSTANCE__@@PDSAU0@QAX@Z 0042ae20 f i libvcruntimed:winapi_downlevel.obj
 0001:00029e30       ??$__crt_interlocked_exchange_pointer@XPAX@@YAPAXPDSAXQAX@Z 0042ae30 f i libvcruntimed:winapi_downlevel.obj
 0001:00029e40       ??$__crt_interlocked_read_pointer@UHINSTANCE__@@@@YAPAUHINSTANCE__@@PDSAU0@@Z 0042ae40 f i libvcruntimed:winapi_downlevel.obj
 0001:00029e60       ??$__crt_interlocked_read_pointer@X@@YAPAXPDSAX@Z 0042ae60 f i libvcruntimed:winapi_downlevel.obj
 0001:0002a370       ___vcrt_FlsAlloc           0042b370 f   libvcruntimed:winapi_downlevel.obj
 0001:0002a3c0       ___vcrt_FlsFree            0042b3c0 f   libvcruntimed:winapi_downlevel.obj
 0001:0002a410       ___vcrt_FlsGetValue        0042b410 f   libvcruntimed:winapi_downlevel.obj
 0001:0002a460       ___vcrt_FlsSetValue        0042b460 f   libvcruntimed:winapi_downlevel.obj
 0001:0002a4c0       ___vcrt_InitializeCriticalSectionEx 0042b4c0 f   libvcruntimed:winapi_downlevel.obj
 0001:0002a520       ___vcrt_initialize_winapi_thunks 0042b520 f   libvcruntimed:winapi_downlevel.obj
 0001:0002a5a0       ___vcrt_uninitialize_winapi_thunks 0042b5a0 f   libvcruntimed:winapi_downlevel.obj
 0001:0002a630       ??0Block@_HeapManager@@QAE@XZ 0042b630 f i libvcruntimed:undname.obj
 0001:0002a650       ??0DName@@QAE@AAPBDD@Z     0042b650 f   libvcruntimed:undname.obj
 0001:0002a900       ??0DName@@QAE@ABV0@@Z      0042b900 f i libvcruntimed:undname.obj
 0001:0002a930       ??0DName@@QAE@D@Z          0042b930 f   libvcruntimed:undname.obj
 0001:0002a980       ??0DName@@QAE@PAV0@@Z      0042b980 f   libvcruntimed:undname.obj
 0001:0002aa60       ??0DName@@QAE@PBD@Z        0042ba60 f   libvcruntimed:undname.obj
 0001:0002aad0       ??0DName@@QAE@W4DNameStatus@@@Z 0042bad0 f   libvcruntimed:undname.obj
 0001:0002ab90       ??0DName@@QAE@XZ           0042bb90 f i libvcruntimed:undname.obj
 0001:0002abc0       ??0DName@@QAE@_J@Z         0042bbc0 f   libvcruntimed:undname.obj
 0001:0002ace0       ??0DName@@QAE@_K@Z         0042bce0 f   libvcruntimed:undname.obj
 0001:0002adb0       ??0DNameNode@@IAE@XZ       0042bdb0 f i libvcruntimed:undname.obj
 0001:0002add0       ??0Replicator@@QAE@XZ      0042bdd0 f i libvcruntimed:undname.obj
 0001:0002ae20       ??0UnDecorator@@QAE@PBDP6APADJ@ZK@Z 0042be20 f i libvcruntimed:undname.obj
 0001:0002aec0       ??0charNode@@QAE@D@Z       0042bec0 f i libvcruntimed:undname.obj
 0001:0002af00       ??0pDNameNode@@QAE@PAVDName@@@Z 0042bf00 f   libvcruntimed:undname.obj
 0001:0002af80       ??0pairNode@@QAE@PBVDNameNode@@0@Z 0042bf80 f i libvcruntimed:undname.obj
 0001:0002afd0       ??0pcharNode@@QAE@PBDH@Z   0042bfd0 f   libvcruntimed:undname.obj
 0001:0002b0b0       ??2@YAPAXIAAV_HeapManager@@H@Z 0042c0b0 f i libvcruntimed:undname.obj
 0001:0002b0d0       ??4DName@@QAEAAV0@ABV0@@Z  0042c0d0 f   libvcruntimed:undname.obj
 0001:0002b100       ??4DName@@QAEAAV0@D@Z      0042c100 f i libvcruntimed:undname.obj
 0001:0002b150       ??4DName@@QAEAAV0@PAV0@@Z  0042c150 f   libvcruntimed:undname.obj
 0001:0002b210       ??4DName@@QAEAAV0@PBD@Z    0042c210 f   libvcruntimed:undname.obj
 0001:0002b260       ??4DName@@QAEAAV0@W4DNameStatus@@@Z 0042c260 f   libvcruntimed:undname.obj
 0001:0002b300       ??AReplicator@@QBE?AVDName@@H@Z 0042c300 f   libvcruntimed:undname.obj
 0001:0002b380       ??H@YA?AVDName@@DABV0@@Z   0042c380 f i libvcruntimed:undname.obj
 0001:0002b3c0       ??H@YA?AVDName@@PBDABV0@@Z 0042c3c0 f i libvcruntimed:undname.obj
 0001:0002b400       ??H@YA?AVDName@@W4DNameStatus@@ABV0@@Z 0042c400 f i libvcruntimed:undname.obj
 0001:0002b440       ??HDName@@QBE?AV0@ABV0@@Z  0042c440 f   libvcruntimed:undname.obj
 0001:0002b490       ??HDName@@QBE?AV0@D@Z      0042c490 f   libvcruntimed:undname.obj
 0001:0002b4e0       ??HDName@@QBE?AV0@PAV0@@Z  0042c4e0 f   libvcruntimed:undname.obj
 0001:0002b530       ??HDName@@QBE?AV0@PBD@Z    0042c530 f   libvcruntimed:undname.obj
 0001:0002b580       ??HDName@@QBE?AV0@W4DNameStatus@@@Z 0042c580 f   libvcruntimed:undname.obj
 0001:0002b5d0       ??YDName@@QAEAAV0@ABV0@@Z  0042c5d0 f   libvcruntimed:undname.obj
 0001:0002b660       ??YDName@@QAEAAV0@D@Z      0042c660 f   libvcruntimed:undname.obj
 0001:0002b700       ??YDName@@QAEAAV0@PAV0@@Z  0042c700 f   libvcruntimed:undname.obj
 0001:0002b7f0       ??YDName@@QAEAAV0@PBD@Z    0042c7f0 f   libvcruntimed:undname.obj
 0001:0002b8b0       ??YDName@@QAEAAV0@W4DNameStatus@@@Z 0042c8b0 f   libvcruntimed:undname.obj
 0001:0002b930       ??YReplicator@@QAEAAV0@ABVDName@@@Z 0042c930 f   libvcruntimed:undname.obj
 0001:0002b9e0       ??_5DName@@QAEAAV0@ABV0@@Z 0042c9e0 f   libvcruntimed:undname.obj
 0001:0002ba50       ?Constructor@_HeapManager@@QAEXP6APAXI@ZP6AXPAX@Z@Z 0042ca50 f i libvcruntimed:undname.obj
 0001:0002baa0       ?Destructor@_HeapManager@@QAEXXZ 0042caa0 f i libvcruntimed:undname.obj
 0001:0002bb20       ?UScore@UnDecorator@@SAPBDW4Tokens@@@Z 0042cb20 f   libvcruntimed:undname.obj
 0001:0002bb60       ?append@DName@@AAEXPBVDNameNode@@@Z 0042cb60 f   libvcruntimed:undname.obj
 0001:0002bc10       ?composeDeclaration@UnDecorator@@CA?AVDName@@ABV2@@Z 0042cc10 f i libvcruntimed:undname.obj
 0001:0002e300       ?dbGetString@DName@@QBEPADXZ 0042f300 f   libvcruntimed:undname.obj
 0001:0002e330       ?doAccessSpecifiers@UnDecorator@@SAHXZ 0042f330 f i libvcruntimed:undname.obj
 0001:0002e360       ?doAllocationLanguage@UnDecorator@@SAHXZ 0042f360 f i libvcruntimed:undname.obj
 0001:0002e390       ?doAllocationModel@UnDecorator@@SAHXZ 0042f390 f i libvcruntimed:undname.obj
 0001:0002e3c0       ?doEcsu@UnDecorator@@SAHXZ 0042f3c0 f i libvcruntimed:undname.obj
 0001:0002e3f0       ?doEllipsis@UnDecorator@@SAHXZ 0042f3f0 f i libvcruntimed:undname.obj
 0001:0002e420       ?doFunctionReturns@UnDecorator@@SAHXZ 0042f420 f i libvcruntimed:undname.obj
 0001:0002e450       ?doMSKeywords@UnDecorator@@SAHXZ 0042f450 f i libvcruntimed:undname.obj
 0001:0002e480       ?doMemberTypes@UnDecorator@@SAHXZ 0042f480 f i libvcruntimed:undname.obj
 0001:0002e4b0       ?doNameOnly@UnDecorator@@SAHXZ 0042f4b0 f i libvcruntimed:undname.obj
 0001:0002e4d0       ?doNoIdentCharCheck@UnDecorator@@SAHXZ 0042f4d0 f i libvcruntimed:undname.obj
 0001:0002e4f0       ?doPchar@DName@@AAEXPBDH@Z 0042f4f0 f   libvcruntimed:undname.obj
 0001:0002e680       ?doPtr64@UnDecorator@@SAHXZ 0042f680 f i libvcruntimed:undname.obj
 0001:0002e6b0       ?doRestrictionSpec@UnDecorator@@SAHXZ 0042f6b0 f i libvcruntimed:undname.obj
 0001:0002e6e0       ?doThisTypes@UnDecorator@@SAHXZ 0042f6e0 f i libvcruntimed:undname.obj
 0001:0002e720       ?doThrowTypes@UnDecorator@@SAHXZ 0042f720 f i libvcruntimed:undname.obj
 0001:0002e750       ?doTypeOnly@UnDecorator@@SAHXZ 0042f750 f i libvcruntimed:undname.obj
 0001:0002e770       ?doUnderScore@UnDecorator@@SAHXZ 0042f770 f i libvcruntimed:undname.obj
 0001:0002e7a0       ?getArgumentList@UnDecorator@@CA?AVDName@@XZ 0042f7a0 f   libvcruntimed:undname.obj
 0001:0002e940       ?getArgumentTypes@UnDecorator@@CA?AVDName@@XZ 0042f940 f   libvcruntimed:undname.obj
 0001:0002eae0       ?getArrayType@UnDecorator@@CA?AVDName@@ABV2@@Z 0042fae0 f i libvcruntimed:undname.obj
 0001:0002ee00       ?getBasedType@UnDecorator@@CA?AVDName@@XZ 0042fe00 f   libvcruntimed:undname.obj
 0001:0002ef00       ?getBasicDataType@UnDecorator@@CA?AVDName@@ABV2@@Z 0042ff00 f   libvcruntimed:undname.obj
 0001:0002f6a0       ?getCHPEName@UnDecorator@@QAEPADPADH@Z 004306a0 f i libvcruntimed:undname.obj
 0001:0002f860       ?getCallIndex@UnDecorator@@CA?AVDName@@XZ 00430860 f i libvcruntimed:undname.obj
 0001:0002f880       ?getCallingConvention@UnDecorator@@CA?AVDName@@XZ 00430880 f   libvcruntimed:undname.obj
 0001:0002fb20       ?getDataIndirectType@UnDecorator@@CA?AVDName@@ABV2@PBD0H@Z 00430b20 f   libvcruntimed:undname.obj
 0001:00030660       ?getDataIndirectType@UnDecorator@@CA?AVDName@@XZ 00431660 f i libvcruntimed:undname.obj
 0001:000306b0       ?getDataType@UnDecorator@@CA?AVDName@@PAV2@@Z 004316b0 f   libvcruntimed:undname.obj
 0001:00030820       ?getDecoratedName@UnDecorator@@CA?AVDName@@XZ 00431820 f   libvcruntimed:undname.obj
 0001:00030d50       ?getDimension@UnDecorator@@CA?AVDName@@_N@Z 00431d50 f   libvcruntimed:undname.obj
 0001:000310b0       ?getDispatchTarget@UnDecorator@@CA?AVDName@@XZ 004320b0 f   libvcruntimed:undname.obj
 0001:00031180       ?getDisplacement@UnDecorator@@CA?AVDName@@XZ 00432180 f i libvcruntimed:undname.obj
 0001:000311a0       ?getECSUDataType@UnDecorator@@CA?AVDName@@XZ 004321a0 f   libvcruntimed:undname.obj
 0001:000313f0       ?getECSUName@UnDecorator@@CA?AVDName@@XZ 004323f0 f i libvcruntimed:undname.obj
 0001:00031410       ?getEnumType@UnDecorator@@CA?AVDName@@XZ 00432410 f i libvcruntimed:undname.obj
 0001:000315b0       ?getExtendedDataIndirectType@UnDecorator@@CA?AVDName@@AAPBDAA_NH@Z 004325b0 f   libvcruntimed:undname.obj
 0001:000318a0       ?getExternalDataType@UnDecorator@@CA?AVDName@@ABV2@@Z 004328a0 f i libvcruntimed:undname.obj
 0001:00031970       ?getFunctionIndirectType@UnDecorator@@CA?AVDName@@ABV2@@Z 00432970 f   libvcruntimed:undname.obj
 0001:00032010       ?getGuardNumber@UnDecorator@@CA?AVDName@@XZ 00433010 f i libvcruntimed:undname.obj
 0001:00032030       ?getLastChar@DName@@QBEDXZ 00433030 f i libvcruntimed:undname.obj
 0001:00032080       ?getLastChar@DNameStatusNode@@UBEDXZ 00433080 f i libvcruntimed:undname.obj
 0001:000320c0       ?getLastChar@charNode@@UBEDXZ 004330c0 f i libvcruntimed:undname.obj
 0001:000320e0       ?getLastChar@pDNameNode@@UBEDXZ 004330e0 f i libvcruntimed:undname.obj
 0001:00032120       ?getLastChar@pairNode@@UBEDXZ 00433120 f i libvcruntimed:undname.obj
 0001:000321a0       ?getLastChar@pcharNode@@UBEDXZ 004331a0 f i libvcruntimed:undname.obj
 0001:000321e0       ?getLexicalFrame@UnDecorator@@CA?AVDName@@XZ 004331e0 f i libvcruntimed:undname.obj
 0001:00032230       ?getMemory@_HeapManager@@QAEPAXIH@Z 00433230 f   libvcruntimed:undname.obj
 0001:000323a0       ?getNoexcept@UnDecorator@@CA?AVDName@@XZ 004333a0 f   libvcruntimed:undname.obj
 0001:00032420       ?getNumberOfDimensions@UnDecorator@@CAHXZ 00433420 f   libvcruntimed:undname.obj
 0001:00032560       ?getOperatorName@UnDecorator@@CA?AVDName@@_NPA_N@Z 00433560 f i libvcruntimed:undname.obj
 0001:00033310       ?getPointerType@UnDecorator@@CA?AVDName@@ABV2@0@Z 00434310 f i libvcruntimed:undname.obj
 0001:00033350       ?getPointerTypeArray@UnDecorator@@CA?AVDName@@ABV2@0@Z 00434350 f i libvcruntimed:undname.obj
 0001:00033390       ?getPrimaryDataType@UnDecorator@@CA?AVDName@@ABV2@@Z 00434390 f   libvcruntimed:undname.obj
 0001:00033880       ?getPtrRefDataType@UnDecorator@@CA?AVDName@@ABV2@H@Z 00434880 f   libvcruntimed:undname.obj
 0001:00033b40       ?getPtrRefType@UnDecorator@@CA?AVDName@@ABV2@0PBD@Z 00434b40 f   libvcruntimed:undname.obj
 0001:00033d10       ?getReferenceType@UnDecorator@@CA?AVDName@@ABV2@0PBD@Z 00434d10 f i libvcruntimed:undname.obj
 0001:00033d40       ?getRestrictionSpec@UnDecorator@@CA?AVDName@@XZ 00434d40 f   libvcruntimed:undname.obj
 0001:00033f10       ?getReturnType@UnDecorator@@CA?AVDName@@PAV2@@Z 00434f10 f   libvcruntimed:undname.obj
 0001:00033f70       ?getScope@UnDecorator@@CA?AVDName@@XZ 00434f70 f   libvcruntimed:undname.obj
 0001:00034670       ?getScopedName@UnDecorator@@CA?AVDName@@XZ 00435670 f   libvcruntimed:undname.obj
 0001:00034800       ?getSignedDimension@UnDecorator@@CA?AVDName@@XZ 00435800 f   libvcruntimed:undname.obj
 0001:000348a0       ?getStorageConvention@UnDecorator@@CA?AVDName@@XZ 004358a0 f i libvcruntimed:undname.obj
 0001:000348c0       ?getString@DName@@QBEPADPAD0@Z 004358c0 f i libvcruntimed:undname.obj
 0001:00034930       ?getString@DName@@QBEPADPADH@Z 00435930 f i libvcruntimed:undname.obj
 0001:000349e0       ?getString@DNameStatusNode@@UBEPADPAD0@Z 004359e0 f i libvcruntimed:undname.obj
 0001:00034a20       ?getString@charNode@@UBEPADPAD0@Z 00435a20 f i libvcruntimed:undname.obj
 0001:00034a60       ?getString@pDNameNode@@UBEPADPAD0@Z 00435a60 f i libvcruntimed:undname.obj
 0001:00034ab0       ?getString@pairNode@@UBEPADPAD0@Z 00435ab0 f i libvcruntimed:undname.obj
 0001:00034b60       ?getString@pcharNode@@UBEPADPAD0@Z 00435b60 f i libvcruntimed:undname.obj
 0001:00034ba0       ?getStringEncoding@UnDecorator@@CA?AVDName@@PBDH@Z 00435ba0 f   libvcruntimed:undname.obj
 0001:00034cf0       ?getStringHelper@@YAPADPADPBD1H@Z 00435cf0 f i libvcruntimed:undname.obj
 0001:00034d40       ?getSymbolName@UnDecorator@@CA?AVDName@@XZ 00435d40 f i libvcruntimed:undname.obj
 0001:00034df0       ?getTemplateArgumentList@UnDecorator@@CA?AVDName@@XZ 00435df0 f   libvcruntimed:undname.obj
 0001:00035310       ?getTemplateConstant@UnDecorator@@CA?AVDName@@XZ 00436310 f   libvcruntimed:undname.obj
 0001:00035ac0       ?getTemplateName@UnDecorator@@CA?AVDName@@_N@Z 00436ac0 f   libvcruntimed:undname.obj
 0001:00035d10       ?getThisType@UnDecorator@@CA?AVDName@@XZ 00436d10 f i libvcruntimed:undname.obj
 0001:00035d60       ?getThrowTypes@UnDecorator@@CA?AVDName@@XZ 00436d60 f   libvcruntimed:undname.obj
 0001:00035db0       ?getTypeEncoding@UnDecorator@@CAHXZ 00436db0 f i libvcruntimed:undname.obj
 0001:00036ae0       ?getUndecoratedName@UnDecorator@@QAEPADPADH@Z 00437ae0 f i libvcruntimed:undname.obj
 0001:00036c80       ?getVCallThunkType@UnDecorator@@CA?AVDName@@XZ 00437c80 f i libvcruntimed:undname.obj
 0001:00036d00       ?getVbTableType@UnDecorator@@CA?AVDName@@ABV2@@Z 00437d00 f i libvcruntimed:undname.obj
 0001:00036d20       ?getVdispMapType@UnDecorator@@CA?AVDName@@ABV2@@Z 00437d20 f i libvcruntimed:undname.obj
 0001:00036db0       ?getVfTableType@UnDecorator@@CA?AVDName@@ABV2@@Z 00437db0 f i libvcruntimed:undname.obj
 0001:00037010       ?getZName@UnDecorator@@CA?AVDName@@_N0@Z 00438010 f   libvcruntimed:undname.obj
 0001:000373d0       ?haveTemplateParameters@UnDecorator@@SAHXZ 004383d0 f i libvcruntimed:undname.obj
 0001:000373f0       ?isArray@DName@@QBEHXZ     004383f0 f i libvcruntimed:undname.obj
 0001:00037410       ?isComArray@DName@@QBEHXZ  00438410 f i libvcruntimed:undname.obj
 0001:00037430       ?isEmpty@DName@@QBEHXZ     00438430 f i libvcruntimed:undname.obj
 0001:00037470       ?isFull@Replicator@@QBEHXZ 00438470 f i libvcruntimed:undname.obj
 0001:000374b0       ?isNoTE@DName@@QBEHXZ      004384b0 f i libvcruntimed:undname.obj
[...]
 0002:00029f88       __sehtable$__CrtSetDbgFlag 004f0f88     libucrtd:debug_heap.obj
 0002:00029fa8       __sehtable$__expand_dbg    004f0fa8     libucrtd:debug_heap.obj
 0002:00029fc8       __sehtable$__free_dbg      004f0fc8     libucrtd:debug_heap.obj
 0002:00029fe8       __sehtable$__msize_dbg     004f0fe8     libucrtd:debug_heap.obj
 0002:0002a008       __sehtable$__realloc_dbg   004f1008     libucrtd:debug_heap.obj
 0002:0002a028       __sehtable$?is_bad_read_pointer@@YA_NQBXI@Z 004f1028     libucrtd:debug_heap.obj
 0002:0002a048       __sehtable$?validate_heap_if_required_nolock@@YAXXZ 004f1048     libucrtd:debug_heap.obj
 0002:0002a068       __sehtable$?heap_alloc_dbg_internal@@YAPAXIHQBDH@Z 004f1068     libucrtd:debug_heap.obj
 0002:0002a088       __sehtable$__CrtSetDbgBlockType 004f1088     libucrtd:debug_heap.obj
 0002:0002a0a8       __sehtable$??$?RV<lambda_b3f2a7703f147ea4aca55ed56acde2ed>@@AAV<lambda_a222bbfdcf97c91f7d8030c20e23060e>@@V<lambda_069423356000c0f10f5fe96ac65db66d>@@@?$__crt_seh_guarded_call@H@@QAEH$$QAV<lambda_b3f2a7703f147ea4aca55ed56acde2ed>@@AAV<lambda_a222bbfdcf97c91f7d8030c20e23060e>@@$$QAV<lambda_069423356000c0f10f5fe96ac65db66d>@@@Z 004f10a8     libucrtd:dbgrpt.obj
 0002:0002a0c8       __sehtable$??$?RV<lambda_6b91fda0574d829f36484cbf4428f79d>@@AAV<lambda_a6a20e8ed7c4ffd287162f70e68c8000>@@V<lambda_6f6612a01283b279e88a3dda7d7a9d30>@@@?$__crt_seh_guarded_call@H@@QAEH$$QAV<lambda_6b91fda0574d829f36484cbf4428f79d>@@AAV<lambda_a6a20e8ed7c4ffd287162f70e68c8000>@@$$QAV<lambda_6f6612a01283b279e88a3dda7d7a9d30>@@@Z 004f10c8     libucrtd:dbgrpt.obj
 0002:0002a0e8       __sehtable$??$?RV<lambda_2866be3712abc81a800a822484c830d8>@@AAV<lambda_39ca0ed439415581b5b15c265174cece>@@V<lambda_2b24c74d71094a6cd0cb82e44167d71b>@@@?$__crt_seh_guarded_call@X@@QAEX$$QAV<lambda_2866be3712abc81a800a822484c830d8>@@AAV<lambda_39ca0ed439415581b5b15c265174cece>@@$$QAV<lambda_2b24c74d71094a6cd0cb82e44167d71b>@@@Z 004f10e8     libucrtd:fflush.obj
 0002:0002a108       __sehtable$??$?RV<lambda_2cc53f568c5a2bb6f192f930a45d44ea>@@AAV<lambda_ab61a845afdef5b7c387490eaf3616ee>@@V<lambda_c2ffc0b7726aa6be21d5f0026187e748>@@@?$__crt_seh_guarded_call@X@@QAEX$$QAV<lambda_2cc53f568c5a2bb6f192f930a45d44ea>@@AAV<lambda_ab61a845afdef5b7c387490eaf3616ee>@@$$QAV<lambda_c2ffc0b7726aa6be21d5f0026187e748>@@@Z 004f1108     libucrtd:fflush.obj
 0002:0002a128       __sehtable$??$?RV<lambda_6d20deecaf4856105ebacbad442d1079>@@AAV<lambda_9a32fed5bf61b6b509b2d3f6003082a1>@@V<lambda_63ea2239ed67c638ddbae41947fdf875>@@@?$__crt_seh_guarded_call@H@@QAEH$$QAV<lambda_6d20deecaf4856105ebacbad442d1079>@@AAV<lambda_9a32fed5bf61b6b509b2d3f6003082a1>@@$$QAV<lambda_63ea2239ed67c638ddbae41947fdf875>@@@Z 004f1128     libucrtd:fflush.obj
 0002:0002a148       __sehtable$??$?RV<lambda_17c4e7ff7f442731b1cde60a93c62b87>@@AAV<lambda_3aae883670d60947a98255ae2090162b>@@V<lambda_4bd9fcf6b31ca5d12e1fb858222d6f52>@@@?$__crt_seh_guarded_call@H@@QAEH$$QAV<lambda_17c4e7ff7f442731b1cde60a93c62b87>@@AAV<lambda_3aae883670d60947a98255ae2090162b>@@$$QAV<lambda_4bd9fcf6b31ca5d12e1fb858222d6f52>@@@Z 004f1148     libucrtd:setvbuf.obj
 0002:0002a168       __sehtable$_signal         004f1168     libucrtd:signal.obj
 0002:0002a188       __sehtable$_raise          004f1188     libucrtd:signal.obj
 0002:0002a1a8       __sehtable$?ctrlevent_capture@@YGHK@Z 004f11a8     libucrtd:signal.obj
 0002:0002a1c8       __sehtable$??$?RV<lambda_cbab9ec6f41b0180b23cc171c22676b0>@@AAV<lambda_44731a7d0e6d81c3e6aa82d741081786>@@V<lambda_4b292cb8dd18144e164572427af410ab>@@@?$__crt_seh_guarded_call@P6AXH@Z@@QAEP6AXH@Z$$QAV<lambda_cbab9ec6f41b0180b23cc171c22676b0>@@AAV<lambda_44731a7d0e6d81c3e6aa82d741081786>@@$$QAV<lambda_4b292cb8dd18144e164572427af410ab>@@@Z 004f11c8     libucrtd:signal.obj
 0002:0002a1e8       __sehtable$___set_fpsr_sse2 004f11e8     libucrtd:fpctrl.obj
 0002:0002a208       __sehtable$??$?RV<lambda_15ade71b0218206bbe3333a0c9b79046>@@AAV<lambda_da44e0f8b0f19ba52fefafb335991732>@@V<lambda_207f2d024fc103971653565357d6cd41>@@@?$__crt_seh_guarded_call@X@@QAEX$$QAV<lambda_15ade71b0218206bbe3333a0c9b79046>@@AAV<lambda_da44e0f8b0f19ba52fefafb335991732>@@$$QAV<lambda_207f2d024fc103971653565357d6cd41>@@@Z 004f1208     libucrtd:per_thread_data.obj
 0002:0002a228       __sehtable$??$?RV<lambda_a7e850c220f1c8d1e6efeecdedd162c6>@@AAV<lambda_46720907175c18b6c9d2717bc0d2d362>@@V<lambda_9048902d66e8d99359bc9897bbb930a8>@@@?$__crt_seh_guarded_call@X@@QAEX$$QAV<lambda_a7e850c220f1c8d1e6efeecdedd162c6>@@AAV<lambda_46720907175c18b6c9d2717bc0d2d362>@@$$QAV<lambda_9048902d66e8d99359bc9897bbb930a8>@@@Z 004f1228     libucrtd:per_thread_data.obj
 0002:0002a248       __sehtable$??$?RV<lambda_eb0e2b1d104b126d27395a74edba6f03>@@AAV<lambda_d51eb34c9f7d53dbc39f6b791b6a3e42>@@V<lambda_f7564ebddb1f0eaf818ab6f3eade8363>@@@?$__crt_seh_guarded_call@X@@QAEX$$QAV<lambda_eb0e2b1d104b126d27395a74edba6f03>@@AAV<lambda_d51eb34c9f7d53dbc39f6b791b6a3e42>@@$$QAV<lambda_f7564ebddb1f0eaf818ab6f3eade8363>@@@Z 004f1248     libucrtd:per_thread_data.obj
 0002:0002a268       __sehtable$??$?RV<lambda_6affb1475c98b40b75cdec977db92e3c>@@AAV<lambda_b8d4b9c228a6ecc3f80208dbb4b4a104>@@V<lambda_608742c3c92a14382c1684fc64f96c88>@@@?$__crt_seh_guarded_call@X@@QAEX$$QAV<lambda_6affb1475c98b40b75cdec977db92e3c>@@AAV<lambda_b8d4b9c228a6ecc3f80208dbb4b4a104>@@$$QAV<lambda_608742c3c92a14382c1684fc64f96c88>@@@Z 004f1268     libucrtd:per_thread_data.obj
 0002:0002a288       __unwindtable$?fp_format_a@@YAHQBNPADIQADIH_NIQAU__crt_locale_pointers@@@Z 004f1288     libucrtd:cvt.obj
 0002:0002a290       __ehfuncinfo$?fp_format_a@@YAHQBNPADIQADIH_NIQAU__crt_locale_pointers@@@Z 004f1290     libucrtd:cvt.obj
 0002:0002a2b8       __sehtable$_fputwc         004f12b8     libucrtd:fputwc.obj
 0002:0002a2d8       __sehtable$_fputc          004f12d8     libucrtd:fputc.obj
 0002:0002a2f8       __sehtable$___acrt_initialize_lowio 004f12f8     libucrtd:ioinit.obj
 0002:0002a318       __sehtable$??$?RV<lambda_e683defbe2e5a27c42b5544acbb13393>@@AAV<lambda_4e7105787b7b0e0227fbf2b2d883fa65>@@V<lambda_80a887151cae997482d53eaa74bb832b>@@@?$__crt_seh_guarded_call@H@@QAEH$$QAV<lambda_e683defbe2e5a27c42b5544acbb13393>@@AAV<lambda_4e7105787b7b0e0227fbf2b2d883fa65>@@$$QAV<lambda_80a887151cae997482d53eaa74bb832b>@@@Z 004f1318     libucrtd:close.obj
 0002:0002a338       __sehtable$?__acrt_stdio_allocate_stream@@YA?AV__crt_stdio_stream@@XZ 004f1338     libucrtd:stream.obj
 0002:0002a358       __sehtable$__read          004f1358     libucrtd:read.obj
 0002:0002a378       __sehtable$__write         004f1378     libucrtd:write.obj
 0002:0002a398       __sehtable$??$?RV<lambda_93797fb4802c957ba6a7f08e1250235b>@@AAV<lambda_1f3ce6bd48e0aa2e72a71c02eee379d3>@@V<lambda_56cae30c9364c9b6c15aeaac05d0418e>@@@?$__crt_seh_guarded_call@H@@QAEH$$QAV<lambda_93797fb4802c957ba6a7f08e1250235b>@@AAV<lambda_1f3ce6bd48e0aa2e72a71c02eee379d3>@@$$QAV<lambda_56cae30c9364c9b6c15aeaac05d0418e>@@@Z 004f1398     libucrtd:winapi_thunks.obj
 0002:0002a3b8       __sehtable$__fcloseall     004f13b8     libucrtd:closeall.obj
 0002:0002a3d8       __sehtable$?update_thread_multibyte_data_internal@@YAPAU__crt_multibyte_data@@QAU__acrt_ptd@@QAPAU1@@Z 004f13d8     libucrtd:mbctype.obj
 0002:0002a3f8       __sehtable$??$?RV<lambda_b5fb591949065c3fa449bad279e8c939>@@AAV<lambda_6c10a39a819b864ce80acc26b314dcd3>@@V<lambda_e567670a9eae49807d365f3e9c117712>@@@?$__crt_seh_guarded_call@X@@QAEX$$QAV<lambda_b5fb591949065c3fa449bad279e8c939>@@AAV<lambda_6c10a39a819b864ce80acc26b314dcd3>@@$$QAV<lambda_e567670a9eae49807d365f3e9c117712>@@@Z 004f13f8     libucrtd:mbctype.obj
 0002:0002a418       __sehtable$__open_osfhandle 004f1418     libucrtd:osfinfo.obj
 0002:0002a438       __sehtable$__alloc_osfhnd  004f1438     libucrtd:osfinfo.obj
 0002:0002a458       __sehtable$___acrt_lowio_ensure_fh_exists 004f1458     libucrtd:osfinfo.obj
 0002:0002a478       __sehtable$___acrt_update_thread_locale_data 004f1478     libucrtd:locale_refcounting.obj
 0002:0002a498       __sehtable$__VCrtDbgReportA 004f1498     libucrtd:dbgrptt.obj
 0002:0002a4c8       __sehtable$__VCrtDbgReportW 004f14c8     libucrtd:dbgrptt.obj
 0002:0002a4f8       __sehtable$??$?RV<lambda_73934b50d04267ee15484ada9e51f93a>@@AAV<lambda_5533cddd4bda0037814beee657757329>@@V<lambda_505f522a38cc75b1e009910344c75d09>@@@?$__crt_seh_guarded_call@H@@QAEH$$QAV<lambda_73934b50d04267ee15484ada9e51f93a>@@AAV<lambda_5533cddd4bda0037814beee657757329>@@$$QAV<lambda_505f522a38cc75b1e009910344c75d09>@@@Z 004f14f8     libucrtd:commit.obj
 0002:0002a518       __sehtable$??$common_open@D@@YAHQBDHH@Z 004f1518     libucrtd:open.obj
 0002:0002a538       __sehtable$??$common_open@_W@@YAHQB_WHH@Z 004f1538     libucrtd:open.obj
 0002:0002a558       __sehtable$??$common_sopen_dispatch@D@@YAHQBDHHHQAHH@Z 004f1558     libucrtd:open.obj
 0002:0002a578       __sehtable$??$common_sopen_dispatch@_W@@YAHQB_WHHHQAHH@Z 004f1578     libucrtd:open.obj
 0002:0002a598       __ehfuncinfo$??1?$__crt_win32_buffer@_WU__crt_win32_buffer_internal_dynamic_resizing@@@@QAE@XZ 004f1598     libucrtd:open.obj
 0002:0002a5c0       __sehtable$??$common_lseek@J@@YAJHJH@Z 004f15c0     libucrtd:lseek.obj
 0002:0002a5e0       __sehtable$??$common_lseek@_J@@YA_JH_JH@Z 004f15e0     libucrtd:lseek.obj
 0002:0002a600       __sehtable$??$?RV<lambda_f828341fbe69b7c0d4c527b01f22877f>@@AAV<lambda_9e0b6ab72a5b3ae37ad997d08b519f50>@@V<lambda_f01deac0a8d65d6e0411edf7e0af5775>@@@?$__crt_seh_guarded_call@G@@QAEG$$QAV<lambda_f828341fbe69b7c0d4c527b01f22877f>@@AAV<lambda_9e0b6ab72a5b3ae37ad997d08b519f50>@@$$QAV<lambda_f01deac0a8d65d6e0411edf7e0af5775>@@@Z 004f1600     libucrtd:putwch.obj
 0002:0002a620       __unwindtable$?shortsort@@YAXPAD0IP6AHPBX1@Z@Z 004f1620     libucrtd:qsort.obj
 0002:0002a628       __ehfuncinfo$?shortsort@@YAXPAD0IP6AHPBX1@Z@Z 004f1628     libucrtd:qsort.obj
 0002:0002a650       __ehfuncinfo$??1?$__crt_win32_buffer@DU__crt_win32_buffer_no_resizing@@@@QAE@XZ 004f1650     libucrtd:findnextfilea.obj
 0002:0002a678       __unwindtable$?_wcstombs_l_helper@@YAIPADPB_WIPAU__crt_locale_pointers@@@Z 004f1678     libucrtd:wcstombs.obj
 0002:0002a680       __ehfuncinfo$?_wcstombs_l_helper@@YAIPADPB_WIPAU__crt_locale_pointers@@@Z 004f1680     libucrtd:wcstombs.obj
 0002:0002a6a8       __sehtable$??$?RV<lambda_ac3d7779b8d7d49a5360228aa6468071>@@AAV<lambda_b1e214002d83f0fa273391baf2030f5b>@@V<lambda_9097b8fcd9dc7a902bc698871afe1982>@@@?$__crt_seh_guarded_call@H@@QAEH$$QAV<lambda_ac3d7779b8d7d49a5360228aa6468071>@@AAV<lambda_b1e214002d83f0fa273391baf2030f5b>@@$$QAV<lambda_9097b8fcd9dc7a902bc698871afe1982>@@@Z 004f16a8     libucrtd:chsize.obj
 0002:0002a6c8       __sehtable$__IsNonwritableInCurrentImage 004f16c8     LIBCMTD:pesect.obj
 0003:00000000       ?gPlaneData@@3PAMA         004f2000     DrawObjects.obj
 0003:00000090       ?gCylinderData@@3PAMA      004f2090     DrawObjects.obj
 0003:00000300       ?gCylinderDataCapsTop@@3PAMA 004f2300     DrawObjects.obj
 0003:00000660       ?gCylinderDataCapsBottom@@3PAMA 004f2660     DrawObjects.obj
 0003:0000a7d8       ?searchPathArray@@3PAPBDA  004fc7d8     MediaPath_WIN.obj
 0003:0000a870       ?__vcrt_flsindex@@3KA      004fc870     libvcruntimed:per_thread_data.obj
 0003:0000a96c       __ctype_loc_style          004fc96c     libucrtd:wsetlocale.obj
 0003:0000a970       ?__acrt_current_request_number@@3JA 004fc970     libucrtd:debug_heap.obj
 0003:0000a980       ?errno_no_memory@@3HA      004fc980     libucrtd:errno.obj
 0003:0000a984       ?doserrno_no_memory@@3KA   004fc984     libucrtd:errno.obj
 0003:0000a990       ?__DAZ_ENABLED@?1??__set_fpsr_sse2@@9@9 004fc990     libucrtd:fpctrl.obj
 0003:0000a9a0       ?__acrt_debug_fill_threshold@@3IA 004fc9a0     libucrtd:debug_fill_threshold.obj
 0003:0000a9a4       ?__acrt_flsindex@@3KA      004fc9a4     libucrtd:per_thread_data.obj
 0003:0000aea0       __mbctypes                 004fcea0     libucrtd:mbctype.obj
 0003:0000afd8       __mbcasemaps               004fcfd8     libucrtd:mbctype.obj
 0003:0000b10c       ?__rgctypeflag@@3PADA      004fd10c     libucrtd:mbctype.obj
 0003:0000b110       ?__rgcode_page_info@@3PAUcode_page_info@@A 004fd110     libucrtd:mbctype.obj
 0003:0000b2d0       ?__dcrt_lowio_console_output_handle@@3PAXA 004fd2d0     libucrtd:initcon.obj
 0003:0000b838       ?iBufferSize@?1??DrawTriangleList@@YAXHPAU_Triangle@@PAVNxVec3@@@Z@4HA 004fd838     DrawObjects.obj
 0003:0000b83c       ?pfVertexBuffer@?1??DrawTriangleList@@YAXHPAU_Triangle@@PAVNxVec3@@@Z@4PAMA 004fd83c     DrawObjects.obj
 0003:0000b840       ?pfNormalBuffer@?1??DrawTriangleList@@YAXHPAU_Triangle@@PAVNxVec3@@@Z@4PAMA 004fd840     DrawObjects.obj
 0003:0000b860       ?previousTime@?1??getElapsedTime@@YAMXZ@4T_LARGE_INTEGER@@A 004fd860     Timing_WIN.obj
 0003:0000b870       ?freq@?1??getElapsedTime@@YAMXZ@4T_LARGE_INTEGER@@A 004fd870     Timing_WIN.obj
 0003:0000b879       ?init@?1??getElapsedTime@@YAMXZ@4_NA 004fd879     Timing_WIN.obj
 0003:0000ba44       ?is_initialized_as_dll@@3_NA 004fda44     LIBCMTD:utility.obj
 0003:0000ba45       ?module_local_atexit_table_initialized@@3_NA 004fda45     LIBCMTD:utility.obj
 0003:0000ba48       ?module_local_atexit_table@@3U_onexit_table_t@@A 004fda48     LIBCMTD:utility.obj
 0003:0000ba54       ?module_local_at_quick_exit_table@@3U_onexit_table_t@@A 004fda54     LIBCMTD:utility.obj
 0003:0000ba68       _GS_ExceptionRecord        004fda68     LIBCMTD:gs_report.obj
 0003:0000bab8       _GS_ContextRecord          004fdab8     LIBCMTD:gs_report.obj
 0003:0000be54       ?__vcrt_startup_thread_ptd@@3U__vcrt_ptd@@A 004fde54     libvcruntimed:per_thread_data.obj
 0003:0000be88       ___vcrt_lock_table         004fde88     libvcruntimed:locks.obj
 0003:0000bea0       ___vcrt_locks_initialized  004fdea0     libvcruntimed:locks.obj
 0003:0000beac       ?module_handles@@3PAPAUHINSTANCE__@@A 004fdeac     libvcruntimed:winapi_downlevel.obj
 0003:0000beb8       ?encoded_function_pointers@@3PAPAXA 004fdeb8     libvcruntimed:winapi_downlevel.obj
 0003:0000befc       ?heap@@3V_HeapManager@@A   004fdefc     libvcruntimed:undname.obj
 0003:0000bf20       ?buf@?1??dbGetString@DName@@QBEPADXZ@4PADA 004fdf20     libvcruntimed:undname.obj
 0003:0000bf94       ?c_termination_complete@@3JA 004fdf94     libucrtd:exit.obj
 0003:0000bf98       ?thread_local_exit_callback_func@@3P6GXPAXK0@ZA 004fdf98     libucrtd:exit.obj
 0003:0000bfa0       ?__acrt_new_handler@@3V?$dual_state_global@P6AHI@Z@__crt_state_management@@A 004fdfa0     libucrtd:new_handler.obj
 0003:0000bfa8       ?program_name@?1???$common_configure_argv@D@@YAHW4_crt_argv_mode@@@Z@4PADA 004fdfa8     libucrtd:argv_parsing.obj
 0003:0000c0e8       ?program_name@?1???$common_configure_argv@_W@@YAHW4_crt_argv_mode@@@Z@4PA_WA 004fe0e8     libucrtd:argv_parsing.obj
 0003:0000c390       ?__acrt_app_type@@3W4_crt_app_type@@A 004fe390     libucrtd:report_runtime_error.obj
 0003:0000c398       ?outmsg@?9??__acrt_report_runtime_error@@9@4PA_WA 004fe398     libucrtd:report_runtime_error.obj
 0003:0000cafc       ?user_matherr@@3V?$dual_state_global@P6AHPAU_exception@@@Z@__crt_state_management@@A 004feafc     libucrtd:matherr.obj
 0003:0000cb20       ?__acrt_global_new_mode@@3V?$dual_state_global@J@__crt_state_management@@A 004feb20     libucrtd:new_mode.obj
 0003:0000cb28       ?__acrt_first_block@@3PAU_CrtMemBlockHeader@@A 004feb28     libucrtd:debug_heap.obj
 0003:0000cb2c       ?__acrt_last_block@@3PAU_CrtMemBlockHeader@@A 004feb2c     libucrtd:debug_heap.obj
 0003:0000cb30       ?__acrt_total_allocations@@3IA 004feb30     libucrtd:debug_heap.obj
 0003:0000cb34       ?__acrt_current_allocations@@3IA 004feb34     libucrtd:debug_heap.obj
 0003:0000cb38       ?__acrt_max_allocations@@3IA 004feb38     libucrtd:debug_heap.obj
 0003:0000cb3c       ?__acrt_check_frequency@@3IA 004feb3c     libucrtd:debug_heap.obj
 0003:0000cb40       ?__acrt_check_counter@@3IA 004feb40     libucrtd:debug_heap.obj
 0003:0000cb48       ?heap_validation_pending@@3_NA 004feb48     libucrtd:debug_heap.obj
 0003:0000cb4c       ?__acrt_invalid_parameter_handler@@3V?$dual_state_global@P6AXPB_W00II@Z@__crt_state_management@@A 004feb4c     libucrtd:invalid_parameter.obj
 0003:0000cb50       ___acrt_error_mode         004feb50     libucrtd:set_error_mode.obj
 0003:0000cb54       ?console_ctrl_handler_installed@@3_NA 004feb54     libucrtd:signal.obj
 0003:0000cb58       ?ctrlc_action@@3V?$dual_state_global@P6AXH@Z@__crt_state_management@@A 004feb58     libucrtd:signal.obj
 0003:0000cb5c       ?ctrlbreak_action@@3V?$dual_state_global@P6AXH@Z@__crt_state_management@@A 004feb5c     libucrtd:signal.obj
 0003:0000cb60       ?abort_action@@3V?$dual_state_global@P6AXH@Z@__crt_state_management@@A 004feb60     libucrtd:signal.obj
 0003:0000cb64       ?term_action@@3V?$dual_state_global@P6AXH@Z@__crt_state_management@@A 004feb64     libucrtd:signal.obj
 0003:0000cb6c       ?internal_state@?1??_mbtowc_l@@9@4U_Mbstatet@@A 004feb6c     libucrtd:mbtowc.obj
 0003:0000cb78       ?enable_percent_n@@3IA     004feb78     libucrtd:printf_count_output.obj
 0003:0000cdf8       ?module_handles@@3PAPAUHINSTANCE__@@A 004fedf8     libucrtd:winapi_thunks.obj
 0003:0000ce48       ?encoded_function_pointers@@3PAPAXA 004fee48     libucrtd:winapi_thunks.obj
 0003:0000cefc       ?static_enum_proc@?1??enum_system_locales_ex_nolock@@YAHQ6GHPA_WKJ@Z@Z@4P6GH0KJ@ZA 004feefc     libucrtd:winapi_thunks.obj
 0003:0000cf00       ?__acrt_lock_table@@3PAU_RTL_CRITICAL_SECTION@@A 004fef00     libucrtd:locks.obj
 0003:0000d050       ?__acrt_locks_initialized@@3IA 004ff050     libucrtd:locks.obj
 0003:0000d098       ?state_cache@?1???$get_cached_win_policy@Ubegin_thread_init_policy_properties@?1??__acrt_get_begin_thread_init_policy@@YA?AW4begin_thread_init_policy@@XZ@@@YA?AW4begin_thread_init_policy@@W4AppPolicyThreadInitializationType@@@Z@4JA 004ff098     libucrtd:win_policies.obj
 0003:0000d09c       ?state_cache@?1???$get_cached_win_policy@Udeveloper_information_policy_properties@?1??__acrt_get_developer_information_policy@@YA?AW4developer_information_policy@@XZ@@@YA?AW4developer_information_policy@@W4AppPolicyShowDeveloperDiagnostic@@@Z@4JA 004ff09c     libucrtd:win_policies.obj
 0003:0000d0a0       ?state_cache@?1???$get_cached_win_policy@Uwindowing_model_policy_properties@?1??__acrt_get_windowing_model_policy@@YA?AW4windowing_model_policy@@XZ@@@YA?AW4windowing_model_policy@@W4AppPolicyWindowingModel@@@Z@4JA 004ff0a0     libucrtd:win_policies.obj
 0003:0000d0b0       ?fSystemSet@@3HA           004ff0b0     libucrtd:mbctype.obj
 0003:0000d0b7       ?initialized@?1??__acrt_initialize_multibyte@@9@4_NA 004ff0b7     libucrtd:mbctype.obj
 0003:0000d0dc       ?mbst@?1??mbrlen@@9@4U_Mbstatet@@A 004ff0dc     libucrtd:mbrtowc.obj
 0003:0000d0e8       ?mbst@?1??mbrtowc@@9@4U_Mbstatet@@A 004ff0e8     libucrtd:mbrtowc.obj
 0003:0000d0f4       ?mbst@?1??_mbsrtowcs_helper@@YAIPA_WPAPBDIPAU_Mbstatet@@@Z@4U2@A 004ff0f4     libucrtd:mbrtowc.obj
 0003:0000d100       ?internal_pst@?1??__mbrtoc32_utf8@__crt_mbstring@@YAIPA_UPBDIPAU_Mbstatet@@@Z@4U3@A 004ff100     libucrtd:mbrtoc32.obj
 0003:0000d110       __pmatherr_set             004ff110     libucrtd:libm_error.obj
 0003:0000d114       ?internal_pst@?1??__c16rtomb_utf8@__crt_mbstring@@YAIPAD_SPAU_Mbstatet@@@Z@4U3@A 004ff114     libucrtd:c16rtomb.obj
 0004:000008aa       .idata$6                   005008aa     PhysXLoader:PhysXLoader.dll
 0004:000008f4       .idata$6                   005008f4     PhysXCooking:PhysXCooking.dll
 0004:00000982       .idata$6                   00500982     kernel32:KERNEL32.dll
 0004:00000af4       .idata$6                   00500af4     glut32:glut32.dll
 0004:00000b0e       .idata$6                   00500b0e     winmm:WINMM.dll
 0004:00000cf4       .idata$6                   00500cf4     opengl32:OPENGL32.dll
 0004:00000d20       .idata$6                   00500d20     glu32:GLU32.dll
 0006:00000170       $R000000                   00503170     * linker generated manifest res *
