 Lesson103_DEBUG

 Timestamp is 62790dad (Mon May  9 15:48:45 2022)

 Preferred load address is 00400000

 Start         Length     Name                   Class
 0001:00000000 00009e90H .text$di                CODE
 0001:00009e90 000ada60H .text$mn                CODE
 0001:000b78f0 00001930H .text$x                 CODE
 0001:000b9220 00001012H .text$yd                CODE
 0002:00000000 00000104H .CRT$XCA                DATA
 0002:00000104 00000104H .CRT$XCAA               DATA
 0002:00000208 0000011cH .CRT$XCU                DATA
 0002:00000324 00000104H .CRT$XCZ                DATA
 0002:00000428 00000104H .CRT$XIA                DATA
 0002:0000052c 00000104H .CRT$XIAA               DATA
 0002:00000630 00000104H .CRT$XIAC               DATA
 0002:00000734 00000110H .CRT$XIC                DATA
 0002:00000844 00000104H .CRT$XIZ                DATA
 0002:00000948 00000104H .CRT$XPA                DATA
 0002:00000a4c 0000010cH .CRT$XPX                DATA
 0002:00000b58 00000104H .CRT$XPXA               DATA
 0002:00000c5c 00000104H .CRT$XPZ                DATA
 0002:00000d60 00000104H .CRT$XTA                DATA
 0002:00000e64 0000010cH .CRT$XTZ                DATA
 0002:00000f70 00026fe4H .rdata                  DATA
 0002:00027f54 000008bcH .rdata$r                DATA
 0002:00028810 000001d8H .rdata$sxdata           DATA
 0002:000289e8 000001d0H .rdata$zzzdbg           DATA
 0002:00028bb8 00000104H .rtc$IAA                DATA
 0002:00028cbc 00000104H .rtc$IZZ                DATA
 0002:00028dc0 00000104H .rtc$TAA                DATA
 0002:00028ec4 00000104H .rtc$TZZ                DATA
 0002:00028fc8 000017e1H .xdata$x                DATA
 0002:0002a7a9 00000000H .edata                  DATA
 0003:00000000 0000b400H .data                   DATA
 0003:0000b400 000003f0H .data$r                 DATA
 0003:0000b7f0 00001924H .bss                    DATA
 0004:00000000 000003e4H .idata$5                DATA
 0004:000003e4 0000008cH .idata$2                DATA
 0004:00000470 00000014H .idata$3                DATA
 0004:00000484 000003e4H .idata$4                DATA
 0004:00000868 00000cc6H .idata$6                DATA
 0005:00000000 00000104H .00cfg                  DATA
 0006:00000000 00000170H .rsrc$01                DATA
 0006:00000170 000002ccH .rsrc$02                DATA

  Address         Publics by Value              Rva+Base       Lib:Object

 0000:00000000       __except_list              00000000     <absolute>
 0000:00000000       ___hybrid_auxiliary_iat    00000000     <absolute>
 0000:00000000       ___guard_fids_count        00000000     <absolute>
 0000:00000000       ___guard_longjmp_table     00000000     <absolute>
 0000:00000000       ___hybrid_code_map         00000000     <absolute>
 0000:00000000       ___guard_iat_count         00000000     <absolute>
 0000:00000000       ___dynamic_value_reloc_table 00000000     <absolute>
 0000:00000000       ___guard_longjmp_count     00000000     <absolute>
 0000:00000000       ___hybrid_code_map_count   00000000     <absolute>
 0000:00000000       ___volatile_metadata       00000000     <absolute>
 0000:00000000       ___guard_iat_table         00000000     <absolute>
 0000:00000000       ___guard_fids_table        00000000     <absolute>
 0000:00000000       ___enclave_config          00000000     <absolute>
 0000:0000002d       ___safe_se_handler_count   0000002d     <absolute>
 0000:00000100       ___guard_flags             00000100     <absolute>
 0000:00000000       ___ImageBase               00400000     <linker-defined>
 0001:00009e90       ?SetupGLMatrix@@YAXABVNxVec3@@ABVNxMat33@@@Z 0040ae90 f   DrawObjects.obj
 0001:00009f40       ?DrawLine@@YAXABVNxVec3@@00M@Z 0040af40 f   DrawObjects.obj
 0001:0000a050       ?DrawTriangle@@YAXABVNxVec3@@000@Z 0040b050 f   DrawObjects.obj
 0001:0000a170       ?DrawCircle@@YAXIABVNxMat34@@ABVNxVec3@@M_N@Z 0040b170 f   DrawObjects.obj
 0001:0000a370       ?DrawEllipse@@YAXIABVNxMat34@@ABVNxVec3@@MM_N@Z 0040b370 f   DrawObjects.obj
 0001:0000a570       ?DrawWirePlane@@YAXPAVNxShape@@ABVNxVec3@@@Z 0040b570 f   DrawObjects.obj
 0001:0000a580       ?DrawPlane@@YAXPAVNxShape@@@Z 0040b580 f   DrawObjects.obj
 0001:0000a6d0       ?DrawWireBox@@YAXPAVNxShape@@ABVNxVec3@@M@Z 0040b6d0 f   DrawObjects.obj
 0001:0000a760       ?DrawWireBox@@YAXABVNxBox@@ABVNxVec3@@M@Z 0040b760 f   DrawObjects.obj
 0001:0000a810       ?DrawBox@@YAXPAVNxShape@@@Z 0040b810 f   DrawObjects.obj
 0001:0000a8e0       ?DrawWireSphere@@YAXPAVNxShape@@ABVNxVec3@@@Z 0040b8e0 f   DrawObjects.obj
 0001:0000aa60       ?DrawWireSphere@@YAXPAVNxSphere@@ABVNxVec3@@@Z 0040ba60 f   DrawObjects.obj
 0001:0000abd0       ?DrawSphere@@YAXPAVNxShape@@@Z 0040bbd0 f   DrawObjects.obj
 0001:0000aca0       ?DrawWireCapsule@@YAXPAVNxShape@@ABVNxVec3@@@Z 0040bca0 f   DrawObjects.obj
 0001:0000b1d0       ?DrawWireCapsule@@YAXABVNxCapsule@@ABVNxVec3@@@Z 0040c1d0 f   DrawObjects.obj
 0001:0000b7b0       ?DrawCapsule@@YAXPAVNxShape@@@Z 0040c7b0 f   DrawObjects.obj
 0001:0000b9f0       ?DrawCapsule@@YAXABVNxVec3@@MM@Z 0040c9f0 f   DrawObjects.obj
 0001:0000bba0       ?DrawWireConvex@@YAXPAVNxShape@@ABVNxVec3@@_N@Z 0040cba0 f   DrawObjects.obj
 0001:0000bdf0       ?DrawConvex@@YAXPAVNxShape@@_N@Z 0040cdf0 f   DrawObjects.obj
 0001:0000bfc0       ?DrawWireMesh@@YAXPAVNxShape@@ABVNxVec3@@_N@Z 0040cfc0 f   DrawObjects.obj
 0001:0000c220       ?DrawMesh@@YAXPAVNxShape@@_N@Z 0040d220 f   DrawObjects.obj
 0001:0000c3e0       ?DrawWheelShape@@YAXPAVNxShape@@@Z 0040d3e0 f   DrawObjects.obj
 0001:0000c5b0       ?DrawArrow@@YAXABVNxVec3@@00@Z 0040d5b0 f   DrawObjects.obj
 0001:0000c930       ?DrawContactPoint@@YAXABVNxVec3@@M0@Z 0040d930 f   DrawObjects.obj
 0001:0000ca90       ?DrawWireShape@@YAXPAVNxShape@@ABVNxVec3@@_N@Z 0040da90 f   DrawObjects.obj
 0001:0000cb60       ?DrawShape@@YAXPAVNxShape@@_N@Z 0040db60 f   DrawObjects.obj
 0001:0000cc30       ?DrawActor@@YAXPAVNxActor@@0_N@Z 0040dc30 f   DrawObjects.obj
 0001:0000cd70       ?DrawActorShadow@@YAXPAVNxActor@@_N@Z 0040dd70 f   DrawObjects.obj
 0001:0000cd90       ?DrawActorShadow2@@YAXPAVNxActor@@_N@Z 0040dd90 f   DrawObjects.obj
 0001:0000cdb0       ?DrawActorShadowZUp@@YAXPAVNxActor@@_N@Z 0040ddb0 f   DrawObjects.obj
 0001:0000cdd0       ?DrawCloth@@YAXPAVNxCloth@@_N@Z 0040ddd0 f   DrawObjects.obj
 0001:0000cf40       ?DrawActorShapeSelect@@YAXPAVNxActor@@PAVNxShape@@_N0_N@Z 0040df40 f   DrawObjects.obj
 0001:0000d320       ?DrawTriangleList@@YAXHPAU_Triangle@@PAVNxVec3@@@Z 0040e320 f   DrawObjects.obj
 0001:0000d670       ?DrawHeightfield@@YAXPAVNxShape@@@Z 0040e670 f   DrawObjects.obj
 0001:0000ed50       ??0NxBox@@QAE@XZ           0040fd50 f i DrawObjects.obj
 0001:0000ed90       ??0NxConvexMeshDesc@@QAE@XZ 0040fd90 f i DrawObjects.obj
 0001:0000edb0       ??0NxMat33@@QAE@ABV0@@Z    0040fdb0 f i DrawObjects.obj
 0001:0000ede0       ??0NxMat33@@QAE@XZ         0040fde0 f i DrawObjects.obj
 0001:0000ee00       ??0NxMat34@@QAE@ABV0@@Z    0040fe00 f i DrawObjects.obj
 0001:0000ee80       ??0NxMat34@@QAE@_N@Z       0040fe80 f i DrawObjects.obj
 0001:0000ef20       ??0NxSegment@@QAE@XZ       0040ff20 f i DrawObjects.obj
 0001:0000ef50       ??0NxTriangle@@QAE@XZ      0040ff50 f i DrawObjects.obj
 0001:0000ef80       ??0NxVec3@@QAE@ABV0@@Z     0040ff80 f i DrawObjects.obj
 0001:0000efc0       ??0NxVec3@@QAE@MMM@Z       0040ffc0 f i DrawObjects.obj
 0001:0000f010       ??0NxVec3@@QAE@XZ          00410010 f i DrawObjects.obj
 0001:0000f030       ??1NxBox@@QAE@XZ           00410030 f i DrawObjects.obj
 0001:0000f050       ??1NxMat33@@QAE@XZ         00410050 f i DrawObjects.obj
 0001:0000f060       ??1NxMat34@@QAE@XZ         00410060 f i DrawObjects.obj
 0001:0000f080       ??1NxMeshData@@QAE@XZ      00410080 f i DrawObjects.obj
 0001:0000f090       ??1NxSegment@@QAE@XZ       00410090 f i DrawObjects.obj
 0001:0000f0a0       ??1NxTriangle@@QAE@XZ      004100a0 f i DrawObjects.obj
 0001:0000f0b0       ??4NxVec3@@QAEABV0@ABV0@@Z 004100b0 f i DrawObjects.obj
 0001:0000f0f0       ??DNxMat33@@QBE?AVNxVec3@@ABV1@@Z 004100f0 f i DrawObjects.obj
 0001:0000f140       ??DNxVec3@@QBE?AV0@M@Z     00410140 f i DrawObjects.obj
 0001:0000f1b0       ??GNxVec3@@QBE?AV0@ABV0@@Z 004101b0 f i DrawObjects.obj
 0001:0000f220       ??GNxVec3@@QBE?AV0@XZ      00410220 f i DrawObjects.obj
 0001:0000f290       ??HNxVec3@@QBE?AV0@ABV0@@Z 00410290 f i DrawObjects.obj
 0001:0000f300       ??TNxVec3@@QBE?AV0@ABV0@@Z 00410300 f i DrawObjects.obj
 0001:0000f350       ??XNxVec3@@QAEAAV0@M@Z     00410350 f i DrawObjects.obj
 0001:0000f3b0       ??YNxVec3@@QAEAAV0@ABV0@@Z 004103b0 f i DrawObjects.obj
 0001:0000f420       ??_0NxVec3@@QAEAAV0@M@Z    00410420 f i DrawObjects.obj
 0001:0000f4a0       ??_H@YGXPAXIIP6EPAX0@Z@Z   004104a0 f i DrawObjects.obj
 0001:0000f4e0       ?NxComputeBoxPoints@@YA_NABVNxBox@@PAVNxVec3@@@Z 004104e0 f i DrawObjects.obj
 0001:0000f510       ?NxGetBoxEdges@@YAPBIXZ    00410510 f i DrawObjects.obj
 0001:0000f540       ?NxNormalToTangents@@YAXABVNxVec3@@AAV1@1@Z 00410540 f i DrawObjects.obj
 0001:0000f580       ?cross@NxVec3@@QAEXABV1@0@Z 00410580 f i DrawObjects.obj
 0001:0000f660       ?cross@NxVec3@@QBE?AV1@ABV1@@Z 00410660 f i DrawObjects.obj
 0001:0000f6b0       ?get@NxVec3@@QBEXPAM@Z     004106b0 f i DrawObjects.obj
 0001:0000f710       ?getColumn@NxMat33@@QBEXHAAVNxVec3@@@Z 00410710 f i DrawObjects.obj
 0001:0000f780       ?getColumnMajorStride4@NxMat33@@QBEXPAM@Z 00410780 f i DrawObjects.obj
 0001:0000f870       ?id@NxMat33@@QAEXXZ        00410870 f i DrawObjects.obj
 0001:0000f910       ?isBox@NxShape@@QAEPAVNxBoxShape@@XZ 00410910 f i DrawObjects.obj
 0001:0000f930       ?isCapsule@NxShape@@QAEPAVNxCapsuleShape@@XZ 00410930 f i DrawObjects.obj
 0001:0000f950       ?isConvexMesh@NxShape@@QAEPAVNxConvexShape@@XZ 00410950 f i DrawObjects.obj
 0001:0000f970       ?isSphere@NxShape@@QAEPAVNxSphereShape@@XZ 00410970 f i DrawObjects.obj
 0001:0000f990       ?magnitude@NxVec3@@QBEMXZ  00410990 f i DrawObjects.obj
 0001:0000fa00       ?multiply@NxMat33@@QBEXABVNxVec3@@AAV2@@Z 00410a00 f i DrawObjects.obj
 0001:0000fb30       ?multiply@NxMat34@@QBEXABVNxVec3@@AAV2@@Z 00410b30 f i DrawObjects.obj
 0001:0000fb80       ?normalize@NxVec3@@QAEMXZ  00410b80 f i DrawObjects.obj
 0001:0000fc20       ?setColumn@NxMat33@@QAEXHABVNxVec3@@@Z 00410c20 f i DrawObjects.obj
 0001:0000fc90       ?setToDefault@NxConvexMeshDesc@@QAEXXZ 00410c90 f i DrawObjects.obj
 0001:0000fd00       ?sqrt@NxMath@@SAMM@Z       00410d00 f i DrawObjects.obj
 0001:0000fd20       ?zero@NxVec3@@QAEXXZ       00410d20 f i DrawObjects.obj
 0001:0000fd60       _cosf                      00410d60 f i DrawObjects.obj
 0001:0000fd90       _fabsf                     00410d90 f i DrawObjects.obj
 0001:0000fdc0       _sinf                      00410dc0 f i DrawObjects.obj
 0001:0000fdf0       _sqrtf                     00410df0 f i DrawObjects.obj
 0001:0000fe20       ?init@GLFontRenderer@@SA_NXZ 00410e20 f   GLFontRenderer.obj
 0001:0000ff40       ?print@GLFontRenderer@@SAXMMMPBD_NH1@Z 00410f40 f   GLFontRenderer.obj
 0001:00010730       ?setScreenResolution@GLFontRenderer@@SAXHH@Z 00411730 f   GLFontRenderer.obj
 0001:00010750       ?setColor@GLFontRenderer@@SAXMMMM@Z 00411750 f   GLFontRenderer.obj
 0001:00010a10       ?AddDisplayString@HUD@@QAEXPADMM@Z 00411a10 f   HUD.obj
 0001:00010a90       ?SetDisplayString@HUD@@QAEXIPADMM@Z 00411a90 f   HUD.obj
 0001:00010af0       ?Clear@HUD@@QAEXXZ         00411af0 f   HUD.obj
 0001:00010b10       ?Render@HUD@@QAEXXZ        00411b10 f   HUD.obj
 0001:00010c20       ??0DisplayString@@QAE@XZ   00411c20 f i HUD.obj
 0001:00010c70       ??A?$NxArray@VDisplayString@@VNxAllocatorDefault@@@@QAEAAVDisplayString@@I@Z 00411c70 f i HUD.obj
 0001:00010c90       ?allocate@?$NxArray@VDisplayString@@VNxAllocatorDefault@@@@AAEPAVDisplayString@@I@Z 00411c90 f i HUD.obj
 0001:00010ce0       ?begin@?$NxArray@VDisplayString@@VNxAllocatorDefault@@@@QAEPAVDisplayString@@XZ 00411ce0 f i HUD.obj
 0001:00010d00       ?capacity@?$NxArray@VDisplayString@@VNxAllocatorDefault@@@@QBEIXZ 00411d00 f i HUD.obj
 0001:00010d50       ?clear@?$NxArray@VDisplayString@@VNxAllocatorDefault@@@@QAEXXZ 00411d50 f i HUD.obj
 0001:00010d90       ?copy@?$NxArray@VDisplayString@@VNxAllocatorDefault@@@@AAEPAVDisplayString@@PBV2@0PAV2@@Z 00411d90 f i HUD.obj
 0001:00010df0       ?deallocate@?$NxArray@VDisplayString@@VNxAllocatorDefault@@@@AAEXPAVDisplayString@@@Z 00411df0 f i HUD.obj
 0001:00010e20       ?destroy@?$NxArray@VDisplayString@@VNxAllocatorDefault@@@@AAEXPAVDisplayString@@0@Z 00411e20 f i HUD.obj
 0001:00010e50       ?end@?$NxArray@VDisplayString@@VNxAllocatorDefault@@@@QAEPAVDisplayString@@XZ 00411e50 f i HUD.obj
 0001:00010e70       ?free@NxAllocatorDefault@@QAEXPAX@Z 00411e70 f i HUD.obj
 0001:00010ea0       ?mallocDEBUG@NxAllocatorDefault@@QAEPAXIPBDH0W4NxMemoryType@@@Z 00411ea0 f i HUD.obj
 0001:00010ec0       ?pushBack@?$NxArray@VDisplayString@@VNxAllocatorDefault@@@@QAEXABVDisplayString@@@Z 00411ec0 f i HUD.obj
 0001:00010f30       ?reserve@?$NxArray@VDisplayString@@VNxAllocatorDefault@@@@QAEXI@Z 00411f30 f i HUD.obj
 0001:00010ff0       ?size@?$NxArray@VDisplayString@@VNxAllocatorDefault@@@@QBEIXZ 00411ff0 f i HUD.obj
 0001:00011020       ___local_stdio_printf_options 00412020 f i HUD.obj
 0001:00011030       __vsnprintf_l              00412030 f i HUD.obj
 0001:000110a0       __vsprintf_l               004120a0 f i HUD.obj
 0001:000110d0       _sprintf                   004120d0 f i HUD.obj
 0001:00011110       ??0UserStream@@QAE@PBD_N@Z 00412110 f   Stream.obj
 0001:00011170       ??1UserStream@@UAE@XZ      00412170 f   Stream.obj
 0001:000111b0       ?readByte@UserStream@@UBEEXZ 004121b0 f   Stream.obj
 0001:00011200       ?readWord@UserStream@@UBEGXZ 00412200 f   Stream.obj
 0001:00011250       ?readDword@UserStream@@UBEIXZ 00412250 f   Stream.obj
 0001:000112a0       ?readFloat@UserStream@@UBEMXZ 004122a0 f   Stream.obj
 0001:000112f0       ?readDouble@UserStream@@UBENXZ 004122f0 f   Stream.obj
 0001:00011340       ?readBuffer@UserStream@@UBEXPAXI@Z 00412340 f   Stream.obj
 0001:00011390       ?storeByte@UserStream@@UAEAAVNxStream@@E@Z 00412390 f   Stream.obj
 0001:000113e0       ?storeWord@UserStream@@UAEAAVNxStream@@G@Z 004123e0 f   Stream.obj
 0001:00011430       ?storeDword@UserStream@@UAEAAVNxStream@@I@Z 00412430 f   Stream.obj
 0001:00011480       ?storeFloat@UserStream@@UAEAAVNxStream@@M@Z 00412480 f   Stream.obj
 0001:000114d0       ?storeDouble@UserStream@@UAEAAVNxStream@@N@Z 004124d0 f   Stream.obj
 0001:00011520       ?storeBuffer@UserStream@@UAEAAVNxStream@@PBXI@Z 00412520 f   Stream.obj
 0001:00011570       ??0MemoryWriteBuffer@@QAE@XZ 00412570 f   Stream.obj
 0001:000115b0       ??1MemoryWriteBuffer@@UAE@XZ 004125b0 f   Stream.obj
 0001:00011620       ?storeByte@MemoryWriteBuffer@@UAEAAVNxStream@@E@Z 00412620 f   Stream.obj
 0001:00011650       ?storeWord@MemoryWriteBuffer@@UAEAAVNxStream@@G@Z 00412650 f   Stream.obj
 0001:00011680       ?storeDword@MemoryWriteBuffer@@UAEAAVNxStream@@I@Z 00412680 f   Stream.obj
 0001:000116b0       ?storeFloat@MemoryWriteBuffer@@UAEAAVNxStream@@M@Z 004126b0 f   Stream.obj
 0001:000116e0       ?storeDouble@MemoryWriteBuffer@@UAEAAVNxStream@@N@Z 004126e0 f   Stream.obj
 0001:00011710       ?storeBuffer@MemoryWriteBuffer@@UAEAAVNxStream@@PBXI@Z 00412710 f   Stream.obj
 0001:000117e0       ??0MemoryReadBuffer@@QAE@PBE@Z 004127e0 f   Stream.obj
 0001:00011810       ??1MemoryReadBuffer@@UAE@XZ 00412810 f   Stream.obj
 0001:00011830       ?readByte@MemoryReadBuffer@@UBEEXZ 00412830 f   Stream.obj
 0001:00011860       ?readWord@MemoryReadBuffer@@UBEGXZ 00412860 f   Stream.obj
 0001:00011890       ?readDword@MemoryReadBuffer@@UBEIXZ 00412890 f   Stream.obj
 0001:000118c0       ?readFloat@MemoryReadBuffer@@UBEMXZ 004128c0 f   Stream.obj
 0001:000118f0       ?readDouble@MemoryReadBuffer@@UBENXZ 004128f0 f   Stream.obj
 0001:00011920       ?readBuffer@MemoryReadBuffer@@UBEXPAXI@Z 00412920 f   Stream.obj
 0001:00011b70       ??0NxStream@@QAE@XZ        00412b70 f i Stream.obj
 0001:00011b90       ??1NxStream@@UAE@XZ        00412b90 f i Stream.obj
 0001:00011bb0       ??_GMemoryReadBuffer@@UAEPAXI@Z 00412bb0 f i Stream.obj
 0001:00011bb0       ??_EMemoryReadBuffer@@UAEPAXI@Z 00412bb0 f i Stream.obj
 0001:00011bf0       ??_GMemoryWriteBuffer@@UAEPAXI@Z 00412bf0 f i Stream.obj
 0001:00011bf0       ??_EMemoryWriteBuffer@@UAEPAXI@Z 00412bf0 f i Stream.obj
 0001:00011c30       ??_GNxStream@@UAEPAXI@Z    00412c30 f i Stream.obj
 0001:00011c30       ??_ENxStream@@UAEPAXI@Z    00412c30 f i Stream.obj
 0001:00011c70       ??_GUserStream@@UAEPAXI@Z  00412c70 f i Stream.obj
 0001:00011c70       ??_EUserStream@@UAEPAXI@Z  00412c70 f i Stream.obj
 0001:00011cb0       ?readBuffer@MemoryWriteBuffer@@UBEXPAXI@Z 00412cb0 f i Stream.obj
 0001:00011ce0       ?readByte@MemoryWriteBuffer@@UBEEXZ 00412ce0 f i Stream.obj
 0001:00011d10       ?readDouble@MemoryWriteBuffer@@UBENXZ 00412d10 f i Stream.obj
 0001:00011d40       ?readDword@MemoryWriteBuffer@@UBEIXZ 00412d40 f i Stream.obj
 0001:00011d70       ?readFloat@MemoryWriteBuffer@@UBEMXZ 00412d70 f i Stream.obj
 0001:00011da0       ?readWord@MemoryWriteBuffer@@UBEGXZ 00412da0 f i Stream.obj
 0001:00011dd0       ?storeBuffer@MemoryReadBuffer@@UAEAAVNxStream@@PBXI@Z 00412dd0 f i Stream.obj
 0001:00011e10       ?storeByte@MemoryReadBuffer@@UAEAAVNxStream@@E@Z 00412e10 f i Stream.obj
 0001:00011e50       ?storeDouble@MemoryReadBuffer@@UAEAAVNxStream@@N@Z 00412e50 f i Stream.obj
 0001:00011e90       ?storeDword@MemoryReadBuffer@@UAEAAVNxStream@@I@Z 00412e90 f i Stream.obj
 0001:00011ed0       ?storeFloat@MemoryReadBuffer@@UAEAAVNxStream@@M@Z 00412ed0 f i Stream.obj
 0001:00011f10       ?storeWord@MemoryReadBuffer@@UAEAAVNxStream@@G@Z 00412f10 f i Stream.obj
 0001:00011f50       ?renderData@DebugRenderer@@QBEXABVNxDebugRenderable@@@Z 00412f50 f   DebugRenderer.obj
 0001:000128e0       ?renderBuffer@DebugRenderer@@CAXPAM0HH@Z 004138e0 f   DebugRenderer.obj
 0001:00012bd0       ?getLines@NxDebugRenderable@@QBEPBUNxDebugLine@@XZ 00413bd0 f i DebugRenderer.obj
 0001:00012bf0       ?getNbLines@NxDebugRenderable@@QBEIXZ 00413bf0 f i DebugRenderer.obj
 0001:00012c10       ?getNbPoints@NxDebugRenderable@@QBEIXZ 00413c10 f i DebugRenderer.obj
 0001:00012c30       ?getNbTriangles@NxDebugRenderable@@QBEIXZ 00413c30 f i DebugRenderer.obj
 0001:00012c50       ?getPoints@NxDebugRenderable@@QBEPBUNxDebugPoint@@XZ 00413c50 f i DebugRenderer.obj
 0001:00012c70       ?getTriangles@NxDebugRenderable@@QBEPBUNxDebugTriangle@@XZ 00413c70 f i DebugRenderer.obj
 0001:00012c90       ?FindMediaFile@@YAPADPBDPAD@Z 00413c90 f   MediaPath_WIN.obj
 0001:00012e80       ?GetTempFilePath@@YAPADPAD@Z 00413e80 f   MediaPath_WIN.obj
 0001:00012f70       ?strrchr@@YAPADQADH@Z      00413f70 f i MediaPath_WIN.obj
 0001:00012f90       __vfprintf_l               00413f90 f i MediaPath_WIN.obj
 0001:00012fd0       _printf                    00413fd0 f i MediaPath_WIN.obj
 0001:00013020       ?getTime@@YAKXZ            00414020 f   Timing_WIN.obj
 0001:00013030       ?getCurrentTime@@YAMXZ     00414030 f   Timing_WIN.obj
 0001:00013080       ?getElapsedTime@@YAMXZ     00414080 f   Timing_WIN.obj
 0001:00013180       ?PrintControls@@YAXXZ      00414180 f   Lesson103.obj
 0001:000131b0       ?IsSelectable@@YA_NPAVNxActor@@@Z 004141b0 f   Lesson103.obj
 0001:00013230       ?SelectNextActor@@YAXXZ    00414230 f   Lesson103.obj
 0001:000132f0       ?ProcessCameraKeys@@YAXXZ  004142f0 f   Lesson103.obj
 0001:000135a0       ?SetupCamera@@YAXXZ        004145a0 f   Lesson103.obj
 0001:000136f0       ?RenderActors@@YAX_N@Z     004146f0 f   Lesson103.obj
 0001:00013780       ?DrawForce@@YAXPAVNxActor@@AAVNxVec3@@ABV2@@Z 00414780 f   Lesson103.obj
 0001:00013820       ?ApplyForceToActor@@YA?AVNxVec3@@PAVNxActor@@ABV1@M_N@Z 00414820 f   Lesson103.obj
 0001:000138b0       ?ProcessForceKeys@@YAXXZ   004148b0 f   Lesson103.obj
 0001:00013bf0       ?ProcessInputs@@YAXXZ      00414bf0 f   Lesson103.obj
 0001:00013c30       ?RenderCallback@@YAXXZ     00414c30 f   Lesson103.obj
 0001:00013d60       ?ReshapeCallback@@YAXHH@Z  00414d60 f   Lesson103.obj
 0001:00013d90       ?IdleCallback@@YAXXZ       00414d90 f   Lesson103.obj
 0001:00013da0       ?KeyboardCallback@@YAXEHH@Z 00414da0 f   Lesson103.obj
 0001:00013dd0       ?KeyboardUpCallback@@YAXEHH@Z 00414dd0 f   Lesson103.obj
 0001:00013fa0       ?SpecialCallback@@YAXHHH@Z 00414fa0 f   Lesson103.obj
 0001:00013fc0       ?MouseCallback@@YAXHHHH@Z  00414fc0 f   Lesson103.obj
 0001:00013fe0       ?MotionCallback@@YAXHH@Z   00414fe0 f   Lesson103.obj
 0001:00014100       ?ExitCallback@@YAXXZ       00415100 f   Lesson103.obj
 0001:00014110       ?InitGlut@@YAXHPAPAD@Z     00415110 f   Lesson103.obj
 0001:00014350       ?CreateGroundPlane@@YAPAVNxActor@@XZ 00415350 f   Lesson103.obj
 0001:00014400       ?CreatePrimaryMultiShape@@YAPAVNxActor@@XZ 00415400 f   Lesson103.obj
 0001:000147e0       ?CreateMeshMultiShape@@YAPAVNxActor@@XZ 004157e0 f   Lesson103.obj
 0001:00014e60       ?InitializeHUD@@YAXXZ      00415e60 f   Lesson103.obj
 0001:00014f00       ?InitNx@@YAXXZ             00415f00 f   Lesson103.obj
 0001:000151a0       ?ReleaseNx@@YAXXZ          004161a0 f   Lesson103.obj
 0001:00015220       ?ResetNx@@YAXXZ            00416220 f   Lesson103.obj
 0001:00015230       ?StartPhysics@@YAXXZ       00416230 f   Lesson103.obj
 0001:00015280       ?GetPhysicsResults@@YAXXZ  00416280 f   Lesson103.obj
 0001:000152b0       _main                      004162b0 f   Lesson103.obj
 0001:00015b40       ??0?$NxArray@PAVNxShapeDesc@@VNxAllocatorDefault@@@@QAE@XZ 00416b40 f i Lesson103.obj
 0001:00015b80       ??0?$NxArray@VDisplayString@@VNxAllocatorDefault@@@@QAE@XZ 00416b80 f i Lesson103.obj
 0001:00015bc0       ??0HUD@@QAE@XZ             00416bc0 f i Lesson103.obj
 0001:00015be0       ??0NxActorDesc@@QAE@XZ     00416be0 f i Lesson103.obj
 0001:00015c80       ??0NxActorDescBase@@IAE@XZ 00416c80 f i Lesson103.obj
 0001:00015ca0       ??0NxBodyDesc@@QAE@XZ      00416ca0 f i Lesson103.obj
 0001:00015d40       ??0NxBoxShapeDesc@@QAE@XZ  00416d40 f i Lesson103.obj
 0001:00015dd0       ??0NxCapsuleShapeDesc@@QAE@XZ 00416dd0 f i Lesson103.obj
 0001:00015e50       ??0NxConvexShapeDesc@@QAE@XZ 00416e50 f i Lesson103.obj
 0001:00015ed0       ??0NxGroupsMask@@QAE@XZ    00416ed0 f i Lesson103.obj
 0001:00015ef0       ??0NxPhysicsSDKDesc@@QAE@XZ 00416ef0 f i Lesson103.obj
 0001:00015f10       ??0NxPlaneShapeDesc@@QAE@XZ 00416f10 f i Lesson103.obj
 0001:00015fa0       ??0NxQuat@@QAE@MABVNxVec3@@@Z 00416fa0 f i Lesson103.obj
 0001:00015fd0       ??0NxQuat@@QAE@XZ          00416fd0 f i Lesson103.obj
 0001:00015ff0       ??0NxSceneDesc@@QAE@XZ     00416ff0 f i Lesson103.obj
 0001:00016020       ??0NxShapeDesc@@IAE@W4NxShapeType@@@Z 00417020 f i Lesson103.obj
 0001:000160c0       ??0NxSphereShapeDesc@@QAE@XZ 004170c0 f i Lesson103.obj
 0001:00016140       ??1?$NxArray@PAVNxShapeDesc@@VNxAllocatorDefault@@@@QAE@XZ 00417140 f i Lesson103.obj
 0001:000161e0       ??1?$NxArray@VDisplayString@@VNxAllocatorDefault@@@@QAE@XZ 004171e0 f i Lesson103.obj
 0001:00016280       ??1HUD@@QAE@XZ             00417280 f i Lesson103.obj
 0001:000162a0       ??1NxActorDesc@@QAE@XZ     004172a0 f i Lesson103.obj
 0001:000162d0       ??1NxActorDescBase@@QAE@XZ 004172d0 f i Lesson103.obj
 0001:000162f0       ??1NxBodyDesc@@QAE@XZ      004172f0 f i Lesson103.obj
 0001:00016310       ??1NxBoxShapeDesc@@UAE@XZ  00417310 f i Lesson103.obj
 0001:00016330       ??1NxCapsuleShapeDesc@@UAE@XZ 00417330 f i Lesson103.obj
 0001:00016350       ??1NxConvexShapeDesc@@UAE@XZ 00417350 f i Lesson103.obj
 0001:00016370       ??1NxGroupsMask@@QAE@XZ    00417370 f i Lesson103.obj
 0001:00016380       ??1NxPlaneShapeDesc@@UAE@XZ 00417380 f i Lesson103.obj
 0001:000163a0       ??1NxShapeDesc@@UAE@XZ     004173a0 f i Lesson103.obj
 0001:000163e0       ??1NxSphereShapeDesc@@UAE@XZ 004173e0 f i Lesson103.obj
 0001:00016400       ??4NxMat33@@QAEABV0@ABV0@@Z 00417400 f i Lesson103.obj
 0001:00016430       ??A?$NxArray@PAVNxShapeDesc@@VNxAllocatorDefault@@@@QBEABQAVNxShapeDesc@@I@Z 00417430 f i Lesson103.obj
 0001:00016450       ??D@YA?AVNxVec3@@MABV0@@Z  00417450 f i Lesson103.obj
 0001:000164b0       ??KNxVec3@@QBE?AV0@M@Z     004174b0 f i Lesson103.obj
 0001:00016530       ??ZNxVec3@@QAEAAV0@ABV0@@Z 00417530 f i Lesson103.obj
 0001:000165a0       ??_GNxBoxShapeDesc@@UAEPAXI@Z 004175a0 f i Lesson103.obj
 0001:000165a0       ??_ENxBoxShapeDesc@@UAEPAXI@Z 004175a0 f i Lesson103.obj
 0001:000165e0       ??_ENxCapsuleShapeDesc@@UAEPAXI@Z 004175e0 f i Lesson103.obj
 0001:000165e0       ??_GNxCapsuleShapeDesc@@UAEPAXI@Z 004175e0 f i Lesson103.obj
 0001:00016620       ??_ENxConvexShapeDesc@@UAEPAXI@Z 00417620 f i Lesson103.obj
 0001:00016620       ??_GNxConvexShapeDesc@@UAEPAXI@Z 00417620 f i Lesson103.obj
 0001:00016660       ??_GNxPlaneShapeDesc@@UAEPAXI@Z 00417660 f i Lesson103.obj
 0001:00016660       ??_ENxPlaneShapeDesc@@UAEPAXI@Z 00417660 f i Lesson103.obj
 0001:000166a0       ??_GNxShapeDesc@@UAEPAXI@Z 004176a0 f i Lesson103.obj
 0001:000166a0       ??_ENxShapeDesc@@UAEPAXI@Z 004176a0 f i Lesson103.obj
 0001:000166e0       ??_ENxSphereShapeDesc@@UAEPAXI@Z 004176e0 f i Lesson103.obj
 0001:000166e0       ??_GNxSphereShapeDesc@@UAEPAXI@Z 004176e0 f i Lesson103.obj
 0001:00016720       ?allocate@?$NxArray@PAVNxShapeDesc@@VNxAllocatorDefault@@@@AAEPAPAVNxShapeDesc@@I@Z 00417720 f i Lesson103.obj
 0001:00016760       ?begin@?$NxArray@PAVNxShapeDesc@@VNxAllocatorDefault@@@@QAEPAPAVNxShapeDesc@@XZ 00417760 f i Lesson103.obj
 0001:00016780       ?capacity@?$NxArray@PAVNxShapeDesc@@VNxAllocatorDefault@@@@QBEIXZ 00417780 f i Lesson103.obj
 0001:000167c0       ?clear@?$NxArray@PAVNxShapeDesc@@VNxAllocatorDefault@@@@QAEXXZ 004177c0 f i Lesson103.obj
 0001:00016800       ?copy@?$NxArray@PAVNxShapeDesc@@VNxAllocatorDefault@@@@AAEPAPAVNxShapeDesc@@PBQAV2@0PAPAV2@@Z 00417800 f i Lesson103.obj
 0001:00016850       ?cos@NxMath@@SAMM@Z        00417850 f i Lesson103.obj
 0001:00016870       ?deallocate@?$NxArray@PAVNxShapeDesc@@VNxAllocatorDefault@@@@AAEXPAPAVNxShapeDesc@@@Z 00417870 f i Lesson103.obj
 0001:000168a0       ?degToRad@NxMath@@SAMM@Z   004178a0 f i Lesson103.obj
 0001:000168d0       ?destroy@?$NxArray@PAVNxShapeDesc@@VNxAllocatorDefault@@@@AAEXPAPAVNxShapeDesc@@0@Z 004178d0 f i Lesson103.obj
 0001:00016900       ?end@?$NxArray@PAVNxShapeDesc@@VNxAllocatorDefault@@@@QAEPAPAVNxShapeDesc@@XZ 00417900 f i Lesson103.obj
 0001:00016920       ?fromAngleAxis@NxQuat@@QAEXMABVNxVec3@@@Z 00417920 f i Lesson103.obj
 0001:00016ad0       ?fromQuat@NxMat33@@QAEXABVNxQuat@@@Z 00417ad0 f i Lesson103.obj
 0001:00016d70       ?id@NxMat34@@QAEXXZ        00417d70 f i Lesson103.obj
 0001:00016da0       ?isFinite@NxMat33@@QBE_NXZ 00417da0 f i Lesson103.obj
 0001:00016f30       ?isFinite@NxMat34@@QBE_NXZ 00417f30 f i Lesson103.obj
 0001:00016f80       ?isFinite@NxMath@@SA_NM@Z  00417f80 f i Lesson103.obj
 0001:00016fd0       ?isFinite@NxVec3@@QBE_NXZ  00417fd0 f i Lesson103.obj
 0001:00017070       ?isValid@NxActorDesc@@QBE_NXZ 00418070 f i Lesson103.obj
 0001:000171f0       ?isValid@NxActorDescBase@@QBE_NXZ 004181f0 f i Lesson103.obj
 0001:00017270       ?isValid@NxBodyDesc@@QBE_NXZ 00418270 f i Lesson103.obj
 0001:00017340       ?isValid@NxBoxShapeDesc@@UBE_NXZ 00418340 f i Lesson103.obj
 0001:000173b0       ?isValid@NxCapsuleShapeDesc@@UBE_NXZ 004183b0 f i Lesson103.obj
 0001:00017450       ?isValid@NxConvexShapeDesc@@UBE_NXZ 00418450 f i Lesson103.obj
 0001:00017480       ?isValid@NxPlaneShapeDesc@@UBE_NXZ 00418480 f i Lesson103.obj
 0001:000174e0       ?isValid@NxShapeDesc@@UBE_NXZ 004184e0 f i Lesson103.obj
 0001:00017580       ?isValid@NxSphereShapeDesc@@UBE_NXZ 00418580 f i Lesson103.obj
 0001:000175e0       ?isValidInternal@NxActorDescBase@@IBE_N_N@Z 004185e0 f i Lesson103.obj
 0001:00017740       ?isZero@NxVec3@@QBEHXZ     00418740 f i Lesson103.obj
 0001:000177b0       ?multiply@NxQuat@@QAEXABV1@ABVNxVec3@@@Z 004187b0 f i Lesson103.obj
 0001:00017940       ?pushBack@?$NxArray@PAVNxShapeDesc@@VNxAllocatorDefault@@@@QAEXABQAVNxShapeDesc@@@Z 00418940 f i Lesson103.obj
 0001:000179a0       ?reserve@?$NxArray@PAVNxShapeDesc@@VNxAllocatorDefault@@@@QAEXI@Z 004189a0 f i Lesson103.obj
 0001:00017a60       ?rotate@NxQuat@@QBEXAAVNxVec3@@@Z 00418a60 f i Lesson103.obj
 0001:00017be0       ?set@NxVec3@@QAEXMMM@Z     00418be0 f i Lesson103.obj
 0001:00017c20       ?setToDefault@NxActorDesc@@QAEXXZ 00418c20 f i Lesson103.obj
 0001:00017c50       ?setToDefault@NxActorDescBase@@QAEXXZ 00418c50 f i Lesson103.obj
 0001:00017cf0       ?setToDefault@NxBodyDesc@@QAEXXZ 00418cf0 f i Lesson103.obj
 0001:00017e30       ?setToDefault@NxBoxShapeDesc@@UAEXXZ 00418e30 f i Lesson103.obj
 0001:00017e60       ?setToDefault@NxCapsuleShapeDesc@@UAEXXZ 00418e60 f i Lesson103.obj
 0001:00017eb0       ?setToDefault@NxConvexShapeDesc@@UAEXXZ 00418eb0 f i Lesson103.obj
 0001:00017ee0       ?setToDefault@NxPhysicsSDKDesc@@QAEXXZ 00418ee0 f i Lesson103.obj
 0001:00017f50       ?setToDefault@NxPlaneShapeDesc@@UAEXXZ 00418f50 f i Lesson103.obj
 0001:00017fb0       ?setToDefault@NxSceneDesc@@QAEXXZ 00418fb0 f i Lesson103.obj
 0001:000181d0       ?setToDefault@NxShapeDesc@@UAEXXZ 004191d0 f i Lesson103.obj
 0001:000182b0       ?setToDefault@NxSphereShapeDesc@@UAEXXZ 004192b0 f i Lesson103.obj
 0001:000182e0       ?sin@NxMath@@SAMM@Z        004192e0 f i Lesson103.obj
 0001:00018300       ?size@?$NxArray@PAVNxShapeDesc@@VNxAllocatorDefault@@@@QBEIXZ 00419300 f i Lesson103.obj
 0001:0001833f       _NxGetUtilLib              0041933f f   PhysXLoader:PhysXLoader.dll
 0001:00018345       _NxGetPhysicsSDKAllocator  00419345 f   PhysXLoader:PhysXLoader.dll
 0001:0001834b       _NxCreatePhysicsSDK        0041934b f   PhysXLoader:PhysXLoader.dll
 0001:00018351       _NxInitCooking             00419351 f   PhysXCooking:PhysXCooking.dll
 0001:00018357       _NxCloseCooking            00419357 f   PhysXCooking:PhysXCooking.dll
 0001:0001835d       _NxCookConvexMesh          0041935d f   PhysXCooking:PhysXCooking.dll
 0001:00018363       _SetCurrentDirectoryA@4    00419363 f   kernel32:KERNEL32.dll
 0001:00018369       _GetCurrentDirectoryA@8    00419369 f   kernel32:KERNEL32.dll
 0001:0001836f       _GetModuleFileNameA@12     0041936f f   kernel32:KERNEL32.dll
 0001:00018375       _QueryPerformanceCounter@4 00419375 f   kernel32:KERNEL32.dll
 0001:0001837b       _QueryPerformanceFrequency@4 0041937b f   kernel32:KERNEL32.dll
 0001:00018381       _glutSolidSphere@16        00419381 f   glut32:glut32.dll
 0001:00018387       _glutSolidCube@8           00419387 f   glut32:glut32.dll
 0001:0001838d       _glutGet@4                 0041938d f   glut32:glut32.dll
 0001:00018393       ___glutInitWithExit@12     00419393 f   glut32:glut32.dll
 0001:00018399       _glutInitDisplayMode@4     00419399 f   glut32:glut32.dll
 0001:0001839f       _glutInitWindowSize@8      0041939f f   glut32:glut32.dll
 0001:000183a5       _glutMainLoop@0            004193a5 f   glut32:glut32.dll
 0001:000183ab       ___glutCreateWindowWithExit@8 004193ab f   glut32:glut32.dll
 0001:000183b1       _glutPostRedisplay@0       004193b1 f   glut32:glut32.dll
 0001:000183b7       _glutSwapBuffers@0         004193b7 f   glut32:glut32.dll
 0001:000183bd       _glutSetWindow@4           004193bd f   glut32:glut32.dll
 0001:000183c3       _glutDisplayFunc@4         004193c3 f   glut32:glut32.dll
 0001:000183c9       _glutReshapeFunc@4         004193c9 f   glut32:glut32.dll
 0001:000183cf       _glutKeyboardFunc@4        004193cf f   glut32:glut32.dll
 0001:000183d5       _glutMouseFunc@4           004193d5 f   glut32:glut32.dll
 0001:000183db       _glutMotionFunc@4          004193db f   glut32:glut32.dll
 0001:000183e1       _glutIdleFunc@4            004193e1 f   glut32:glut32.dll
 0001:000183e7       _glutSpecialFunc@4         004193e7 f   glut32:glut32.dll
 0001:000183ed       _glutKeyboardUpFunc@4      004193ed f   glut32:glut32.dll
 0001:000183f3       _timeGetTime@0             004193f3 f   winmm:WINMM.dll
 0001:000183f9       _glColor4f@16              004193f9 f   opengl32:OPENGL32.dll
 0001:000183ff       _glDisable@4               004193ff f   opengl32:OPENGL32.dll
 0001:00018405       _glDisableClientState@4    00419405 f   opengl32:OPENGL32.dll
 0001:0001840b       _glDrawArrays@12           0041940b f   opengl32:OPENGL32.dll
 0001:00018411       _glDrawElements@16         00419411 f   opengl32:OPENGL32.dll
 0001:00018417       _glEnable@4                00419417 f   opengl32:OPENGL32.dll
 0001:0001841d       _glEnableClientState@4     0041941d f   opengl32:OPENGL32.dll
 0001:00018423       _glLineWidth@4             00419423 f   opengl32:OPENGL32.dll
 0001:00018429       _glMultMatrixf@4           00419429 f   opengl32:OPENGL32.dll
 0001:0001842f       _glNormalPointer@12        0041942f f   opengl32:OPENGL32.dll
 0001:00018435       _glPopMatrix@0             00419435 f   opengl32:OPENGL32.dll
 0001:0001843b       _glPushMatrix@0            0041943b f   opengl32:OPENGL32.dll
 0001:00018441       _glRotatef@16              00419441 f   opengl32:OPENGL32.dll
 0001:00018447       _glScalef@12               00419447 f   opengl32:OPENGL32.dll
 0001:0001844d       _glTranslatef@12           0041944d f   opengl32:OPENGL32.dll
 0001:00018453       _glVertexPointer@16        00419453 f   opengl32:OPENGL32.dll
 0001:00018459       _glBindTexture@8           00419459 f   opengl32:OPENGL32.dll
 0001:0001845f       _glBlendFunc@8             0041945f f   opengl32:OPENGL32.dll
 0001:00018465       _glGenTextures@8           00419465 f   opengl32:OPENGL32.dll
 0001:0001846b       _glLoadIdentity@0          0041946b f   opengl32:OPENGL32.dll
 0001:00018471       _glMatrixMode@4            00419471 f   opengl32:OPENGL32.dll
 0001:00018477       _glOrtho@48                00419477 f   opengl32:OPENGL32.dll
 0001:0001847d       _glTexCoordPointer@16      0041947d f   opengl32:OPENGL32.dll
 0001:00018483       _glTexImage2D@36           00419483 f   opengl32:OPENGL32.dll
 0001:00018489       _glTexParameterf@12        00419489 f   opengl32:OPENGL32.dll
 0001:0001848f       _glColorPointer@16         0041948f f   opengl32:OPENGL32.dll
 0001:00018495       _glClear@4                 00419495 f   opengl32:OPENGL32.dll
 0001:0001849b       _glClearColor@16           0041949b f   opengl32:OPENGL32.dll
 0001:000184a1       _glFlush@0                 004194a1 f   opengl32:OPENGL32.dll
 0001:000184a7       _glLightfv@12              004194a7 f   opengl32:OPENGL32.dll
 0001:000184ad       _glViewport@16             004194ad f   opengl32:OPENGL32.dll
 0001:000184b3       _gluPerspective@32         004194b3 f   glu32:GLU32.dll
 0001:000184b9       _gluLookAt@72              004194b9 f   glu32:GLU32.dll
 0001:000184c0       ??_U@YAPAXI@Z              004194c0 f   LIBCMTD:new_array.obj
 0001:000184e0       ??_V@YAXPAX@Z              004194e0 f   LIBCMTD:delete_array.obj
 0001:00018500       @__security_check_cookie@4 00419500 f   LIBCMTD:secchk.obj
 0001:00018520       ??3@YAXPAXI@Z              00419520 f   LIBCMTD:delete_scalar_size.obj
 0001:00018540       ??1type_info@@UAE@XZ       00419540 f   LIBCMTD:std_type_info_static.obj
 0001:00018560       ??_Etype_info@@UAEPAXI@Z   00419560 f i LIBCMTD:std_type_info_static.obj
 0001:00018560       ??_Gtype_info@@UAEPAXI@Z   00419560 f i LIBCMTD:std_type_info_static.obj
 0001:000185a0       __ftoui3                   004195a0 f   LIBCMTD:ftol3.obj
 0001:000185af       __ftoul3                   004195af f   LIBCMTD:ftol3.obj
 0001:000185be       __ftol3                    004195be f   LIBCMTD:ftol3.obj
 0001:000185cb       __ftol3_NaN                004195cb f   LIBCMTD:ftol3.obj
 0001:000185e3       __ftol3_work               004195e3 f   LIBCMTD:ftol3.obj
 0001:00018669       __ftol3_common             00419669 f   LIBCMTD:ftol3.obj
 0001:0001872b       __ftol3_arg_error          0041972b f   LIBCMTD:ftol3.obj
 0001:0001873d       __ftol3_except             0041973d f   LIBCMTD:ftol3.obj
 0001:00018781       __dtoui3                   00419781 f   LIBCMTD:ftol3.obj
 0001:00018790       __dtoul3                   00419790 f   LIBCMTD:ftol3.obj
 0001:0001879f       __dtol3                    0041979f f   LIBCMTD:ftol3.obj
 0001:000187ac       __dtol3_NaN                004197ac f   LIBCMTD:ftol3.obj
 0001:000187c9       __dtol3_work               004197c9 f   LIBCMTD:ftol3.obj
 0001:000188b0       __ultod3                   004198b0 f   LIBCMTD:ftol3.obj
 0001:000188f0       __ltod3                    004198f0 f   LIBCMTD:ftol3.obj
 0001:00018a00       ??2@YAPAXI@Z               00419a00 f   LIBCMTD:new_scalar.obj
 0001:00018a60       ??$__crt_fast_decode_pointer@PAP6AXXZ@@YAPAP6AXXZQAP6AXXZ@Z 00419a60 f i LIBCMTD:utility.obj
 0001:00018a90       ??$__crt_fast_encode_pointer@PAP6AXXZ@@YAPAP6AXXZQAP6AXXZ@Z 00419a90 f i LIBCMTD:utility.obj
 0001:00018ad0       ?__crt_rotate_pointer_value@@YAIIH@Z 00419ad0 f i LIBCMTD:utility.obj
 0001:00018ae0       ?configure_argv@__scrt_narrow_argv_policy@@SAHXZ 00419ae0 f i LIBCMTD:utility.obj
 0001:00018bb0       ?initialize_environment@__scrt_narrow_environment_policy@@SAHXZ 00419bb0 f i LIBCMTD:utility.obj
 0001:00018c50       _NtCurrentTeb              00419c50 f i LIBCMTD:utility.obj
 0001:00018c60       ___scrt_acquire_startup_lock 00419c60 f   LIBCMTD:utility.obj
 0001:00018cc0       ___scrt_dllmain_after_initialize_c 00419cc0 f   LIBCMTD:utility.obj
 0001:00018d00       ___scrt_dllmain_before_initialize_c 00419d00 f   LIBCMTD:utility.obj
 0001:00018d30       ___scrt_dllmain_crt_thread_attach 00419d30 f   LIBCMTD:utility.obj
 0001:00018d70       ___scrt_dllmain_crt_thread_detach 00419d70 f   LIBCMTD:utility.obj
 0001:00018d90       ___scrt_dllmain_exception_filter 00419d90 f   LIBCMTD:utility.obj
 0001:00018df0       ___scrt_dllmain_uninitialize_c 00419df0 f   LIBCMTD:utility.obj
 0001:00018e30       ___scrt_dllmain_uninitialize_critical 00419e30 f   LIBCMTD:utility.obj
 0001:00018e50       ___scrt_initialize_crt     00419e50 f   LIBCMTD:utility.obj
 0001:00018eb0       ___scrt_initialize_onexit_tables 00419eb0 f   LIBCMTD:utility.obj
 0001:00018fd0       ___scrt_is_nonwritable_in_current_image 00419fd0 f   LIBCMTD:utility.obj
 0001:00019150       ___scrt_release_startup_lock 0041a150 f   LIBCMTD:utility.obj
 0001:00019180       ___scrt_uninitialize_crt   0041a180 f   LIBCMTD:utility.obj
 0001:000191d0       __onexit                   0041a1d0 f   LIBCMTD:utility.obj
 0001:00019260       _at_quick_exit             0041a260 f   LIBCMTD:utility.obj
 0001:000192c0       _atexit                    0041a2c0 f   LIBCMTD:utility.obj
 0001:00019300       ___raise_securityfailure   0041a300 f   LIBCMTD:gs_report.obj
 0001:00019340       ___report_gsfailure        0041a340 f   LIBCMTD:gs_report.obj
 0001:00019490       ___report_rangecheckfailure 0041a490 f   LIBCMTD:gs_report.obj
 0001:000194a0       ___report_securityfailure  0041a4a0 f   LIBCMTD:gs_report.obj
 0001:000195b0       ___report_securityfailureEx 0041a5b0 f   LIBCMTD:gs_report.obj
 0001:00019b20       ?set_app_type@__scrt_main_policy@@SAXXZ 0041ab20 f i LIBCMTD:exe_main.obj
 0001:00019b40       ?set_commode@__scrt_file_policy@@SAXXZ 0041ab40 f i LIBCMTD:exe_main.obj
 0001:00019b60       ?set_fmode@__scrt_file_policy@@SAXXZ 0041ab60 f i LIBCMTD:exe_main.obj
 0001:00019b80       _mainCRTStartup            0041ab80 f   LIBCMTD:exe_main.obj
 0001:00019b90       ??3@YAXPAX@Z               0041ab90 f   LIBCMTD:delete_scalar.obj
 0001:00019bb0       ??0bad_alloc@std@@AAE@QBD@Z 0041abb0 f i LIBCMTD:throw_bad_alloc.obj
 0001:00019be0       ??0bad_alloc@std@@QAE@ABV01@@Z 0041abe0 f i LIBCMTD:throw_bad_alloc.obj
 0001:00019c10       ??0bad_alloc@std@@QAE@XZ   0041ac10 f i LIBCMTD:throw_bad_alloc.obj
 0001:00019c40       ??0bad_array_new_length@std@@QAE@ABV01@@Z 0041ac40 f i LIBCMTD:throw_bad_alloc.obj
 0001:00019c70       ??0bad_array_new_length@std@@QAE@XZ 0041ac70 f i LIBCMTD:throw_bad_alloc.obj
 0001:00019ca0       ??0exception@std@@QAE@ABV01@@Z 0041aca0 f i LIBCMTD:throw_bad_alloc.obj
 0001:00019cf0       ??0exception@std@@QAE@QBDH@Z 0041acf0 f i LIBCMTD:throw_bad_alloc.obj
 0001:00019d30       ??1bad_alloc@std@@UAE@XZ   0041ad30 f i LIBCMTD:throw_bad_alloc.obj
 0001:00019d50       ??1bad_array_new_length@std@@UAE@XZ 0041ad50 f i LIBCMTD:throw_bad_alloc.obj
 0001:00019d70       ??1exception@std@@UAE@XZ   0041ad70 f i LIBCMTD:throw_bad_alloc.obj
 0001:00019da0       ??_Gbad_alloc@std@@UAEPAXI@Z 0041ada0 f i LIBCMTD:throw_bad_alloc.obj
 0001:00019da0       ??_Ebad_alloc@std@@UAEPAXI@Z 0041ada0 f i LIBCMTD:throw_bad_alloc.obj
 0001:00019de0       ??_Ebad_array_new_length@std@@UAEPAXI@Z 0041ade0 f i LIBCMTD:throw_bad_alloc.obj
 0001:00019de0       ??_Gbad_array_new_length@std@@UAEPAXI@Z 0041ade0 f i LIBCMTD:throw_bad_alloc.obj
 0001:00019e20       ??_Eexception@std@@UAEPAXI@Z 0041ae20 f i LIBCMTD:throw_bad_alloc.obj
 0001:00019e20       ??_Gexception@std@@UAEPAXI@Z 0041ae20 f i LIBCMTD:throw_bad_alloc.obj
 0001:00019e60       ?__scrt_throw_std_bad_alloc@@YAXXZ 0041ae60 f   LIBCMTD:throw_bad_alloc.obj
 0001:00019e90       ?__scrt_throw_std_bad_array_new_length@@YAXXZ 0041ae90 f   LIBCMTD:throw_bad_alloc.obj
 0001:00019ec0       ?what@exception@std@@UBEPBDXZ 0041aec0 f i LIBCMTD:throw_bad_alloc.obj
 0001:00019f00       ___isa_available_init      0041af00 f   LIBCMTD:cpu_disp.obj
 0001:0001a290       __get_startup_argv_mode    0041b290 f   LIBCMTD:argv_mode.obj
 0001:0001a2a0       ___scrt_is_ucrt_dll_in_use 0041b2a0 f   LIBCMTD:ucrt_detection.obj
 0001:0001a2d0       ___scrt_fastfail           0041b2d0 f   LIBCMTD:utility_desktop.obj
 0001:0001a460       ___scrt_get_show_window_mode 0041b460 f   LIBCMTD:utility_desktop.obj
 0001:0001a4b0       ___scrt_initialize_mta     0041b4b0 f   LIBCMTD:utility_desktop.obj
 0001:0001a4c0       ___scrt_initialize_winrt   0041b4c0 f   LIBCMTD:utility_desktop.obj
 0001:0001a4d0       ___scrt_is_managed_app     0041b4d0 f   LIBCMTD:utility_desktop.obj
 0001:0001a580       ___scrt_set_unhandled_exception_filter 0041b580 f   LIBCMTD:utility_desktop.obj
 0001:0001a5a0       ___scrt_exe_initialize_mta 0041b5a0 f   LIBCMTD:utility_desktop.obj
 0001:0001a5a0       ___scrt_stub_for_initialize_mta 0041b5a0 f   LIBCMTD:utility_desktop.obj
 0001:0001a5b0       ___scrt_unhandled_exception_filter@4 0041b5b0 f   LIBCMTD:utility_desktop.obj
 0001:0001a630       __crt_debugger_hook        0041b630 f   LIBCMTD:utility_desktop.obj
 0001:0001a650       @_guard_check_icall_nop@4  0041b650 f i LIBCMTD:guard_support.obj
 0001:0001a660       _ReadNoFence               0041b660 f i LIBCMTD:guard_support.obj
 0001:0001a680       _ReadPointerNoFence        0041b680 f i LIBCMTD:guard_support.obj
 0001:0001a6a0       __guard_icall_checks_enforced 0041b6a0 f i LIBCMTD:guard_support.obj
 0001:0001a770       ___security_init_cookie    0041b770 f   LIBCMTD:gs_support.obj
 0001:0001a810       __matherr                  0041b810 f   LIBCMTD:matherr.obj
 0001:0001a820       __get_startup_commit_mode  0041b820 f   LIBCMTD:commit_mode.obj
 0001:0001a830       __get_startup_file_mode    0041b830 f   LIBCMTD:file_mode.obj
 0001:0001a840       __get_startup_new_mode     0041b840 f   LIBCMTD:new_mode.obj
 0001:0001a850       __get_startup_thread_locale_mode 0041b850 f   LIBCMTD:thread_locale.obj
 0001:0001a860       ?__scrt_initialize_type_info@@YAXXZ 0041b860 f   LIBCMTD:tncleanup.obj
 0001:0001a880       ?__scrt_uninitialize_type_info@@YAXXZ 0041b880 f   LIBCMTD:tncleanup.obj
 0001:0001a8a0       __should_initialize_environment 0041b8a0 f   LIBCMTD:env_mode.obj
 0001:0001a8b0       __initialize_default_precision 0041b8b0 f   LIBCMTD:default_precision.obj
 0001:0001a8e0       __initialize_invalid_parameter_handler 0041b8e0 f   LIBCMTD:invalid_parameter_handler.obj
 0001:0001a8f0       __initialize_denormal_control 0041b8f0 f   LIBCMTD:denormal_control.obj
 0001:0001a900       ___local_stdio_scanf_options 0041b900 f i LIBCMTD:default_local_stdio_options.obj
 0001:0001a910       ___scrt_initialize_default_local_stdio_options 0041b910 f   LIBCMTD:default_local_stdio_options.obj
 0001:0001a960       ___scrt_is_user_matherr_present 0041b960 f   LIBCMTD:matherr_detection.obj
 0001:0001a990       ___scrt_get_dyn_tls_init_callback 0041b990 f   LIBCMTD:dyn_tls_init.obj
 0001:0001a9a0       ___scrt_get_dyn_tls_dtor_callback 0041b9a0 f   LIBCMTD:dyn_tls_dtor.obj
 0001:0001a9b0       __RTC_Initialize           0041b9b0 f   LIBCMTD:initsect.obj
 0001:0001a9f0       __RTC_Terminate            0041b9f0 f   LIBCMTD:initsect.obj
 0001:0001aa30       ??$?0AAViterator@TryBlockMap@__FrameHandler3@@AAV012@$0A@@?$pair@Viterator@TryBlockMap@__FrameHandler3@@V123@@std@@QAE@AAViterator@TryBlockMap@__FrameHandler3@@0@Z 0041ba30 f i libvcruntimed:trnsctrl.obj
 0001:0001aa90       ??$forward@AAViterator@TryBlockMap@__FrameHandler3@@@std@@YAAAViterator@TryBlockMap@__FrameHandler3@@AAV123@@Z 0041ba90 f i libvcruntimed:trnsctrl.obj
 0001:0001aaa0       ??0iterator@TryBlockMap@__FrameHandler3@@QAE@AAV12@I@Z 0041baa0 f i libvcruntimed:trnsctrl.obj
 0001:0001aad0       ?GetRangeOfTrysToCheck@__FrameHandler3@@SA?AU?$pair@Viterator@TryBlockMap@__FrameHandler3@@V123@@std@@AAVTryBlockMap@1@HH@Z 0041bad0 f   libvcruntimed:trnsctrl.obj
 0001:0001ac00       ?_CallCatchBlock2@@YAPAXPAUEHRegistrationNode@@PBU_s_FuncInfo@@PAXHK@Z 0041bc00 f   libvcruntimed:trnsctrl.obj
 0001:0001ac90       ?_CallSETranslator@@YAHPAUEHExceptionRecord@@PAUEHRegistrationNode@@PAX2PBU_s_FuncInfo@@H1@Z 0041bc90 f   libvcruntimed:trnsctrl.obj
 0001:0001adc0       ?_JumpToContinuation@@YGXPAXPAUEHRegistrationNode@@@Z 0041bdc0 f   libvcruntimed:trnsctrl.obj
 0001:0001ae00       ?_UnwindNestedFrames@@YGXPAUEHRegistrationNode@@PAUEHExceptionRecord@@@Z 0041be00 f   libvcruntimed:trnsctrl.obj
 0001:0001ae70       ?getFuncInfo@TryBlockMap@__FrameHandler3@@QAEPBU_s_FuncInfo@@XZ 0041be70 f i libvcruntimed:trnsctrl.obj
 0001:0001ae90       __CatchGuardHandler        0041be90 f   libvcruntimed:trnsctrl.obj
 0001:0001aef0       __CreateFrameInfo          0041bef0 f   libvcruntimed:trnsctrl.obj
 0001:0001af30       __FindAndUnlinkFrame       0041bf30 f   libvcruntimed:trnsctrl.obj
 0001:0001afc0       __TranslatorGuardHandler   0041bfc0 f   libvcruntimed:trnsctrl.obj
 0001:0001b0a0       ___CxxFrameHandler         0041c0a0 f   libvcruntimed:trnsctrl.obj
 0001:0001b0f0       ___CxxFrameHandler2        0041c0f0 f   libvcruntimed:trnsctrl.obj
 0001:0001b140       ___CxxFrameHandler3        0041c140 f   libvcruntimed:trnsctrl.obj
 0001:0001b190       ___CxxLongjmpUnwind@4      0041c190 f   libvcruntimed:trnsctrl.obj
 0001:0001b1e0       ??$__crt_fast_decode_pointer@P6AXXZ@@YAP6AXXZQ6AXXZ@Z 0041c1e0 f i libvcruntimed:purevirt.obj
 0001:0001b210       ??$__crt_fast_encode_pointer@P6AXXZ@@YAP6AXXZQ6AXXZ@Z 0041c210 f i libvcruntimed:purevirt.obj
 0001:0001b250       ??$__crt_interlocked_exchange_pointer@$$A6AXXZP6AXXZ@@YAP6AXXZPDS6AXXZQ6AXXZ@Z 0041c250 f i libvcruntimed:purevirt.obj
 0001:0001b260       ??$__crt_interlocked_read_pointer@$$A6AXXZ@@YAP6AXXZPDS6AXXZ@Z 0041c260 f i libvcruntimed:purevirt.obj
 0001:0001b280       ?__crt_interlocked_read_32@@YAHPDH@Z 0041c280 f i libvcruntimed:purevirt.obj
 0001:0001b2a0       __get_purecall_handler     0041c2a0 f   libvcruntimed:purevirt.obj
 0001:0001b2d0       __purecall                 0041c2d0 f   libvcruntimed:purevirt.obj
 0001:0001b310       __set_purecall_handler     0041c310 f   libvcruntimed:purevirt.obj
 0001:0001b350       _memcpy                    0041c350 f   libvcruntimed:memcpy.obj
 0001:0001ba30       _strrchr                   0041ca30 f   libvcruntimed:strrchr.obj
 0001:0001bbc0       _memset                    0041cbc0 f   libvcruntimed:memset.obj
 0001:0001bd70       ___vcrt_initialize         0041cd70 f   libvcruntimed:initialization.obj
 0001:0001bdc0       ___vcrt_thread_attach      0041cdc0 f   libvcruntimed:initialization.obj
 0001:0001bde0       ___vcrt_thread_detach      0041cde0 f   libvcruntimed:initialization.obj
 0001:0001be00       ___vcrt_uninitialize       0041ce00 f   libvcruntimed:initialization.obj
 0001:0001be30       ___vcrt_uninitialize_critical 0041ce30 f   libvcruntimed:initialization.obj
 0001:0001bed0       __except_handler4          0041ced0 f   libvcruntimed:chandler4.obj
 0001:0001c120       ??$?RD@__crt_public_free_policy@@QBEXQBD@Z 0041d120 f i libvcruntimed:std_exception.obj
 0001:0001c140       ??0?$__crt_unique_heap_ptr@DU__crt_public_free_policy@@@@QAE@QAD@Z 0041d140 f i libvcruntimed:std_exception.obj
 0001:0001c160       ??1?$__crt_unique_heap_ptr@DU__crt_public_free_policy@@@@QAE@XZ 0041d160 f i libvcruntimed:std_exception.obj
 0001:0001c180       ??B?$__crt_unique_heap_ptr@DU__crt_public_free_policy@@@@QBE_NXZ 0041d180 f i libvcruntimed:std_exception.obj
 0001:0001c1a0       ?detach@?$__crt_unique_heap_ptr@DU__crt_public_free_policy@@@@QAEPADXZ 0041d1a0 f i libvcruntimed:std_exception.obj
 0001:0001c1d0       ?get@?$__crt_unique_heap_ptr@DU__crt_public_free_policy@@@@QBEPADXZ 0041d1d0 f i libvcruntimed:std_exception.obj
 0001:0001c1f0       ?is_valid@?$__crt_unique_heap_ptr@DU__crt_public_free_policy@@@@QBE_NXZ 0041d1f0 f i libvcruntimed:std_exception.obj
 0001:0001c230       ?release@?$__crt_unique_heap_ptr@DU__crt_public_free_policy@@@@QAEXXZ 0041d230 f i libvcruntimed:std_exception.obj
 0001:0001c260       ___std_exception_copy      0041d260 f   libvcruntimed:std_exception.obj
 0001:0001c380       ___std_exception_destroy   0041d380 f   libvcruntimed:std_exception.obj
 0001:0001c3c0       __CxxThrowException@8      0041d3c0 f   libvcruntimed:throw.obj
 0001:0001c4e0       ??$?RD@__crt_internal_free_policy@@QBEXQBD@Z 0041d4e0 f i libvcruntimed:std_type_info.obj
 0001:0001c510       ??$?RX@__crt_internal_free_policy@@QBEXQBX@Z 0041d510 f i libvcruntimed:std_type_info.obj
 0001:0001c540       ??$__crt_interlocked_compare_exchange_pointer@$$CBDPAD$$T@@YAPBDPDSBDQAD$$T@Z 0041d540 f i libvcruntimed:std_type_info.obj
 0001:0001c560       ??$__crt_interlocked_read_pointer@$$CBD@@YAPBDPDSBD@Z 0041d560 f i libvcruntimed:std_type_info.obj
 0001:0001c580       ??0?$__crt_unique_heap_ptr@DU__crt_internal_free_policy@@@@QAE@QAD@Z 0041d580 f i libvcruntimed:std_type_info.obj
 0001:0001c5a0       ??0?$__crt_unique_heap_ptr@XU__crt_internal_free_policy@@@@QAE@QAX@Z 0041d5a0 f i libvcruntimed:std_type_info.obj
 0001:0001c5c0       ??1?$__crt_unique_heap_ptr@DU__crt_internal_free_policy@@@@QAE@XZ 0041d5c0 f i libvcruntimed:std_type_info.obj
 0001:0001c5e0       ??1?$__crt_unique_heap_ptr@XU__crt_internal_free_policy@@@@QAE@XZ 0041d5e0 f i libvcruntimed:std_type_info.obj
 0001:0001c640       ??B?$__crt_unique_heap_ptr@DU__crt_internal_free_policy@@@@QBE_NXZ 0041d640 f i libvcruntimed:std_type_info.obj
 0001:0001c660       ??B?$__crt_unique_heap_ptr@XU__crt_internal_free_policy@@@@QBE_NXZ 0041d660 f i libvcruntimed:std_type_info.obj
 0001:0001c6e0       ?detach@?$__crt_unique_heap_ptr@XU__crt_internal_free_policy@@@@QAEPAXXZ 0041d6e0 f i libvcruntimed:std_type_info.obj
 0001:0001c710       ?get@?$__crt_unique_heap_ptr@DU__crt_internal_free_policy@@@@QBEPADXZ 0041d710 f i libvcruntimed:std_type_info.obj
 0001:0001c730       ?get@?$__crt_unique_heap_ptr@XU__crt_internal_free_policy@@@@QBEPAXXZ 0041d730 f i libvcruntimed:std_type_info.obj
 0001:0001c750       ?is_valid@?$__crt_unique_heap_ptr@DU__crt_internal_free_policy@@@@QBE_NXZ 0041d750 f i libvcruntimed:std_type_info.obj
 0001:0001c790       ?is_valid@?$__crt_unique_heap_ptr@XU__crt_internal_free_policy@@@@QBE_NXZ 0041d790 f i libvcruntimed:std_type_info.obj
 0001:0001c7d0       ?release@?$__crt_unique_heap_ptr@DU__crt_internal_free_policy@@@@QAEXXZ 0041d7d0 f i libvcruntimed:std_type_info.obj
 0001:0001c800       ?release@?$__crt_unique_heap_ptr@XU__crt_internal_free_policy@@@@QAEXXZ 0041d800 f i libvcruntimed:std_type_info.obj
 0001:0001c830       ___std_type_info_compare   0041d830 f   libvcruntimed:std_type_info.obj
 0001:0001c860       ___std_type_info_destroy_list 0041d860 f   libvcruntimed:std_type_info.obj
 0001:0001c8b0       ___std_type_info_hash      0041d8b0 f   libvcruntimed:std_type_info.obj
 0001:0001c920       ___std_type_info_name      0041d920 f   libvcruntimed:std_type_info.obj
 0001:0001cb80       ??$?RU__vcrt_ptd@@@__crt_internal_free_policy@@QBEXQBU__vcrt_ptd@@@Z 0041db80 f i libvcruntimed:per_thread_data.obj
 0001:0001cbb0       ??0?$__crt_unique_heap_ptr@U__vcrt_ptd@@U__crt_internal_free_policy@@@@QAE@QAU__vcrt_ptd@@@Z 0041dbb0 f i libvcruntimed:per_thread_data.obj
 0001:0001cbf0       ??1?$__crt_unique_heap_ptr@U__vcrt_ptd@@U__crt_internal_free_policy@@@@QAE@XZ 0041dbf0 f i libvcruntimed:per_thread_data.obj
 0001:0001cc30       ??B?$__crt_unique_heap_ptr@U__vcrt_ptd@@U__crt_internal_free_policy@@@@QBE_NXZ 0041dc30 f i libvcruntimed:per_thread_data.obj
 0001:0001cc50       ?detach@?$__crt_unique_heap_ptr@U__vcrt_ptd@@U__crt_internal_free_policy@@@@QAEPAU__vcrt_ptd@@XZ 0041dc50 f i libvcruntimed:per_thread_data.obj
 0001:0001cc80       ?get@?$__crt_unique_heap_ptr@U__vcrt_ptd@@U__crt_internal_free_policy@@@@QBEPAU__vcrt_ptd@@XZ 0041dc80 f i libvcruntimed:per_thread_data.obj
 0001:0001cca0       ?is_valid@?$__crt_unique_heap_ptr@U__vcrt_ptd@@U__crt_internal_free_policy@@@@QBE_NXZ 0041dca0 f i libvcruntimed:per_thread_data.obj
 0001:0001cce0       ?release@?$__crt_unique_heap_ptr@U__vcrt_ptd@@U__crt_internal_free_policy@@@@QAEXXZ 0041dce0 f i libvcruntimed:per_thread_data.obj
 0001:0001cd40       ___vcrt_freefls@4          0041dd40 f   libvcruntimed:per_thread_data.obj
 0001:0001cd70       ___vcrt_freeptd            0041dd70 f   libvcruntimed:per_thread_data.obj
 0001:0001cde0       ___vcrt_getptd             0041dde0 f   libvcruntimed:per_thread_data.obj
 0001:0001ce10       ___vcrt_getptd_noexit      0041de10 f   libvcruntimed:per_thread_data.obj
 0001:0001cfc0       ___vcrt_getptd_noinit      0041dfc0 f   libvcruntimed:per_thread_data.obj
 0001:0001d030       ___vcrt_initialize_ptd     0041e030 f   libvcruntimed:per_thread_data.obj
 0001:0001d090       ___vcrt_uninitialize_ptd   0041e090 f   libvcruntimed:per_thread_data.obj
 0001:0001df70       ??$TypeMatchHelper@V__FrameHandler3@@@@YAHPBU_s_HandlerType@@PBU_s_CatchableType@@PBU_s_ThrowInfo@@@Z 0041ef70 f i libvcruntimed:frame.obj
 0001:0001e080       ??$__InternalCxxFrameHandler@V__FrameHandler3@@@@YA?AW4_EXCEPTION_DISPOSITION@@PAUEHExceptionRecord@@PAUEHRegistrationNode@@PAU_CONTEXT@@PAXPBU_s_FuncInfo@@H1E@Z 0041f080 f i libvcruntimed:frame.obj
 0001:0001e2d0       ??0HandlerMap@__FrameHandler3@@QAE@PBU_s_TryBlockMapEntry@@PAX@Z 0041f2d0 f i libvcruntimed:frame.obj
 0001:0001e300       ??0TryBlockMap@__FrameHandler3@@QAE@PBU_s_FuncInfo@@PAX@Z 0041f300 f i libvcruntimed:frame.obj
 0001:0001e330       ??0bad_exception@std@@QAE@ABV01@@Z 0041f330 f i libvcruntimed:frame.obj
 0001:0001e360       ??0bad_exception@std@@QAE@XZ 0041f360 f i libvcruntimed:frame.obj
 0001:0001e390       ??0iterator@HandlerMap@__FrameHandler3@@QAE@AAV12@I@Z 0041f390 f i libvcruntimed:frame.obj
 0001:0001e3c0       ??1bad_exception@std@@UAE@XZ 0041f3c0 f i libvcruntimed:frame.obj
 0001:0001e3e0       ??8iterator@HandlerMap@__FrameHandler3@@QBE_NABV012@@Z 0041f3e0 f i libvcruntimed:frame.obj
 0001:0001e420       ??8type_info@@QBE_NABV0@@Z 0041f420 f i libvcruntimed:frame.obj
 0001:0001e470       ??9iterator@HandlerMap@__FrameHandler3@@QBE_NABV012@@Z 0041f470 f i libvcruntimed:frame.obj
 0001:0001e4c0       ??Diterator@HandlerMap@__FrameHandler3@@QAEPBU_s_HandlerType@@XZ 0041f4c0 f i libvcruntimed:frame.obj
 0001:0001e4f0       ??Diterator@TryBlockMap@__FrameHandler3@@QAEPBU_s_TryBlockMapEntry@@XZ 0041f4f0 f i libvcruntimed:frame.obj
 0001:0001e520       ??Eiterator@HandlerMap@__FrameHandler3@@QAEAAV012@XZ 0041f520 f i libvcruntimed:frame.obj
 0001:0001e550       ??Eiterator@TryBlockMap@__FrameHandler3@@QAEAAV012@XZ 0041f550 f i libvcruntimed:frame.obj
 0001:0001e580       ??Miterator@TryBlockMap@__FrameHandler3@@QBE_NABV012@@Z 0041f580 f i libvcruntimed:frame.obj
 0001:0001e5c0       ??_Ebad_exception@std@@UAEPAXI@Z 0041f5c0 f i libvcruntimed:frame.obj
 0001:0001e5c0       ??_Gbad_exception@std@@UAEPAXI@Z 0041f5c0 f i libvcruntimed:frame.obj
 0001:0001e600       ?BuildCatchObject@__FrameHandler3@@SAXPAUEHExceptionRecord@@PAXPBU_s_HandlerType@@PBU_s_CatchableType@@@Z 0041f600 f   libvcruntimed:frame.obj
 0001:0001e630       ?BuildCatchObjectHelper@__FrameHandler3@@SAHPAUEHExceptionRecord@@PAXPBU_s_HandlerType@@PBU_s_CatchableType@@@Z 0041f630 f   libvcruntimed:frame.obj
 0001:0001eab0       ?FrameUnwindToEmptyState@__FrameHandler3@@SAXPAUEHRegistrationNode@@PAXPBU_s_FuncInfo@@@Z 0041fab0 f   libvcruntimed:frame.obj
 0001:0001eae0       ?FrameUnwindToState@__FrameHandler3@@SAXPAUEHRegistrationNode@@PAXPBU_s_FuncInfo@@H@Z 0041fae0 f   libvcruntimed:frame.obj
 0001:0001ecc0       ?GetMaxState@__FrameHandler3@@SAHPAXPBU_s_FuncInfo@@@Z 0041fcc0 f i libvcruntimed:frame.obj
 0001:0001ee20       ?TypeMatch@__FrameHandler3@@SAHPBU_s_HandlerType@@PBU_s_CatchableType@@PBU_s_ThrowInfo@@@Z 0041fe20 f   libvcruntimed:frame.obj
 0001:0001ee40       ?_CallMemberFunction1@@YGXQAX00@Z 0041fe40 f i libvcruntimed:frame.obj
 0001:0001ee60       ?_CallMemberFunction2@@YGXQAX00H@Z 0041fe60 f i libvcruntimed:frame.obj
 0001:0001ee90       ?_ValidateExecute@@YA_NP6GHXZ@Z 0041fe90 f i libvcruntimed:frame.obj
 0001:0001eeb0       ?_ValidateRead@@YA_NPBXI@Z 0041feb0 f i libvcruntimed:frame.obj
 0001:0001eed0       ?_ValidateWrite@@YA_NPAXI@Z 0041fed0 f i libvcruntimed:frame.obj
 0001:0001eef0       ?begin@HandlerMap@__FrameHandler3@@QAE?AViterator@12@XZ 0041fef0 f i libvcruntimed:frame.obj
 0001:0001ef20       ?end@HandlerMap@__FrameHandler3@@QAE?AViterator@12@XZ 0041ff20 f i libvcruntimed:frame.obj
 0001:0001ef50       ?getESTypes@__FrameHandler3@@SAPBU_s_ESTypeList@@PBU_s_FuncInfo@@@Z 0041ff50 f i libvcruntimed:frame.obj
 0001:0001ef60       ?getLastEntry@HandlerMap@__FrameHandler3@@QAEPBU_s_HandlerType@@XZ 0041ff60 f i libvcruntimed:frame.obj
 0001:0001ef90       ?getMagicNum@__FrameHandler3@@SAIPBU_s_FuncInfo@@@Z 0041ff90 f i libvcruntimed:frame.obj
 0001:0001efb0       ?getNumTryBlocks@TryBlockMap@__FrameHandler3@@QAEIXZ 0041ffb0 f i libvcruntimed:frame.obj
 0001:0001efd0       ?isEHs@__FrameHandler3@@SA_NPBU_s_FuncInfo@@@Z 0041ffd0 f i libvcruntimed:frame.obj
 0001:0001f000       ?isNoExcept@__FrameHandler3@@SA_NPBU_s_FuncInfo@@@Z 00420000 f i libvcruntimed:frame.obj
 0001:0001f030       ___BuildCatchObject        00420030 f   libvcruntimed:frame.obj
 0001:0001f060       ___BuildCatchObjectHelper  00420060 f   libvcruntimed:frame.obj
 0001:0001f090       ___TypeMatch               00420090 f   libvcruntimed:frame.obj
 0001:0001f0b0       ___vcrt_EncodePointer      004200b0 f i libvcruntimed:frame.obj
 0001:0001f0d0       __CallSettingFrame@12      004200d0 f   libvcruntimed:lowhelpr.obj
 0001:0001f0f7       __NLG_Return               004200f7     libvcruntimed:lowhelpr.obj
 0001:0001f140       ___except_validate_context_record 00420140 f   libvcruntimed:jbcxrval.obj
 0001:0001f1a0       ___except_validate_jump_buffer 004201a0 f   libvcruntimed:jbcxrval.obj
 0001:0001f1c0       ___except_validate_jump_buffer_common 004201c0 f i libvcruntimed:jbcxrval.obj
 0001:0001f230       ??$?B$$A6AXXZ@__crt_fast_encoded_nullptr_t@@QBEP6AXXZXZ 00420230 f i libvcruntimed:purevirt_data.obj
 0001:0001f250       ?__crt_fast_encode_pointer@@YA?AU__crt_fast_encoded_nullptr_t@@$$T@Z 00420250 f i libvcruntimed:purevirt_data.obj
 0001:0001f260       ___vcrt_initialize_pure_virtual_call_handler 00420260 f   libvcruntimed:purevirt_data.obj
 0001:0001f290       ___vcrt_initialize_locks   00420290 f   libvcruntimed:locks.obj
 0001:0001f300       ___vcrt_lock               00420300 f   libvcruntimed:locks.obj
 0001:0001f320       ___vcrt_uninitialize_locks 00420320 f   libvcruntimed:locks.obj
 0001:0001f380       ___vcrt_unlock             00420380 f   libvcruntimed:locks.obj
 0001:0001f3a0       ??$?BX@__crt_fast_encoded_nullptr_t@@QBEPAXXZ 004203a0 f i libvcruntimed:winapi_downlevel.obj
 0001:0001f3c0       ??$__crt_fast_decode_pointer@PAX@@YAPAXQAX@Z 004203c0 f i libvcruntimed:winapi_downlevel.obj
 0001:0001f3f0       ??$__crt_fast_encode_pointer@PAX@@YAPAXQAX@Z 004203f0 f i libvcruntimed:winapi_downlevel.obj
 0001:0001f430       ??$__crt_interlocked_exchange_pointer@UHINSTANCE__@@PAU1@@@YAPAUHINSTANCE__@@PDSAU0@QAU0@@Z 00420430 f i libvcruntimed:winapi_downlevel.obj
 0001:0001f440       ??$__crt_interlocked_exchange_pointer@UHINSTANCE__@@PAX@@YAPAUHINSTANCE__@@PDSAU0@QAX@Z 00420440 f i libvcruntimed:winapi_downlevel.obj
 0001:0001f450       ??$__crt_interlocked_exchange_pointer@XPAX@@YAPAXPDSAXQAX@Z 00420450 f i libvcruntimed:winapi_downlevel.obj
 0001:0001f460       ??$__crt_interlocked_read_pointer@UHINSTANCE__@@@@YAPAUHINSTANCE__@@PDSAU0@@Z 00420460 f i libvcruntimed:winapi_downlevel.obj
 0001:0001f480       ??$__crt_interlocked_read_pointer@X@@YAPAXPDSAX@Z 00420480 f i libvcruntimed:winapi_downlevel.obj
 0001:0001f990       ___vcrt_FlsAlloc           00420990 f   libvcruntimed:winapi_downlevel.obj
 0001:0001f9e0       ___vcrt_FlsFree            004209e0 f   libvcruntimed:winapi_downlevel.obj
 0001:0001fa30       ___vcrt_FlsGetValue        00420a30 f   libvcruntimed:winapi_downlevel.obj
 0001:0001fa80       ___vcrt_FlsSetValue        00420a80 f   libvcruntimed:winapi_downlevel.obj
 0001:0001fae0       ___vcrt_InitializeCriticalSectionEx 00420ae0 f   libvcruntimed:winapi_downlevel.obj
 0001:0001fb40       ___vcrt_initialize_winapi_thunks 00420b40 f   libvcruntimed:winapi_downlevel.obj
 0001:0001fbc0       ___vcrt_uninitialize_winapi_thunks 00420bc0 f   libvcruntimed:winapi_downlevel.obj
 0001:0001fc50       __local_unwind4            00420c50 f   libvcruntimed:exsup4.obj
 0001:0001fd28       __seh_longjmp_unwind4@4    00420d28 f   libvcruntimed:exsup4.obj
 0001:0001fd50       @_EH4_CallFilterFunc@8     00420d50 f   libvcruntimed:exsup4.obj
 0001:0001fd68       @_EH4_TransferToHandler@8  00420d68 f   libvcruntimed:exsup4.obj
 0001:0001fd84       @_EH4_GlobalUnwind2@8      00420d84 f   libvcruntimed:exsup4.obj
 0001:0001fda0       @_EH4_LocalUnwind@16       00420da0 f   libvcruntimed:exsup4.obj
 0001:0001fe10       ??0Block@_HeapManager@@QAE@XZ 00420e10 f i libvcruntimed:undname.obj
 0001:0001fe30       ??0DName@@QAE@AAPBDD@Z     00420e30 f   libvcruntimed:undname.obj
 0001:000200e0       ??0DName@@QAE@ABV0@@Z      004210e0 f i libvcruntimed:undname.obj
 0001:00020110       ??0DName@@QAE@D@Z          00421110 f   libvcruntimed:undname.obj
 0001:00020160       ??0DName@@QAE@PAV0@@Z      00421160 f   libvcruntimed:undname.obj
 0001:00020240       ??0DName@@QAE@PBD@Z        00421240 f   libvcruntimed:undname.obj
 0001:000202b0       ??0DName@@QAE@W4DNameStatus@@@Z 004212b0 f   libvcruntimed:undname.obj
 0001:00020370       ??0DName@@QAE@XZ           00421370 f i libvcruntimed:undname.obj
 0001:000203a0       ??0DName@@QAE@_J@Z         004213a0 f   libvcruntimed:undname.obj
 0001:000204c0       ??0DName@@QAE@_K@Z         004214c0 f   libvcruntimed:undname.obj
 0001:00020590       ??0DNameNode@@IAE@XZ       00421590 f i libvcruntimed:undname.obj
 0001:000205b0       ??0Replicator@@QAE@XZ      004215b0 f i libvcruntimed:undname.obj
 0001:00020600       ??0UnDecorator@@QAE@PBDP6APADJ@ZK@Z 00421600 f i libvcruntimed:undname.obj
 0001:000206a0       ??0charNode@@QAE@D@Z       004216a0 f i libvcruntimed:undname.obj
 0001:000206e0       ??0pDNameNode@@QAE@PAVDName@@@Z 004216e0 f   libvcruntimed:undname.obj
 0001:00020760       ??0pairNode@@QAE@PBVDNameNode@@0@Z 00421760 f i libvcruntimed:undname.obj
 0001:000207b0       ??0pcharNode@@QAE@PBDH@Z   004217b0 f   libvcruntimed:undname.obj
 0001:00020890       ??2@YAPAXIAAV_HeapManager@@H@Z 00421890 f i libvcruntimed:undname.obj
 0001:000208b0       ??4DName@@QAEAAV0@ABV0@@Z  004218b0 f   libvcruntimed:undname.obj
 0001:000208e0       ??4DName@@QAEAAV0@D@Z      004218e0 f i libvcruntimed:undname.obj
 0001:00020930       ??4DName@@QAEAAV0@PAV0@@Z  00421930 f   libvcruntimed:undname.obj
 0001:000209f0       ??4DName@@QAEAAV0@PBD@Z    004219f0 f   libvcruntimed:undname.obj
 0001:00020a40       ??4DName@@QAEAAV0@W4DNameStatus@@@Z 00421a40 f   libvcruntimed:undname.obj
 0001:00020ae0       ??AReplicator@@QBE?AVDName@@H@Z 00421ae0 f   libvcruntimed:undname.obj
 0001:00020b60       ??H@YA?AVDName@@DABV0@@Z   00421b60 f i libvcruntimed:undname.obj
 0001:00020ba0       ??H@YA?AVDName@@PBDABV0@@Z 00421ba0 f i libvcruntimed:undname.obj
 0001:00020be0       ??H@YA?AVDName@@W4DNameStatus@@ABV0@@Z 00421be0 f i libvcruntimed:undname.obj
 0001:00020c20       ??HDName@@QBE?AV0@ABV0@@Z  00421c20 f   libvcruntimed:undname.obj
 0001:00020c70       ??HDName@@QBE?AV0@D@Z      00421c70 f   libvcruntimed:undname.obj
 0001:00020cc0       ??HDName@@QBE?AV0@PAV0@@Z  00421cc0 f   libvcruntimed:undname.obj
 0001:00020d10       ??HDName@@QBE?AV0@PBD@Z    00421d10 f   libvcruntimed:undname.obj
 0001:00020d60       ??HDName@@QBE?AV0@W4DNameStatus@@@Z 00421d60 f   libvcruntimed:undname.obj
 0001:00020db0       ??YDName@@QAEAAV0@ABV0@@Z  00421db0 f   libvcruntimed:undname.obj
 0001:00020e40       ??YDName@@QAEAAV0@D@Z      00421e40 f   libvcruntimed:undname.obj
 0001:00020ee0       ??YDName@@QAEAAV0@PAV0@@Z  00421ee0 f   libvcruntimed:undname.obj
 0001:00020fd0       ??YDName@@QAEAAV0@PBD@Z    00421fd0 f   libvcruntimed:undname.obj
 0001:00021090       ??YDName@@QAEAAV0@W4DNameStatus@@@Z 00422090 f   libvcruntimed:undname.obj
 0001:00021110       ??YReplicator@@QAEAAV0@ABVDName@@@Z 00422110 f   libvcruntimed:undname.obj
 0001:000211c0       ??_5DName@@QAEAAV0@ABV0@@Z 004221c0 f   libvcruntimed:undname.obj
 0001:00021230       ?Constructor@_HeapManager@@QAEXP6APAXI@ZP6AXPAX@Z@Z 00422230 f i libvcruntimed:undname.obj
 0001:00021280       ?Destructor@_HeapManager@@QAEXXZ 00422280 f i libvcruntimed:undname.obj
 0001:00021300       ?UScore@UnDecorator@@SAPBDW4Tokens@@@Z 00422300 f   libvcruntimed:undname.obj
 0001:00021340       ?append@DName@@AAEXPBVDNameNode@@@Z 00422340 f   libvcruntimed:undname.obj
 0001:000213f0       ?composeDeclaration@UnDecorator@@CA?AVDName@@ABV2@@Z 004223f0 f i libvcruntimed:undname.obj
 0001:00023ae0       ?dbGetString@DName@@QBEPADXZ 00424ae0 f   libvcruntimed:undname.obj
 0001:00023b10       ?doAccessSpecifiers@UnDecorator@@SAHXZ 00424b10 f i libvcruntimed:undname.obj
 0001:00023b40       ?doAllocationLanguage@UnDecorator@@SAHXZ 00424b40 f i libvcruntimed:undname.obj
 0001:00023b70       ?doAllocationModel@UnDecorator@@SAHXZ 00424b70 f i libvcruntimed:undname.obj
 0001:00023ba0       ?doEcsu@UnDecorator@@SAHXZ 00424ba0 f i libvcruntimed:undname.obj
 0001:00023bd0       ?doEllipsis@UnDecorator@@SAHXZ 00424bd0 f i libvcruntimed:undname.obj
 0001:00023c00       ?doFunctionReturns@UnDecorator@@SAHXZ 00424c00 f i libvcruntimed:undname.obj
 0001:00023c30       ?doMSKeywords@UnDecorator@@SAHXZ 00424c30 f i libvcruntimed:undname.obj
 0001:00023c60       ?doMemberTypes@UnDecorator@@SAHXZ 00424c60 f i libvcruntimed:undname.obj
 0001:00023c90       ?doNameOnly@UnDecorator@@SAHXZ 00424c90 f i libvcruntimed:undname.obj
 0001:00023cb0       ?doNoIdentCharCheck@UnDecorator@@SAHXZ 00424cb0 f i libvcruntimed:undname.obj
 0001:00023cd0       ?doPchar@DName@@AAEXPBDH@Z 00424cd0 f   libvcruntimed:undname.obj
 0001:00023e60       ?doPtr64@UnDecorator@@SAHXZ 00424e60 f i libvcruntimed:undname.obj
 0001:00023e90       ?doRestrictionSpec@UnDecorator@@SAHXZ 00424e90 f i libvcruntimed:undname.obj
 0001:00023ec0       ?doThisTypes@UnDecorator@@SAHXZ 00424ec0 f i libvcruntimed:undname.obj
 0001:00023f00       ?doThrowTypes@UnDecorator@@SAHXZ 00424f00 f i libvcruntimed:undname.obj
 0001:00023f30       ?doTypeOnly@UnDecorator@@SAHXZ 00424f30 f i libvcruntimed:undname.obj
 0001:00023f50       ?doUnderScore@UnDecorator@@SAHXZ 00424f50 f i libvcruntimed:undname.obj
 0001:00023f80       ?getArgumentList@UnDecorator@@CA?AVDName@@XZ 00424f80 f   libvcruntimed:undname.obj
 0001:00024120       ?getArgumentTypes@UnDecorator@@CA?AVDName@@XZ 00425120 f   libvcruntimed:undname.obj
 0001:000242c0       ?getArrayType@UnDecorator@@CA?AVDName@@ABV2@@Z 004252c0 f i libvcruntimed:undname.obj
 0001:000245e0       ?getBasedType@UnDecorator@@CA?AVDName@@XZ 004255e0 f   libvcruntimed:undname.obj
 0001:000246e0       ?getBasicDataType@UnDecorator@@CA?AVDName@@ABV2@@Z 004256e0 f   libvcruntimed:undname.obj
 0001:00024e80       ?getCHPEName@UnDecorator@@QAEPADPADH@Z 00425e80 f i libvcruntimed:undname.obj
 0001:00025040       ?getCallIndex@UnDecorator@@CA?AVDName@@XZ 00426040 f i libvcruntimed:undname.obj
 0001:00025060       ?getCallingConvention@UnDecorator@@CA?AVDName@@XZ 00426060 f   libvcruntimed:undname.obj
 0001:00025300       ?getDataIndirectType@UnDecorator@@CA?AVDName@@ABV2@PBD0H@Z 00426300 f   libvcruntimed:undname.obj
 0001:00025e40       ?getDataIndirectType@UnDecorator@@CA?AVDName@@XZ 00426e40 f i libvcruntimed:undname.obj
 0001:00025e90       ?getDataType@UnDecorator@@CA?AVDName@@PAV2@@Z 00426e90 f   libvcruntimed:undname.obj
 0001:00026000       ?getDecoratedName@UnDecorator@@CA?AVDName@@XZ 00427000 f   libvcruntimed:undname.obj
 0001:00026530       ?getDimension@UnDecorator@@CA?AVDName@@_N@Z 00427530 f   libvcruntimed:undname.obj
 0001:00026890       ?getDispatchTarget@UnDecorator@@CA?AVDName@@XZ 00427890 f   libvcruntimed:undname.obj
 0001:00026960       ?getDisplacement@UnDecorator@@CA?AVDName@@XZ 00427960 f i libvcruntimed:undname.obj
 0001:00026980       ?getECSUDataType@UnDecorator@@CA?AVDName@@XZ 00427980 f   libvcruntimed:undname.obj
 0001:00026bd0       ?getECSUName@UnDecorator@@CA?AVDName@@XZ 00427bd0 f i libvcruntimed:undname.obj
 0001:00026bf0       ?getEnumType@UnDecorator@@CA?AVDName@@XZ 00427bf0 f i libvcruntimed:undname.obj
 0001:00026d90       ?getExtendedDataIndirectType@UnDecorator@@CA?AVDName@@AAPBDAA_NH@Z 00427d90 f   libvcruntimed:undname.obj
 0001:00027080       ?getExternalDataType@UnDecorator@@CA?AVDName@@ABV2@@Z 00428080 f i libvcruntimed:undname.obj
 0001:00027150       ?getFunctionIndirectType@UnDecorator@@CA?AVDName@@ABV2@@Z 00428150 f   libvcruntimed:undname.obj
 0001:000277f0       ?getGuardNumber@UnDecorator@@CA?AVDName@@XZ 004287f0 f i libvcruntimed:undname.obj
 0001:00027810       ?getLastChar@DName@@QBEDXZ 00428810 f i libvcruntimed:undname.obj
 0001:00027860       ?getLastChar@DNameStatusNode@@UBEDXZ 00428860 f i libvcruntimed:undname.obj
 0001:000278a0       ?getLastChar@charNode@@UBEDXZ 004288a0 f i libvcruntimed:undname.obj
 0001:000278c0       ?getLastChar@pDNameNode@@UBEDXZ 004288c0 f i libvcruntimed:undname.obj
 0001:00027900       ?getLastChar@pairNode@@UBEDXZ 00428900 f i libvcruntimed:undname.obj
 0001:00027980       ?getLastChar@pcharNode@@UBEDXZ 00428980 f i libvcruntimed:undname.obj
 0001:000279c0       ?getLexicalFrame@UnDecorator@@CA?AVDName@@XZ 004289c0 f i libvcruntimed:undname.obj
 0001:00027a10       ?getMemory@_HeapManager@@QAEPAXIH@Z 00428a10 f   libvcruntimed:undname.obj
 0001:00027b80       ?getNoexcept@UnDecorator@@CA?AVDName@@XZ 00428b80 f   libvcruntimed:undname.obj
 0001:00027c00       ?getNumberOfDimensions@UnDecorator@@CAHXZ 00428c00 f   libvcruntimed:undname.obj
 0001:00027d40       ?getOperatorName@UnDecorator@@CA?AVDName@@_NPA_N@Z 00428d40 f i libvcruntimed:undname.obj
 0001:00028af0       ?getPointerType@UnDecorator@@CA?AVDName@@ABV2@0@Z 00429af0 f i libvcruntimed:undname.obj
 0001:00028b30       ?getPointerTypeArray@UnDecorator@@CA?AVDName@@ABV2@0@Z 00429b30 f i libvcruntimed:undname.obj
 0001:00028b70       ?getPrimaryDataType@UnDecorator@@CA?AVDName@@ABV2@@Z 00429b70 f   libvcruntimed:undname.obj
 0001:00029060       ?getPtrRefDataType@UnDecorator@@CA?AVDName@@ABV2@H@Z 0042a060 f   libvcruntimed:undname.obj
 0001:00029320       ?getPtrRefType@UnDecorator@@CA?AVDName@@ABV2@0PBD@Z 0042a320 f   libvcruntimed:undname.obj
 0001:000294f0       ?getReferenceType@UnDecorator@@CA?AVDName@@ABV2@0PBD@Z 0042a4f0 f i libvcruntimed:undname.obj
 0001:00029520       ?getRestrictionSpec@UnDecorator@@CA?AVDName@@XZ 0042a520 f   libvcruntimed:undname.obj
 0001:000296f0       ?getReturnType@UnDecorator@@CA?AVDName@@PAV2@@Z 0042a6f0 f   libvcruntimed:undname.obj
 0001:00029750       ?getScope@UnDecorator@@CA?AVDName@@XZ 0042a750 f   libvcruntimed:undname.obj
 0001:00029e50       ?getScopedName@UnDecorator@@CA?AVDName@@XZ 0042ae50 f   libvcruntimed:undname.obj
 0001:00029fe0       ?getSignedDimension@UnDecorator@@CA?AVDName@@XZ 0042afe0 f   libvcruntimed:undname.obj
 0001:0002a080       ?getStorageConvention@UnDecorator@@CA?AVDName@@XZ 0042b080 f i libvcruntimed:undname.obj
 0001:0002a0a0       ?getString@DName@@QBEPADPAD0@Z 0042b0a0 f i libvcruntimed:undname.obj
 0001:0002a110       ?getString@DName@@QBEPADPADH@Z 0042b110 f i libvcruntimed:undname.obj
 0001:0002a1c0       ?getString@DNameStatusNode@@UBEPADPAD0@Z 0042b1c0 f i libvcruntimed:undname.obj
 0001:0002a200       ?getString@charNode@@UBEPADPAD0@Z 0042b200 f i libvcruntimed:undname.obj
 0001:0002a240       ?getString@pDNameNode@@UBEPADPAD0@Z 0042b240 f i libvcruntimed:undname.obj
 0001:0002a290       ?getString@pairNode@@UBEPADPAD0@Z 0042b290 f i libvcruntimed:undname.obj
 0001:0002a340       ?getString@pcharNode@@UBEPADPAD0@Z 0042b340 f i libvcruntimed:undname.obj
 0001:0002a380       ?getStringEncoding@UnDecorator@@CA?AVDName@@PBDH@Z 0042b380 f   libvcruntimed:undname.obj
 0001:0002a4d0       ?getStringHelper@@YAPADPADPBD1H@Z 0042b4d0 f i libvcruntimed:undname.obj
 0001:0002a520       ?getSymbolName@UnDecorator@@CA?AVDName@@XZ 0042b520 f i libvcruntimed:undname.obj
 0001:0002a5d0       ?getTemplateArgumentList@UnDecorator@@CA?AVDName@@XZ 0042b5d0 f   libvcruntimed:undname.obj
 0001:0002aaf0       ?getTemplateConstant@UnDecorator@@CA?AVDName@@XZ 0042baf0 f   libvcruntimed:undname.obj
 0001:0002b2a0       ?getTemplateName@UnDecorator@@CA?AVDName@@_N@Z 0042c2a0 f   libvcruntimed:undname.obj
 0001:0002b4f0       ?getThisType@UnDecorator@@CA?AVDName@@XZ 0042c4f0 f i libvcruntimed:undname.obj
 0001:0002b540       ?getThrowTypes@UnDecorator@@CA?AVDName@@XZ 0042c540 f   libvcruntimed:undname.obj
 0001:0002b590       ?getTypeEncoding@UnDecorator@@CAHXZ 0042c590 f i libvcruntimed:undname.obj
 0001:0002c2c0       ?getUndecoratedName@UnDecorator@@QAEPADPADH@Z 0042d2c0 f i libvcruntimed:undname.obj
 0001:0002c460       ?getVCallThunkType@UnDecorator@@CA?AVDName@@XZ 0042d460 f i libvcruntimed:undname.obj
 0001:0002c4e0       ?getVbTableType@UnDecorator@@CA?AVDName@@ABV2@@Z 0042d4e0 f i libvcruntimed:undname.obj
 0001:0002c500       ?getVdispMapType@UnDecorator@@CA?AVDName@@ABV2@@Z 0042d500 f i libvcruntimed:undname.obj
 0001:0002c590       ?getVfTableType@UnDecorator@@CA?AVDName@@ABV2@@Z 0042d590 f i libvcruntimed:undname.obj
 0001:0002c7f0       ?getZName@UnDecorator@@CA?AVDName@@_N0@Z 0042d7f0 f   libvcruntimed:undname.obj
 0001:0002cbb0       ?haveTemplateParameters@UnDecorator@@SAHXZ 0042dbb0 f i libvcruntimed:undname.obj
 0001:0002cbd0       ?isArray@DName@@QBEHXZ     0042dbd0 f i libvcruntimed:undname.obj
 0001:0002cbf0       ?isComArray@DName@@QBEHXZ  0042dbf0 f i libvcruntimed:undname.obj
 0001:0002cc10       ?isEmpty@DName@@QBEHXZ     0042dc10 f i libvcruntimed:undname.obj
 0001:0002cc50       ?isFull@Replicator@@QBEHXZ 0042dc50 f i libvcruntimed:undname.obj
 0001:0002cc90       ?isNoTE@DName@@QBEHXZ      0042dc90 f i libvcruntimed:undname.obj
 0001:0002ccb0       ?isPinPtr@DName@@QBEHXZ    0042dcb0 f i libvcruntimed:undname.obj
 0001:0002ccd0       ?isPtrRef@DName@@QBEHXZ    0042dcd0 f i libvcruntimed:undname.obj
 0001:0002ccf0       ?isUDC@DName@@QBEHXZ       0042dcf0 f i libvcruntimed:undname.obj
 0001:0002cd40       ?isUDTThunk@DName@@QBEHXZ  0042dd40 f i libvcruntimed:undname.obj
 0001:0002cd90       ?isVCallThunk@DName@@QBEHXZ 0042dd90 f i libvcruntimed:undname.obj
 0001:0002cdb0       ?isValid@DName@@QBEHXZ     0042ddb0 f i libvcruntimed:undname.obj
 0001:0002cdf0       ?length@DName@@QBEHXZ      0042ddf0 f i libvcruntimed:undname.obj
 0001:0002ce40       ?length@DNameStatusNode@@UBEHXZ 0042de40 f i libvcruntimed:undname.obj
 0001:0002ce60       ?length@charNode@@UBEHXZ   0042de60 f i libvcruntimed:undname.obj
 0001:0002ce80       ?length@pDNameNode@@UBEHXZ 0042de80 f i libvcruntimed:undname.obj
 0001:0002cec0       ?length@pairNode@@UBEHXZ   0042dec0 f i libvcruntimed:undname.obj
 0001:0002cf50       ?length@pcharNode@@UBEHXZ  0042df50 f i libvcruntimed:undname.obj
 0001:0002cf70       ?make@DNameStatusNode@@SAPBV1@W4DNameStatus@@@Z 0042df70 f i libvcruntimed:undname.obj
 0001:0002cfb0       ?parseDecoratedName@UnDecorator@@CA?AVDName@@XZ 0042dfb0 f   libvcruntimed:undname.obj
 0001:0002d1a0       ?setIsArray@DName@@QAEXXZ  0042e1a0 f i libvcruntimed:undname.obj
 0001:0002d1d0       ?setIsComArray@DName@@QAEXXZ 0042e1d0 f i libvcruntimed:undname.obj
 0001:0002d200       ?setIsNoTE@DName@@QAEXXZ   0042e200 f i libvcruntimed:undname.obj
 0001:0002d230       ?setIsPinPtr@DName@@QAEXXZ 0042e230 f i libvcruntimed:undname.obj
 0001:0002d260       ?setIsUDC@DName@@QAEXXZ    0042e260 f i libvcruntimed:undname.obj
 0001:0002d2a0       ?setIsVCallThunk@DName@@QAEXXZ 0042e2a0 f i libvcruntimed:undname.obj
 0001:0002d2d0       ?setPtrRef@DName@@QAEAAV1@XZ 0042e2d0 f i libvcruntimed:undname.obj
 0001:0002d300       ?status@DName@@QBE?AW4DNameStatus@@XZ 0042e300 f i libvcruntimed:undname.obj
 0001:0002d420       ___unDName                 0042e420 f   libvcruntimed:undname.obj
 0001:0002d460       ___unDNameEx               0042e460 f   libvcruntimed:undname.obj
 0001:0002d560       __vsprintf_s_l             0042e560 f i libvcruntimed:undname.obj
 0001:0002d5c0       _sprintf_s                 0042e5c0 f i libvcruntimed:undname.obj
 0001:0002d610       _unDNameGenerateCHPE       0042e610 f   libvcruntimed:undname.obj
 0001:0002d6c0       __get_unexpected           0042e6c0 f   libvcruntimed:unexpected.obj
 0001:0002d6e0       _set_unexpected            0042e6e0 f   libvcruntimed:unexpected.obj
 0001:0002d720       _unexpected                0042e720 f   libvcruntimed:unexpected.obj
 0001:0002d760       _memmove                   0042e760 f   libvcruntimed:memmove.obj
 0001:0002de40       ?GetCurrentState@__FrameHandler3@@SAHPAUEHRegistrationNode@@PAXPBU_s_FuncInfo@@@Z 0042ee40 f   libvcruntimed:ehstate.obj
 0001:0002de80       ?SetState@__FrameHandler3@@SAXPAUEHRegistrationNode@@PBU_s_FuncInfo@@H@Z 0042ee80 f   libvcruntimed:ehstate.obj
 0001:0002dea0       ___DestructExceptionObject 0042eea0 f   libvcruntimed:ehhelpers.obj
 0001:0002e020       ?_CallMemberFunction0@@YGXQAX0@Z 0042f020 f i libvcruntimed:ehhelpers.obj
 0001:0002e040       ?raw_name@type_info@@QBEPBDXZ 0042f040 f i libvcruntimed:ehhelpers.obj
 0001:0002e060       __IsExceptionObjectToBeDestroyed 0042f060 f   libvcruntimed:ehhelpers.obj
 0001:0002e0b0       __SetWinRTOutOfMemoryExceptionCallback 0042f0b0 f   libvcruntimed:ehhelpers.obj
 0001:0002e0c0       ___AdjustPointer           0042f0c0 f   libvcruntimed:ehhelpers.obj
 0001:0002e120       ___FrameUnwindFilter       0042f120 f   libvcruntimed:ehhelpers.obj
 0001:0002e1b0       ___GetPlatformExceptionInfo 0042f1b0 f   libvcruntimed:ehhelpers.obj
 0001:0002e250       ___current_exception       0042f250 f   libvcruntimed:ehhelpers.obj
 0001:0002e260       ___current_exception_context 0042f260 f   libvcruntimed:ehhelpers.obj
 0001:0002e270       ___processing_throw        0042f270 f   libvcruntimed:ehhelpers.obj
 0001:0002e280       ___std_terminate           0042f280 f   libvcruntimed:ehhelpers.obj
 0001:0002e290       __is_exception_typeof      0042f290 f   libvcruntimed:ehhelpers.obj
 0001:0002e3a0       __global_unwind2           0042f3a0 f   libvcruntimed:exsup.obj
 0001:0002e406       __local_unwind2            0042f406 f   libvcruntimed:exsup.obj
[...]
 0002:00029cf8       __sehtable$__expand_dbg    004e5cf8     libucrtd:debug_heap.obj
 0002:00029d18       __sehtable$__free_dbg      004e5d18     libucrtd:debug_heap.obj
 0002:00029d38       __sehtable$__msize_dbg     004e5d38     libucrtd:debug_heap.obj
 0002:00029d58       __sehtable$__realloc_dbg   004e5d58     libucrtd:debug_heap.obj
 0002:00029d78       __sehtable$?is_bad_read_pointer@@YA_NQBXI@Z 004e5d78     libucrtd:debug_heap.obj
 0002:00029d98       __sehtable$?validate_heap_if_required_nolock@@YAXXZ 004e5d98     libucrtd:debug_heap.obj
 0002:00029db8       __sehtable$?heap_alloc_dbg_internal@@YAPAXIHQBDH@Z 004e5db8     libucrtd:debug_heap.obj
 0002:00029dd8       __sehtable$__CrtSetDbgBlockType 004e5dd8     libucrtd:debug_heap.obj
 0002:00029df8       __sehtable$_terminate      004e5df8     libucrtd:terminate.obj
 0002:00029e18       __sehtable$??$?RV<lambda_b3f2a7703f147ea4aca55ed56acde2ed>@@AAV<lambda_a222bbfdcf97c91f7d8030c20e23060e>@@V<lambda_069423356000c0f10f5fe96ac65db66d>@@@?$__crt_seh_guarded_call@H@@QAEH$$QAV<lambda_b3f2a7703f147ea4aca55ed56acde2ed>@@AAV<lambda_a222bbfdcf97c91f7d8030c20e23060e>@@$$QAV<lambda_069423356000c0f10f5fe96ac65db66d>@@@Z 004e5e18     libucrtd:dbgrpt.obj
 0002:00029e38       __sehtable$??$?RV<lambda_6b91fda0574d829f36484cbf4428f79d>@@AAV<lambda_a6a20e8ed7c4ffd287162f70e68c8000>@@V<lambda_6f6612a01283b279e88a3dda7d7a9d30>@@@?$__crt_seh_guarded_call@H@@QAEH$$QAV<lambda_6b91fda0574d829f36484cbf4428f79d>@@AAV<lambda_a6a20e8ed7c4ffd287162f70e68c8000>@@$$QAV<lambda_6f6612a01283b279e88a3dda7d7a9d30>@@@Z 004e5e38     libucrtd:dbgrpt.obj
 0002:00029e58       __sehtable$??$?RV<lambda_15ade71b0218206bbe3333a0c9b79046>@@AAV<lambda_da44e0f8b0f19ba52fefafb335991732>@@V<lambda_207f2d024fc103971653565357d6cd41>@@@?$__crt_seh_guarded_call@X@@QAEX$$QAV<lambda_15ade71b0218206bbe3333a0c9b79046>@@AAV<lambda_da44e0f8b0f19ba52fefafb335991732>@@$$QAV<lambda_207f2d024fc103971653565357d6cd41>@@@Z 004e5e58     libucrtd:per_thread_data.obj
 0002:00029e78       __sehtable$??$?RV<lambda_a7e850c220f1c8d1e6efeecdedd162c6>@@AAV<lambda_46720907175c18b6c9d2717bc0d2d362>@@V<lambda_9048902d66e8d99359bc9897bbb930a8>@@@?$__crt_seh_guarded_call@X@@QAEX$$QAV<lambda_a7e850c220f1c8d1e6efeecdedd162c6>@@AAV<lambda_46720907175c18b6c9d2717bc0d2d362>@@$$QAV<lambda_9048902d66e8d99359bc9897bbb930a8>@@@Z 004e5e78     libucrtd:per_thread_data.obj
 0002:00029e98       __sehtable$??$?RV<lambda_eb0e2b1d104b126d27395a74edba6f03>@@AAV<lambda_d51eb34c9f7d53dbc39f6b791b6a3e42>@@V<lambda_f7564ebddb1f0eaf818ab6f3eade8363>@@@?$__crt_seh_guarded_call@X@@QAEX$$QAV<lambda_eb0e2b1d104b126d27395a74edba6f03>@@AAV<lambda_d51eb34c9f7d53dbc39f6b791b6a3e42>@@$$QAV<lambda_f7564ebddb1f0eaf818ab6f3eade8363>@@@Z 004e5e98     libucrtd:per_thread_data.obj
 0002:00029eb8       __sehtable$??$?RV<lambda_6affb1475c98b40b75cdec977db92e3c>@@AAV<lambda_b8d4b9c228a6ecc3f80208dbb4b4a104>@@V<lambda_608742c3c92a14382c1684fc64f96c88>@@@?$__crt_seh_guarded_call@X@@QAEX$$QAV<lambda_6affb1475c98b40b75cdec977db92e3c>@@AAV<lambda_b8d4b9c228a6ecc3f80208dbb4b4a104>@@$$QAV<lambda_608742c3c92a14382c1684fc64f96c88>@@@Z 004e5eb8     libucrtd:per_thread_data.obj
 0002:00029ed8       __unwindtable$?fp_format_a@@YAHQBNPADIQADIH_NIQAU__crt_locale_pointers@@@Z 004e5ed8     libucrtd:cvt.obj
 0002:00029ee0       __ehfuncinfo$?fp_format_a@@YAHQBNPADIQADIH_NIQAU__crt_locale_pointers@@@Z 004e5ee0     libucrtd:cvt.obj
 0002:00029f08       __sehtable$_fputwc         004e5f08     libucrtd:fputwc.obj
 0002:00029f28       __sehtable$_fputc          004e5f28     libucrtd:fputc.obj
 0002:00029f48       __sehtable$___acrt_initialize_lowio 004e5f48     libucrtd:ioinit.obj
 0002:00029f68       __sehtable$??$?RV<lambda_e683defbe2e5a27c42b5544acbb13393>@@AAV<lambda_4e7105787b7b0e0227fbf2b2d883fa65>@@V<lambda_80a887151cae997482d53eaa74bb832b>@@@?$__crt_seh_guarded_call@H@@QAEH$$QAV<lambda_e683defbe2e5a27c42b5544acbb13393>@@AAV<lambda_4e7105787b7b0e0227fbf2b2d883fa65>@@$$QAV<lambda_80a887151cae997482d53eaa74bb832b>@@@Z 004e5f68     libucrtd:close.obj
 0002:00029f88       __sehtable$?__acrt_stdio_allocate_stream@@YA?AV__crt_stdio_stream@@XZ 004e5f88     libucrtd:stream.obj
 0002:00029fa8       __sehtable$??$?RV<lambda_2866be3712abc81a800a822484c830d8>@@AAV<lambda_39ca0ed439415581b5b15c265174cece>@@V<lambda_2b24c74d71094a6cd0cb82e44167d71b>@@@?$__crt_seh_guarded_call@X@@QAEX$$QAV<lambda_2866be3712abc81a800a822484c830d8>@@AAV<lambda_39ca0ed439415581b5b15c265174cece>@@$$QAV<lambda_2b24c74d71094a6cd0cb82e44167d71b>@@@Z 004e5fa8     libucrtd:fflush.obj
 0002:00029fc8       __sehtable$??$?RV<lambda_2cc53f568c5a2bb6f192f930a45d44ea>@@AAV<lambda_ab61a845afdef5b7c387490eaf3616ee>@@V<lambda_c2ffc0b7726aa6be21d5f0026187e748>@@@?$__crt_seh_guarded_call@X@@QAEX$$QAV<lambda_2cc53f568c5a2bb6f192f930a45d44ea>@@AAV<lambda_ab61a845afdef5b7c387490eaf3616ee>@@$$QAV<lambda_c2ffc0b7726aa6be21d5f0026187e748>@@@Z 004e5fc8     libucrtd:fflush.obj
 0002:00029fe8       __sehtable$??$?RV<lambda_6d20deecaf4856105ebacbad442d1079>@@AAV<lambda_9a32fed5bf61b6b509b2d3f6003082a1>@@V<lambda_63ea2239ed67c638ddbae41947fdf875>@@@?$__crt_seh_guarded_call@H@@QAEH$$QAV<lambda_6d20deecaf4856105ebacbad442d1079>@@AAV<lambda_9a32fed5bf61b6b509b2d3f6003082a1>@@$$QAV<lambda_63ea2239ed67c638ddbae41947fdf875>@@@Z 004e5fe8     libucrtd:fflush.obj
 0002:0002a008       __sehtable$__read          004e6008     libucrtd:read.obj
 0002:0002a028       __sehtable$__write         004e6028     libucrtd:write.obj
 0002:0002a048       __sehtable$??$?RV<lambda_17c4e7ff7f442731b1cde60a93c62b87>@@AAV<lambda_3aae883670d60947a98255ae2090162b>@@V<lambda_4bd9fcf6b31ca5d12e1fb858222d6f52>@@@?$__crt_seh_guarded_call@H@@QAEH$$QAV<lambda_17c4e7ff7f442731b1cde60a93c62b87>@@AAV<lambda_3aae883670d60947a98255ae2090162b>@@$$QAV<lambda_4bd9fcf6b31ca5d12e1fb858222d6f52>@@@Z 004e6048     libucrtd:setvbuf.obj
 0002:0002a068       __sehtable$_signal         004e6068     libucrtd:signal.obj
 0002:0002a088       __sehtable$_raise          004e6088     libucrtd:signal.obj
 0002:0002a0a8       __sehtable$?ctrlevent_capture@@YGHK@Z 004e60a8     libucrtd:signal.obj
 0002:0002a0c8       __sehtable$??$?RV<lambda_cbab9ec6f41b0180b23cc171c22676b0>@@AAV<lambda_44731a7d0e6d81c3e6aa82d741081786>@@V<lambda_4b292cb8dd18144e164572427af410ab>@@@?$__crt_seh_guarded_call@P6AXH@Z@@QAEP6AXH@Z$$QAV<lambda_cbab9ec6f41b0180b23cc171c22676b0>@@AAV<lambda_44731a7d0e6d81c3e6aa82d741081786>@@$$QAV<lambda_4b292cb8dd18144e164572427af410ab>@@@Z 004e60c8     libucrtd:signal.obj
 0002:0002a0e8       __sehtable$??$?RV<lambda_93797fb4802c957ba6a7f08e1250235b>@@AAV<lambda_1f3ce6bd48e0aa2e72a71c02eee379d3>@@V<lambda_56cae30c9364c9b6c15aeaac05d0418e>@@@?$__crt_seh_guarded_call@H@@QAEH$$QAV<lambda_93797fb4802c957ba6a7f08e1250235b>@@AAV<lambda_1f3ce6bd48e0aa2e72a71c02eee379d3>@@$$QAV<lambda_56cae30c9364c9b6c15aeaac05d0418e>@@@Z 004e60e8     libucrtd:winapi_thunks.obj
 0002:0002a108       __sehtable$__fcloseall     004e6108     libucrtd:closeall.obj
 0002:0002a128       __sehtable$___set_fpsr_sse2 004e6128     libucrtd:fpctrl.obj
 0002:0002a148       __sehtable$?update_thread_multibyte_data_internal@@YAPAU__crt_multibyte_data@@QAU__acrt_ptd@@QAPAU1@@Z 004e6148     libucrtd:mbctype.obj
 0002:0002a168       __sehtable$??$?RV<lambda_b5fb591949065c3fa449bad279e8c939>@@AAV<lambda_6c10a39a819b864ce80acc26b314dcd3>@@V<lambda_e567670a9eae49807d365f3e9c117712>@@@?$__crt_seh_guarded_call@X@@QAEX$$QAV<lambda_b5fb591949065c3fa449bad279e8c939>@@AAV<lambda_6c10a39a819b864ce80acc26b314dcd3>@@$$QAV<lambda_e567670a9eae49807d365f3e9c117712>@@@Z 004e6168     libucrtd:mbctype.obj
 0002:0002a188       __sehtable$__open_osfhandle 004e6188     libucrtd:osfinfo.obj
 0002:0002a1a8       __sehtable$__alloc_osfhnd  004e61a8     libucrtd:osfinfo.obj
 0002:0002a1c8       __sehtable$___acrt_lowio_ensure_fh_exists 004e61c8     libucrtd:osfinfo.obj
 0002:0002a1e8       __sehtable$___acrt_update_thread_locale_data 004e61e8     libucrtd:locale_refcounting.obj
 0002:0002a208       __sehtable$__VCrtDbgReportA 004e6208     libucrtd:dbgrptt.obj
 0002:0002a238       __sehtable$__VCrtDbgReportW 004e6238     libucrtd:dbgrptt.obj
 0002:0002a268       __sehtable$??$?RV<lambda_73934b50d04267ee15484ada9e51f93a>@@AAV<lambda_5533cddd4bda0037814beee657757329>@@V<lambda_505f522a38cc75b1e009910344c75d09>@@@?$__crt_seh_guarded_call@H@@QAEH$$QAV<lambda_73934b50d04267ee15484ada9e51f93a>@@AAV<lambda_5533cddd4bda0037814beee657757329>@@$$QAV<lambda_505f522a38cc75b1e009910344c75d09>@@@Z 004e6268     libucrtd:commit.obj
 0002:0002a288       __sehtable$??$common_open@D@@YAHQBDHH@Z 004e6288     libucrtd:open.obj
 0002:0002a2a8       __sehtable$??$common_open@_W@@YAHQB_WHH@Z 004e62a8     libucrtd:open.obj
 0002:0002a2c8       __sehtable$??$common_sopen_dispatch@D@@YAHQBDHHHQAHH@Z 004e62c8     libucrtd:open.obj
 0002:0002a2e8       __sehtable$??$common_sopen_dispatch@_W@@YAHQB_WHHHQAHH@Z 004e62e8     libucrtd:open.obj
 0002:0002a308       __ehfuncinfo$??1?$__crt_win32_buffer@_WU__crt_win32_buffer_internal_dynamic_resizing@@@@QAE@XZ 004e6308     libucrtd:open.obj
 0002:0002a330       __sehtable$??$common_lseek@J@@YAJHJH@Z 004e6330     libucrtd:lseek.obj
 0002:0002a350       __sehtable$??$common_lseek@_J@@YA_JH_JH@Z 004e6350     libucrtd:lseek.obj
 0002:0002a370       __sehtable$??$?RV<lambda_f828341fbe69b7c0d4c527b01f22877f>@@AAV<lambda_9e0b6ab72a5b3ae37ad997d08b519f50>@@V<lambda_f01deac0a8d65d6e0411edf7e0af5775>@@@?$__crt_seh_guarded_call@G@@QAEG$$QAV<lambda_f828341fbe69b7c0d4c527b01f22877f>@@AAV<lambda_9e0b6ab72a5b3ae37ad997d08b519f50>@@$$QAV<lambda_f01deac0a8d65d6e0411edf7e0af5775>@@@Z 004e6370     libucrtd:putwch.obj
 0002:0002a390       __unwindtable$?shortsort@@YAXPAD0IP6AHPBX1@Z@Z 004e6390     libucrtd:qsort.obj
 0002:0002a398       __ehfuncinfo$?shortsort@@YAXPAD0IP6AHPBX1@Z@Z 004e6398     libucrtd:qsort.obj
 0002:0002a3c0       __ehfuncinfo$??1?$__crt_win32_buffer@DU__crt_win32_buffer_no_resizing@@@@QAE@XZ 004e63c0     libucrtd:findnextfilea.obj
 0002:0002a3e8       __unwindtable$?_wcstombs_l_helper@@YAIPADPB_WIPAU__crt_locale_pointers@@@Z 004e63e8     libucrtd:wcstombs.obj
 0002:0002a3f0       __ehfuncinfo$?_wcstombs_l_helper@@YAIPADPB_WIPAU__crt_locale_pointers@@@Z 004e63f0     libucrtd:wcstombs.obj
 0002:0002a418       __sehtable$??$?RV<lambda_ac3d7779b8d7d49a5360228aa6468071>@@AAV<lambda_b1e214002d83f0fa273391baf2030f5b>@@V<lambda_9097b8fcd9dc7a902bc698871afe1982>@@@?$__crt_seh_guarded_call@H@@QAEH$$QAV<lambda_ac3d7779b8d7d49a5360228aa6468071>@@AAV<lambda_b1e214002d83f0fa273391baf2030f5b>@@$$QAV<lambda_9097b8fcd9dc7a902bc698871afe1982>@@@Z 004e6418     libucrtd:chsize.obj
 0002:0002a438       __sehtable$__IsNonwritableInCurrentImage 004e6438     LIBCMTD:pesect.obj
 0003:00000000       ?gPlaneData@@3PAMA         004e7000     DrawObjects.obj
 0003:00000090       ?gCylinderData@@3PAMA      004e7090     DrawObjects.obj
 0003:00000300       ?gCylinderDataCapsTop@@3PAMA 004e7300     DrawObjects.obj
 0003:00000660       ?gCylinderDataCapsBottom@@3PAMA 004e7660     DrawObjects.obj
 0003:0000a7d8       ?searchPathArray@@3PAPBDA  004f17d8     MediaPath_WIN.obj
 0003:0000a870       ?__vcrt_flsindex@@3KA      004f1870     libvcruntimed:per_thread_data.obj
 0003:0000a96c       __ctype_loc_style          004f196c     libucrtd:wsetlocale.obj
 0003:0000a970       ?__acrt_current_request_number@@3JA 004f1970     libucrtd:debug_heap.obj
 0003:0000a980       ?__acrt_debug_fill_threshold@@3IA 004f1980     libucrtd:debug_fill_threshold.obj
 0003:0000a984       ?errno_no_memory@@3HA      004f1984     libucrtd:errno.obj
 0003:0000a988       ?doserrno_no_memory@@3KA   004f1988     libucrtd:errno.obj
 0003:0000a98c       ?__acrt_flsindex@@3KA      004f198c     libucrtd:per_thread_data.obj
 0003:0000abf4       ?__DAZ_ENABLED@?1??__set_fpsr_sse2@@9@9 004f1bf4     libucrtd:fpctrl.obj
 0003:0000ae88       __mbctypes                 004f1e88     libucrtd:mbctype.obj
 0003:0000afc0       __mbcasemaps               004f1fc0     libucrtd:mbctype.obj
 0003:0000b0f4       ?__rgctypeflag@@3PADA      004f20f4     libucrtd:mbctype.obj
 0003:0000b0f8       ?__rgcode_page_info@@3PAUcode_page_info@@A 004f20f8     libucrtd:mbctype.obj
 0003:0000b2c0       ?__dcrt_lowio_console_output_handle@@3PAXA 004f22c0     libucrtd:initcon.obj
 0003:0000b7f0       ?iBufferSize@?1??DrawTriangleList@@YAXHPAU_Triangle@@PAVNxVec3@@@Z@4HA 004f27f0     DrawObjects.obj
 0003:0000b7f4       ?pfVertexBuffer@?1??DrawTriangleList@@YAXHPAU_Triangle@@PAVNxVec3@@@Z@4PAMA 004f27f4     DrawObjects.obj
 0003:0000b7f8       ?pfNormalBuffer@?1??DrawTriangleList@@YAXHPAU_Triangle@@PAVNxVec3@@@Z@4PAMA 004f27f8     DrawObjects.obj
 0003:0000b818       ?previousTime@?1??getElapsedTime@@YAMXZ@4T_LARGE_INTEGER@@A 004f2818     Timing_WIN.obj
 0003:0000b828       ?freq@?1??getElapsedTime@@YAMXZ@4T_LARGE_INTEGER@@A 004f2828     Timing_WIN.obj
 0003:0000b831       ?init@?1??getElapsedTime@@YAMXZ@4_NA 004f2831     Timing_WIN.obj
 0003:0000b9fc       ?is_initialized_as_dll@@3_NA 004f29fc     LIBCMTD:utility.obj
 0003:0000b9fd       ?module_local_atexit_table_initialized@@3_NA 004f29fd     LIBCMTD:utility.obj
 0003:0000ba00       ?module_local_atexit_table@@3U_onexit_table_t@@A 004f2a00     LIBCMTD:utility.obj
 0003:0000ba0c       ?module_local_at_quick_exit_table@@3U_onexit_table_t@@A 004f2a0c     LIBCMTD:utility.obj
 0003:0000ba20       _GS_ExceptionRecord        004f2a20     LIBCMTD:gs_report.obj
 0003:0000ba70       _GS_ContextRecord          004f2a70     LIBCMTD:gs_report.obj
 0003:0000be0c       ?__vcrt_startup_thread_ptd@@3U__vcrt_ptd@@A 004f2e0c     libvcruntimed:per_thread_data.obj
 0003:0000be40       ___vcrt_lock_table         004f2e40     libvcruntimed:locks.obj
 0003:0000be58       ___vcrt_locks_initialized  004f2e58     libvcruntimed:locks.obj
 0003:0000be64       ?module_handles@@3PAPAUHINSTANCE__@@A 004f2e64     libvcruntimed:winapi_downlevel.obj
 0003:0000be70       ?encoded_function_pointers@@3PAPAXA 004f2e70     libvcruntimed:winapi_downlevel.obj
 0003:0000beb4       ?heap@@3V_HeapManager@@A   004f2eb4     libvcruntimed:undname.obj
 0003:0000bed8       ?buf@?1??dbGetString@DName@@QBEPADXZ@4PADA 004f2ed8     libvcruntimed:undname.obj
 0003:0000bf4c       ?c_termination_complete@@3JA 004f2f4c     libucrtd:exit.obj
 0003:0000bf50       ?thread_local_exit_callback_func@@3P6GXPAXK0@ZA 004f2f50     libucrtd:exit.obj
 0003:0000bf58       ?__acrt_new_handler@@3V?$dual_state_global@P6AHI@Z@__crt_state_management@@A 004f2f58     libucrtd:new_handler.obj
 0003:0000bf60       ?program_name@?1???$common_configure_argv@D@@YAHW4_crt_argv_mode@@@Z@4PADA 004f2f60     libucrtd:argv_parsing.obj
 0003:0000c0a0       ?program_name@?1???$common_configure_argv@_W@@YAHW4_crt_argv_mode@@@Z@4PA_WA 004f30a0     libucrtd:argv_parsing.obj
 0003:0000c348       ?__acrt_app_type@@3W4_crt_app_type@@A 004f3348     libucrtd:report_runtime_error.obj
 0003:0000c350       ?outmsg@?9??__acrt_report_runtime_error@@9@4PA_WA 004f3350     libucrtd:report_runtime_error.obj
 0003:0000cab4       ?user_matherr@@3V?$dual_state_global@P6AHPAU_exception@@@Z@__crt_state_management@@A 004f3ab4     libucrtd:matherr.obj
 0003:0000cad8       ?__acrt_global_new_mode@@3V?$dual_state_global@J@__crt_state_management@@A 004f3ad8     libucrtd:new_mode.obj
 0003:0000cae0       ?__acrt_first_block@@3PAU_CrtMemBlockHeader@@A 004f3ae0     libucrtd:debug_heap.obj
 0003:0000cae4       ?__acrt_last_block@@3PAU_CrtMemBlockHeader@@A 004f3ae4     libucrtd:debug_heap.obj
 0003:0000cae8       ?__acrt_total_allocations@@3IA 004f3ae8     libucrtd:debug_heap.obj
 0003:0000caec       ?__acrt_current_allocations@@3IA 004f3aec     libucrtd:debug_heap.obj
 0003:0000caf0       ?__acrt_max_allocations@@3IA 004f3af0     libucrtd:debug_heap.obj
 0003:0000caf4       ?__acrt_check_frequency@@3IA 004f3af4     libucrtd:debug_heap.obj
 0003:0000caf8       ?__acrt_check_counter@@3IA 004f3af8     libucrtd:debug_heap.obj
 0003:0000cb00       ?heap_validation_pending@@3_NA 004f3b00     libucrtd:debug_heap.obj
 0003:0000cb04       ?__acrt_invalid_parameter_handler@@3V?$dual_state_global@P6AXPB_W00II@Z@__crt_state_management@@A 004f3b04     libucrtd:invalid_parameter.obj
 0003:0000cb08       ?internal_state@?1??_mbtowc_l@@9@4U_Mbstatet@@A 004f3b08     libucrtd:mbtowc.obj
 0003:0000cb14       ?enable_percent_n@@3IA     004f3b14     libucrtd:printf_count_output.obj
 0003:0000cd94       ___acrt_error_mode         004f3d94     libucrtd:set_error_mode.obj
 0003:0000cd98       ?console_ctrl_handler_installed@@3_NA 004f3d98     libucrtd:signal.obj
 0003:0000cd9c       ?ctrlc_action@@3V?$dual_state_global@P6AXH@Z@__crt_state_management@@A 004f3d9c     libucrtd:signal.obj
 0003:0000cda0       ?ctrlbreak_action@@3V?$dual_state_global@P6AXH@Z@__crt_state_management@@A 004f3da0     libucrtd:signal.obj
 0003:0000cda4       ?abort_action@@3V?$dual_state_global@P6AXH@Z@__crt_state_management@@A 004f3da4     libucrtd:signal.obj
 0003:0000cda8       ?term_action@@3V?$dual_state_global@P6AXH@Z@__crt_state_management@@A 004f3da8     libucrtd:signal.obj
 0003:0000cdb0       ?module_handles@@3PAPAUHINSTANCE__@@A 004f3db0     libucrtd:winapi_thunks.obj
 0003:0000ce00       ?encoded_function_pointers@@3PAPAXA 004f3e00     libucrtd:winapi_thunks.obj
 0003:0000ceb4       ?static_enum_proc@?1??enum_system_locales_ex_nolock@@YAHQ6GHPA_WKJ@Z@Z@4P6GH0KJ@ZA 004f3eb4     libucrtd:winapi_thunks.obj
 0003:0000ceb8       ?__acrt_lock_table@@3PAU_RTL_CRITICAL_SECTION@@A 004f3eb8     libucrtd:locks.obj
 0003:0000d008       ?__acrt_locks_initialized@@3IA 004f4008     libucrtd:locks.obj
 0003:0000d050       ?state_cache@?1???$get_cached_win_policy@Ubegin_thread_init_policy_properties@?1??__acrt_get_begin_thread_init_policy@@YA?AW4begin_thread_init_policy@@XZ@@@YA?AW4begin_thread_init_policy@@W4AppPolicyThreadInitializationType@@@Z@4JA 004f4050     libucrtd:win_policies.obj
 0003:0000d054       ?state_cache@?1???$get_cached_win_policy@Udeveloper_information_policy_properties@?1??__acrt_get_developer_information_policy@@YA?AW4developer_information_policy@@XZ@@@YA?AW4developer_information_policy@@W4AppPolicyShowDeveloperDiagnostic@@@Z@4JA 004f4054     libucrtd:win_policies.obj
 0003:0000d058       ?state_cache@?1???$get_cached_win_policy@Uwindowing_model_policy_properties@?1??__acrt_get_windowing_model_policy@@YA?AW4windowing_model_policy@@XZ@@@YA?AW4windowing_model_policy@@W4AppPolicyWindowingModel@@@Z@4JA 004f4058     libucrtd:win_policies.obj
 0003:0000d068       ?fSystemSet@@3HA           004f4068     libucrtd:mbctype.obj
 0003:0000d06f       ?initialized@?1??__acrt_initialize_multibyte@@9@4_NA 004f406f     libucrtd:mbctype.obj
 0003:0000d094       ?mbst@?1??mbrlen@@9@4U_Mbstatet@@A 004f4094     libucrtd:mbrtowc.obj
 0003:0000d0a0       ?mbst@?1??mbrtowc@@9@4U_Mbstatet@@A 004f40a0     libucrtd:mbrtowc.obj
 0003:0000d0ac       ?mbst@?1??_mbsrtowcs_helper@@YAIPA_WPAPBDIPAU_Mbstatet@@@Z@4U2@A 004f40ac     libucrtd:mbrtowc.obj
 0003:0000d0b8       ?internal_pst@?1??__mbrtoc32_utf8@__crt_mbstring@@YAIPA_UPBDIPAU_Mbstatet@@@Z@4U3@A 004f40b8     libucrtd:mbrtoc32.obj
 0003:0000d0c8       __pmatherr_set             004f40c8     libucrtd:libm_error.obj
 0003:0000d0cc       ?internal_pst@?1??__c16rtomb_utf8@__crt_mbstring@@YAIPAD_SPAU_Mbstatet@@@Z@4U3@A 004f40cc     libucrtd:c16rtomb.obj
 0004:000008aa       .idata$6                   004f58aa     PhysXLoader:PhysXLoader.dll
 0004:000008f0       .idata$6                   004f58f0     PhysXCooking:PhysXCooking.dll
 0004:0000097e       .idata$6                   004f597e     kernel32:KERNEL32.dll
 0004:00000af0       .idata$6                   004f5af0     glut32:glut32.dll
 0004:00000b0a       .idata$6                   004f5b0a     winmm:WINMM.dll
 0004:00000cf0       .idata$6                   004f5cf0     opengl32:OPENGL32.dll
 0004:00000d1c       .idata$6                   004f5d1c     glu32:GLU32.dll
 0006:00000170       $R000000                   004f8170     * linker generated manifest res *
